core_cm3.h:1511:22:__NVIC_EnableIRQ	16	static
core_cm3.h:1639:22:__NVIC_SetPriority	16	static
Configuration.h:22:6:delay	24	static
Configuration.h:27:6:displaySPI2_Init	4	static
Configuration.h:57:6:SPI2_Write	16	static
Configuration.h:64:6:display_cmd	16	static
Configuration.h:68:6:display_data	16	static
Configuration.h:72:6:display_Init	8	static
Configuration.h:82:6:display_light_on	4	static
Configuration.h:90:6:display_light_off	4	static
Configuration.h:93:6:display_setpos	16	static
Configuration.h:97:6:display_clear	16	static
Configuration.h:104:6:flash_unlock	4	static
Configuration.h:108:6:flash_lock	4	static
Configuration.h:112:6:flash_erase_page	16	static
Configuration.h:127:6:flash_write	32	static
Configuration.h:147:6:flash_read	16	static
Configuration.h:151:6:IntToChar	16	static
Configuration.h:164:5:CharToInt	24	static
Configuration.h:175:7:distance	56	static
Configuration.h:200:6:ConvertToXY	128	static
Configuration.h:272:5:DirectionalAngle	56	static
Configuration.h:303:6:printchar	24	static
Configuration.h:314:6:printstring	16	static
Configuration.h:321:6:printstring_at	16	static
Configuration.h:329:6:FullVoltage	8	static
Configuration.h:346:6:MediumVoltage	8	static
Configuration.h:363:6:LowVoltage	8	static
Configuration.h:379:6:NoVoltage	8	static
Configuration.h:396:6:printArrow	24	static
main.c:46:5:main	8	static
main.c:69:6:initLed	4	static
main.c:82:6:initBtn1	8	static
main.c:101:6:initBtn2	8	static
main.c:120:6:initBtn3	8	static
main.c:138:6:initBtn4	8	static
main.c:157:6:EXTI9_5_IRQHandler	104	static
main.c:426:6:EXTI4_IRQHandler	8	static
main.c:466:6:EXTI3_IRQHandler	8	static
main.c:480:6:USART1_Init	8	static
main.c:501:6:USART2_Init	8	static
main.c:521:6:USART2_IRQHandler	16	static
main.c:534:6:USART1_IRQHandler	16	static
main.c:548:6:TxStr	32	static
main.c:556:6:Comm_handler	40	static
main.c:661:6:ADC_init	4	static
main.c:680:10:StartConvADC	4	static
main.c:688:6:CheckVoltage	16	static
