Archive member included to satisfy reference by file (symbol)

/Applications/STM32CubeIDE.app/Contents/Eclipse/plugins/com.st.stm32cube.ide.mcu.externaltools.gnu-tools-for-stm32.7-2018-q2-update.macos64_1.5.0.202011040924/tools/bin/../lib/gcc/arm-none-eabi/7.3.1/../../../../arm-none-eabi/lib/thumb/v7-m/libc_nano.a(lib_a-errno.o)
                              Core/Src/syscalls.o (__errno)
/Applications/STM32CubeIDE.app/Contents/Eclipse/plugins/com.st.stm32cube.ide.mcu.externaltools.gnu-tools-for-stm32.7-2018-q2-update.macos64_1.5.0.202011040924/tools/bin/../lib/gcc/arm-none-eabi/7.3.1/../../../../arm-none-eabi/lib/thumb/v7-m/libc_nano.a(lib_a-exit.o)
                              /Applications/STM32CubeIDE.app/Contents/Eclipse/plugins/com.st.stm32cube.ide.mcu.externaltools.gnu-tools-for-stm32.7-2018-q2-update.macos64_1.5.0.202011040924/tools/bin/../lib/gcc/arm-none-eabi/7.3.1/../../../../arm-none-eabi/lib/thumb/v7-m/crt0.o (exit)
/Applications/STM32CubeIDE.app/Contents/Eclipse/plugins/com.st.stm32cube.ide.mcu.externaltools.gnu-tools-for-stm32.7-2018-q2-update.macos64_1.5.0.202011040924/tools/bin/../lib/gcc/arm-none-eabi/7.3.1/../../../../arm-none-eabi/lib/thumb/v7-m/libc_nano.a(lib_a-impure.o)
                              /Applications/STM32CubeIDE.app/Contents/Eclipse/plugins/com.st.stm32cube.ide.mcu.externaltools.gnu-tools-for-stm32.7-2018-q2-update.macos64_1.5.0.202011040924/tools/bin/../lib/gcc/arm-none-eabi/7.3.1/../../../../arm-none-eabi/lib/thumb/v7-m/libc_nano.a(lib_a-exit.o) (_global_impure_ptr)
/Applications/STM32CubeIDE.app/Contents/Eclipse/plugins/com.st.stm32cube.ide.mcu.externaltools.gnu-tools-for-stm32.7-2018-q2-update.macos64_1.5.0.202011040924/tools/bin/../lib/gcc/arm-none-eabi/7.3.1/../../../../arm-none-eabi/lib/thumb/v7-m/libc_nano.a(lib_a-init.o)
                              /Applications/STM32CubeIDE.app/Contents/Eclipse/plugins/com.st.stm32cube.ide.mcu.externaltools.gnu-tools-for-stm32.7-2018-q2-update.macos64_1.5.0.202011040924/tools/bin/../lib/gcc/arm-none-eabi/7.3.1/../../../../arm-none-eabi/lib/thumb/v7-m/crt0.o (__libc_init_array)
/Applications/STM32CubeIDE.app/Contents/Eclipse/plugins/com.st.stm32cube.ide.mcu.externaltools.gnu-tools-for-stm32.7-2018-q2-update.macos64_1.5.0.202011040924/tools/bin/../lib/gcc/arm-none-eabi/7.3.1/../../../../arm-none-eabi/lib/thumb/v7-m/libc_nano.a(lib_a-itoa.o)
                              Core/Src/main.o (itoa)
/Applications/STM32CubeIDE.app/Contents/Eclipse/plugins/com.st.stm32cube.ide.mcu.externaltools.gnu-tools-for-stm32.7-2018-q2-update.macos64_1.5.0.202011040924/tools/bin/../lib/gcc/arm-none-eabi/7.3.1/../../../../arm-none-eabi/lib/thumb/v7-m/libc_nano.a(lib_a-memcpy-stub.o)
                              Middlewares/Third_Party/FreeRTOS/Source/queue.o (memcpy)
/Applications/STM32CubeIDE.app/Contents/Eclipse/plugins/com.st.stm32cube.ide.mcu.externaltools.gnu-tools-for-stm32.7-2018-q2-update.macos64_1.5.0.202011040924/tools/bin/../lib/gcc/arm-none-eabi/7.3.1/../../../../arm-none-eabi/lib/thumb/v7-m/libc_nano.a(lib_a-memset.o)
                              /Applications/STM32CubeIDE.app/Contents/Eclipse/plugins/com.st.stm32cube.ide.mcu.externaltools.gnu-tools-for-stm32.7-2018-q2-update.macos64_1.5.0.202011040924/tools/bin/../lib/gcc/arm-none-eabi/7.3.1/../../../../arm-none-eabi/lib/thumb/v7-m/crt0.o (memset)
/Applications/STM32CubeIDE.app/Contents/Eclipse/plugins/com.st.stm32cube.ide.mcu.externaltools.gnu-tools-for-stm32.7-2018-q2-update.macos64_1.5.0.202011040924/tools/bin/../lib/gcc/arm-none-eabi/7.3.1/../../../../arm-none-eabi/lib/thumb/v7-m/libc_nano.a(lib_a-sprintf.o)
                              Middlewares/Third_Party/FreeRTOS/Source/tasks.o (sprintf)
/Applications/STM32CubeIDE.app/Contents/Eclipse/plugins/com.st.stm32cube.ide.mcu.externaltools.gnu-tools-for-stm32.7-2018-q2-update.macos64_1.5.0.202011040924/tools/bin/../lib/gcc/arm-none-eabi/7.3.1/../../../../arm-none-eabi/lib/thumb/v7-m/libc_nano.a(lib_a-strcpy.o)
                              Middlewares/Third_Party/FreeRTOS/Source/tasks.o (strcpy)
/Applications/STM32CubeIDE.app/Contents/Eclipse/plugins/com.st.stm32cube.ide.mcu.externaltools.gnu-tools-for-stm32.7-2018-q2-update.macos64_1.5.0.202011040924/tools/bin/../lib/gcc/arm-none-eabi/7.3.1/../../../../arm-none-eabi/lib/thumb/v7-m/libc_nano.a(lib_a-strlen.o)
                              Core/Src/main.o (strlen)
/Applications/STM32CubeIDE.app/Contents/Eclipse/plugins/com.st.stm32cube.ide.mcu.externaltools.gnu-tools-for-stm32.7-2018-q2-update.macos64_1.5.0.202011040924/tools/bin/../lib/gcc/arm-none-eabi/7.3.1/../../../../arm-none-eabi/lib/thumb/v7-m/libc_nano.a(lib_a-strncmp.o)
                              Core/Src/main.o (strncmp)
/Applications/STM32CubeIDE.app/Contents/Eclipse/plugins/com.st.stm32cube.ide.mcu.externaltools.gnu-tools-for-stm32.7-2018-q2-update.macos64_1.5.0.202011040924/tools/bin/../lib/gcc/arm-none-eabi/7.3.1/../../../../arm-none-eabi/lib/thumb/v7-m/libc_nano.a(lib_a-strncpy.o)
[...]
Memory Configuration

Name             Origin             Length             Attributes
RAM              0x0000000020000000 0x0000000000002000 xrw
FLASH            0x0000000008000000 0x0000000000020000 xr
*default*        0x0000000000000000 0xffffffffffffffff

Linker script and memory map

LOAD /Applications/STM32CubeIDE.app/Contents/Eclipse/plugins/com.st.stm32cube.ide.mcu.externaltools.gnu-tools-for-stm32.7-2018-q2-update.macos64_1.5.0.202011040924/tools/bin/../lib/gcc/arm-none-eabi/7.3.1/thumb/v7-m/crti.o
LOAD /Applications/STM32CubeIDE.app/Contents/Eclipse/plugins/com.st.stm32cube.ide.mcu.externaltools.gnu-tools-for-stm32.7-2018-q2-update.macos64_1.5.0.202011040924/tools/bin/../lib/gcc/arm-none-eabi/7.3.1/thumb/v7-m/crtbegin.o
LOAD /Applications/STM32CubeIDE.app/Contents/Eclipse/plugins/com.st.stm32cube.ide.mcu.externaltools.gnu-tools-for-stm32.7-2018-q2-update.macos64_1.5.0.202011040924/tools/bin/../lib/gcc/arm-none-eabi/7.3.1/../../../../arm-none-eabi/lib/thumb/v7-m/crt0.o
LOAD Core/Src/freertos.o
LOAD Core/Src/main.o
LOAD Core/Src/stm32f1xx_hal_msp.o
LOAD Core/Src/stm32f1xx_hal_timebase_tim.o
LOAD Core/Src/stm32f1xx_it.o
LOAD Core/Src/syscalls.o
LOAD Core/Src/sysmem.o
LOAD Core/Src/system_stm32f1xx.o
LOAD Core/Startup/startup_stm32f100rbtx.o
LOAD Drivers/STM32F1xx_HAL_Driver/Src/stm32f1xx_hal.o
LOAD Drivers/STM32F1xx_HAL_Driver/Src/stm32f1xx_hal_cortex.o
LOAD Drivers/STM32F1xx_HAL_Driver/Src/stm32f1xx_hal_dma.o
LOAD Drivers/STM32F1xx_HAL_Driver/Src/stm32f1xx_hal_exti.o
LOAD Drivers/STM32F1xx_HAL_Driver/Src/stm32f1xx_hal_flash.o
LOAD Drivers/STM32F1xx_HAL_Driver/Src/stm32f1xx_hal_flash_ex.o
LOAD Drivers/STM32F1xx_HAL_Driver/Src/stm32f1xx_hal_gpio.o
LOAD Drivers/STM32F1xx_HAL_Driver/Src/stm32f1xx_hal_gpio_ex.o
LOAD Drivers/STM32F1xx_HAL_Driver/Src/stm32f1xx_hal_pwr.o
LOAD Drivers/STM32F1xx_HAL_Driver/Src/stm32f1xx_hal_rcc.o
LOAD Drivers/STM32F1xx_HAL_Driver/Src/stm32f1xx_hal_rcc_ex.o
LOAD Drivers/STM32F1xx_HAL_Driver/Src/stm32f1xx_hal_tim.o
LOAD Drivers/STM32F1xx_HAL_Driver/Src/stm32f1xx_hal_tim_ex.o
LOAD Drivers/STM32F1xx_HAL_Driver/Src/stm32f1xx_hal_uart.o
LOAD Middlewares/Third_Party/FreeRTOS/Source/CMSIS_RTOS/cmsis_os.o
LOAD Middlewares/Third_Party/FreeRTOS/Source/croutine.o
LOAD Middlewares/Third_Party/FreeRTOS/Source/event_groups.o
LOAD Middlewares/Third_Party/FreeRTOS/Source/list.o
LOAD Middlewares/Third_Party/FreeRTOS/Source/queue.o
LOAD Middlewares/Third_Party/FreeRTOS/Source/stream_buffer.o
LOAD Middlewares/Third_Party/FreeRTOS/Source/tasks.o
LOAD Middlewares/Third_Party/FreeRTOS/Source/timers.o
LOAD Middlewares/Third_Party/FreeRTOS/Source/portable/GCC/ARM_CM3/port.o
LOAD Middlewares/Third_Party/FreeRTOS/Source/portable/MemMang/heap_1.o
START GROUP
LOAD /Applications/STM32CubeIDE.app/Contents/Eclipse/plugins/com.st.stm32cube.ide.mcu.externaltools.gnu-tools-for-stm32.7-2018-q2-update.macos64_1.5.0.202011040924/tools/bin/../lib/gcc/arm-none-eabi/7.3.1/../../../../arm-none-eabi/lib/thumb/v7-m/libc_nano.a
LOAD /Applications/STM32CubeIDE.app/Contents/Eclipse/plugins/com.st.stm32cube.ide.mcu.externaltools.gnu-tools-for-stm32.7-2018-q2-update.macos64_1.5.0.202011040924/tools/bin/../lib/gcc/arm-none-eabi/7.3.1/../../../../arm-none-eabi/lib/thumb/v7-m/libm.a
END GROUP
START GROUP
LOAD /Applications/STM32CubeIDE.app/Contents/Eclipse/plugins/com.st.stm32cube.ide.mcu.externaltools.gnu-tools-for-stm32.7-2018-q2-update.macos64_1.5.0.202011040924/tools/bin/../lib/gcc/arm-none-eabi/7.3.1/thumb/v7-m/libgcc.a
LOAD /Applications/STM32CubeIDE.app/Contents/Eclipse/plugins/com.st.stm32cube.ide.mcu.externaltools.gnu-tools-for-stm32.7-2018-q2-update.macos64_1.5.0.202011040924/tools/bin/../lib/gcc/arm-none-eabi/7.3.1/../../../../arm-none-eabi/lib/thumb/v7-m/libc_nano.a
END GROUP
START GROUP
LOAD /Applications/STM32CubeIDE.app/Contents/Eclipse/plugins/com.st.stm32cube.ide.mcu.externaltools.gnu-tools-for-stm32.7-2018-q2-update.macos64_1.5.0.202011040924/tools/bin/../lib/gcc/arm-none-eabi/7.3.1/thumb/v7-m/libgcc.a
LOAD /Applications/STM32CubeIDE.app/Contents/Eclipse/plugins/com.st.stm32cube.ide.mcu.externaltools.gnu-tools-for-stm32.7-2018-q2-update.macos64_1.5.0.202011040924/tools/bin/../lib/gcc/arm-none-eabi/7.3.1/../../../../arm-none-eabi/lib/thumb/v7-m/libc_nano.a
LOAD /Applications/STM32CubeIDE.app/Contents/Eclipse/plugins/com.st.stm32cube.ide.mcu.externaltools.gnu-tools-for-stm32.7-2018-q2-update.macos64_1.5.0.202011040924/tools/bin/../lib/gcc/arm-none-eabi/7.3.1/../../../../arm-none-eabi/lib/thumb/v7-m/libnosys.a
END GROUP
START GROUP
LOAD /Applications/STM32CubeIDE.app/Contents/Eclipse/plugins/com.st.stm32cube.ide.mcu.externaltools.gnu-tools-for-stm32.7-2018-q2-update.macos64_1.5.0.202011040924/tools/bin/../lib/gcc/arm-none-eabi/7.3.1/thumb/v7-m/libgcc.a
LOAD /Applications/STM32CubeIDE.app/Contents/Eclipse/plugins/com.st.stm32cube.ide.mcu.externaltools.gnu-tools-for-stm32.7-2018-q2-update.macos64_1.5.0.202011040924/tools/bin/../lib/gcc/arm-none-eabi/7.3.1/../../../../arm-none-eabi/lib/thumb/v7-m/libc_nano.a
LOAD /Applications/STM32CubeIDE.app/Contents/Eclipse/plugins/com.st.stm32cube.ide.mcu.externaltools.gnu-tools-for-stm32.7-2018-q2-update.macos64_1.5.0.202011040924/tools/bin/../lib/gcc/arm-none-eabi/7.3.1/../../../../arm-none-eabi/lib/thumb/v7-m/libnosys.a
END GROUP
LOAD /Applications/STM32CubeIDE.app/Contents/Eclipse/plugins/com.st.stm32cube.ide.mcu.externaltools.gnu-tools-for-stm32.7-2018-q2-update.macos64_1.5.0.202011040924/tools/bin/../lib/gcc/arm-none-eabi/7.3.1/thumb/v7-m/crtend.o
LOAD /Applications/STM32CubeIDE.app/Contents/Eclipse/plugins/com.st.stm32cube.ide.mcu.externaltools.gnu-tools-for-stm32.7-2018-q2-update.macos64_1.5.0.202011040924/tools/bin/../lib/gcc/arm-none-eabi/7.3.1/thumb/v7-m/crtn.o
                0x0000000020002000                _estack = (ORIGIN (RAM) + LENGTH (RAM))
                0x0000000000000200                _Min_Heap_Size = 0x200
                0x0000000000000400                _Min_Stack_Size = 0x400

.isr_vector     0x0000000008000000      0x1d0
                0x0000000008000000                . = ALIGN (0x4)
 *(.isr_vector)
 .isr_vector    0x0000000008000000      0x1d0 Core/Startup/startup_stm32f100rbtx.o
                0x0000000008000000                g_pfnVectors
                0x00000000080001d0                . = ALIGN (0x4)

.text           0x00000000080001d0     0x43e4
                0x00000000080001d0                . = ALIGN (0x4)
 *(.text)
 .text          0x00000000080001d0       0x40 /Applications/STM32CubeIDE.app/Contents/Eclipse/plugins/com.st.stm32cube.ide.mcu.externaltools.gnu-tools-for-stm32.7-2018-q2-update.macos64_1.5.0.202011040924/tools/bin/../lib/gcc/arm-none-eabi/7.3.1/thumb/v7-m/crtbegin.o
 .text          0x0000000008000210       0x10 /Applications/STM32CubeIDE.app/Contents/Eclipse/plugins/com.st.stm32cube.ide.mcu.externaltools.gnu-tools-for-stm32.7-2018-q2-update.macos64_1.5.0.202011040924/tools/bin/../lib/gcc/arm-none-eabi/7.3.1/../../../../arm-none-eabi/lib/thumb/v7-m/libc_nano.a(lib_a-strlen.o)
                0x0000000008000210                strlen
 *(.text*)
 .text.configureTimerForRunTimeStats
                0x0000000008000220        0xc Core/Src/freertos.o
                0x0000000008000220                configureTimerForRunTimeStats
 .text.getRunTimeCounterValue
                0x000000000800022c        0xe Core/Src/freertos.o
                0x000000000800022c                getRunTimeCounterValue
 *fill*         0x000000000800023a        0x2 
 .text.displaySPI2_Init
                0x000000000800023c      0x13c Core/Src/main.o
                0x000000000800023c                displaySPI2_Init
 .text.SPI2_Write
                0x0000000008000378       0x3c Core/Src/main.o
                0x0000000008000378                SPI2_Write
 .text.display_cmd
                0x00000000080003b4       0x2c Core/Src/main.o
                0x00000000080003b4                display_cmd
 .text.display_data
                0x00000000080003e0       0x2c Core/Src/main.o
                0x00000000080003e0                display_data
 .text.display_Init
                0x000000000800040c       0x48 Core/Src/main.o
                0x000000000800040c                display_Init
 .text.display_light_on
                0x0000000008000454       0x50 Core/Src/main.o
                0x0000000008000454                display_light_on
 .text.display_setpos
                0x00000000080004a4       0x30 Core/Src/main.o
                0x00000000080004a4                display_setpos
 .text.display_clear
                0x00000000080004d4       0x38 Core/Src/main.o
                0x00000000080004d4                display_clear
 .text.printchar
                0x000000000800050c       0x5c Core/Src/main.o
                0x000000000800050c                printchar
 .text.printstring_at
                0x0000000008000568       0x3e Core/Src/main.o
                0x0000000008000568                printstring_at
 *fill*         0x00000000080005a6        0x2 
 .text.main     0x00000000080005a8       0xf4 Core/Src/main.o
                0x00000000080005a8                main
 .text.SystemClock_Config
                0x000000000800069c       0x84 Core/Src/main.o
                0x000000000800069c                SystemClock_Config
 .text.MX_USART1_UART_Init
                0x0000000008000720       0x54 Core/Src/main.o
 .text.MX_DMA_Init
                0x0000000008000774       0x4c Core/Src/main.o
 .text.MX_GPIO_Init
                0x00000000080007c0       0x98 Core/Src/main.o
 .text.Parser   0x0000000008000858      0x3bc Core/Src/main.o
                0x0000000008000858                Parser
 .text.StartLCDPrint
                0x0000000008000c14       0x48 Core/Src/main.o
                0x0000000008000c14                StartLCDPrint
 .text.StartUART_DMAParser
                0x0000000008000c5c      0x2dc Core/Src/main.o
                0x0000000008000c5c                StartUART_DMAParser
 .text.StartNMEAParser
                0x0000000008000f38       0x3c Core/Src/main.o
                0x0000000008000f38                StartNMEAParser
 .text.HAL_TIM_PeriodElapsedCallback
                0x0000000008000f74       0x24 Core/Src/main.o
                0x0000000008000f74                HAL_TIM_PeriodElapsedCallback
 .text.Error_Handler
                0x0000000008000f98        0x8 Core/Src/main.o
                0x0000000008000f98                Error_Handler
 .text.HAL_MspInit
                0x0000000008000fa0       0x70 Core/Src/stm32f1xx_hal_msp.o
                0x0000000008000fa0                HAL_MspInit
 .text.HAL_UART_MspInit
                0x0000000008001010      0x158 Core/Src/stm32f1xx_hal_msp.o
                0x0000000008001010                HAL_UART_MspInit
 .text.HAL_InitTick
                0x0000000008001168       0xac Core/Src/stm32f1xx_hal_timebase_tim.o
                0x0000000008001168                HAL_InitTick
 .text.NMI_Handler
                0x0000000008001214        0x6 Core/Src/stm32f1xx_it.o
                0x0000000008001214                NMI_Handler
 .text.HardFault_Handler
                0x000000000800121a        0x6 Core/Src/stm32f1xx_it.o
                0x000000000800121a                HardFault_Handler
 .text.MemManage_Handler
                0x0000000008001220        0x6 Core/Src/stm32f1xx_it.o
                0x0000000008001220                MemManage_Handler
 .text.BusFault_Handler
                0x0000000008001226        0x6 Core/Src/stm32f1xx_it.o
                0x0000000008001226                BusFault_Handler
 .text.UsageFault_Handler
                0x000000000800122c        0x6 Core/Src/stm32f1xx_it.o
                0x000000000800122c                UsageFault_Handler
 .text.DebugMon_Handler
                0x0000000008001232        0xc Core/Src/stm32f1xx_it.o
                0x0000000008001232                DebugMon_Handler
 *fill*         0x000000000800123e        0x2 
 .text.DMA1_Channel4_IRQHandler
                0x0000000008001240       0x14 Core/Src/stm32f1xx_it.o
                0x0000000008001240                DMA1_Channel4_IRQHandler
 .text.DMA1_Channel5_IRQHandler
                0x0000000008001254       0x14 Core/Src/stm32f1xx_it.o
                0x0000000008001254                DMA1_Channel5_IRQHandler
 .text.USART1_IRQHandler
                0x0000000008001268       0x14 Core/Src/stm32f1xx_it.o
                0x0000000008001268                USART1_IRQHandler
 .text.TIM7_IRQHandler
                0x000000000800127c       0x14 Core/Src/stm32f1xx_it.o
                0x000000000800127c                TIM7_IRQHandler
 .text.SystemInit
                0x0000000008001290        0xc Core/Src/system_stm32f1xx.o
                0x0000000008001290                SystemInit
 .text.Reset_Handler
                0x000000000800129c       0x48 Core/Startup/startup_stm32f100rbtx.o
                0x000000000800129c                Reset_Handler
 .text.Default_Handler
                0x00000000080012e4        0x2 Core/Startup/startup_stm32f100rbtx.o
                0x00000000080012e4                TIM1_BRK_TIM15_IRQHandler
                0x00000000080012e4                EXTI2_IRQHandler
                0x00000000080012e4                TIM1_CC_IRQHandler
                0x00000000080012e4                PVD_IRQHandler
                0x00000000080012e4                EXTI3_IRQHandler
                0x00000000080012e4                EXTI0_IRQHandler
                0x00000000080012e4                TIM1_UP_TIM16_IRQHandler
                0x00000000080012e4                SPI1_IRQHandler
                0x00000000080012e4                TAMPER_IRQHandler
                0x00000000080012e4                TIM6_DAC_IRQHandler
                0x00000000080012e4                ADC1_IRQHandler
                0x00000000080012e4                USART3_IRQHandler
                0x00000000080012e4                RTC_IRQHandler
                0x00000000080012e4                DMA1_Channel7_IRQHandler
                0x00000000080012e4                TIM4_IRQHandler
                0x00000000080012e4                I2C1_EV_IRQHandler
                0x00000000080012e4                DMA1_Channel6_IRQHandler
                0x00000000080012e4                TIM3_IRQHandler
                0x00000000080012e4                RCC_IRQHandler
                0x00000000080012e4                DMA1_Channel1_IRQHandler
                0x00000000080012e4                Default_Handler
                0x00000000080012e4                CEC_IRQHandler
                0x00000000080012e4                EXTI15_10_IRQHandler
                0x00000000080012e4                EXTI9_5_IRQHandler
                0x00000000080012e4                EXTI4_IRQHandler
                0x00000000080012e4                TIM1_TRG_COM_TIM17_IRQHandler
                0x00000000080012e4                DMA1_Channel3_IRQHandler
                0x00000000080012e4                WWDG_IRQHandler
                0x00000000080012e4                TIM2_IRQHandler
                0x00000000080012e4                EXTI1_IRQHandler
                0x00000000080012e4                USART2_IRQHandler
                0x00000000080012e4                DMA1_Channel2_IRQHandler
                0x00000000080012e4                FLASH_IRQHandler
                0x00000000080012e4                I2C1_ER_IRQHandler
                0x00000000080012e4                RTC_Alarm_IRQHandler
 .text.HAL_Init
                0x00000000080012e6       0x1a Drivers/STM32F1xx_HAL_Driver/Src/stm32f1xx_hal.o
                0x00000000080012e6                HAL_Init
 .text.HAL_IncTick
                0x0000000008001300       0x24 Drivers/STM32F1xx_HAL_Driver/Src/stm32f1xx_hal.o
                0x0000000008001300                HAL_IncTick
 .text.HAL_GetTick
                0x0000000008001324       0x14 Drivers/STM32F1xx_HAL_Driver/Src/stm32f1xx_hal.o
                0x0000000008001324                HAL_GetTick
 .text.HAL_Delay
                0x0000000008001338       0x44 Drivers/STM32F1xx_HAL_Driver/Src/stm32f1xx_hal.o
                0x0000000008001338                HAL_Delay
 .text.__NVIC_SetPriorityGrouping
                0x000000000800137c       0x48 Drivers/STM32F1xx_HAL_Driver/Src/stm32f1xx_hal_cortex.o
 .text.__NVIC_GetPriorityGrouping
                0x00000000080013c4       0x1c Drivers/STM32F1xx_HAL_Driver/Src/stm32f1xx_hal_cortex.o
 .text.__NVIC_EnableIRQ
                0x00000000080013e0       0x38 Drivers/STM32F1xx_HAL_Driver/Src/stm32f1xx_hal_cortex.o
 .text.__NVIC_SetPriority
                0x0000000008001418       0x54 Drivers/STM32F1xx_HAL_Driver/Src/stm32f1xx_hal_cortex.o
 .text.NVIC_EncodePriority
                0x000000000800146c       0x64 Drivers/STM32F1xx_HAL_Driver/Src/stm32f1xx_hal_cortex.o
 .text.HAL_NVIC_SetPriorityGrouping
                0x00000000080014d0       0x16 Drivers/STM32F1xx_HAL_Driver/Src/stm32f1xx_hal_cortex.o
                0x00000000080014d0                HAL_NVIC_SetPriorityGrouping
 .text.HAL_NVIC_SetPriority
                0x00000000080014e6       0x38 Drivers/STM32F1xx_HAL_Driver/Src/stm32f1xx_hal_cortex.o
                0x00000000080014e6                HAL_NVIC_SetPriority
 .text.HAL_NVIC_EnableIRQ
                0x000000000800151e       0x1c Drivers/STM32F1xx_HAL_Driver/Src/stm32f1xx_hal_cortex.o
                0x000000000800151e                HAL_NVIC_EnableIRQ
 *fill*         0x000000000800153a        0x2 
 .text.HAL_DMA_Init
                0x000000000800153c       0xb4 Drivers/STM32F1xx_HAL_Driver/Src/stm32f1xx_hal_dma.o
                0x000000000800153c                HAL_DMA_Init
 .text.HAL_DMA_Start_IT
                0x00000000080015f0       0xbe Drivers/STM32F1xx_HAL_Driver/Src/stm32f1xx_hal_dma.o
                0x00000000080015f0                HAL_DMA_Start_IT
 *fill*         0x00000000080016ae        0x2 
 .text.HAL_DMA_Abort_IT
                0x00000000080016b0       0xec Drivers/STM32F1xx_HAL_Driver/Src/stm32f1xx_hal_dma.o
                0x00000000080016b0                HAL_DMA_Abort_IT
 .text.HAL_DMA_IRQHandler
                0x000000000800179c      0x20c Drivers/STM32F1xx_HAL_Driver/Src/stm32f1xx_hal_dma.o
                0x000000000800179c                HAL_DMA_IRQHandler
 .text.DMA_SetConfig
                0x00000000080019a8       0x5a Drivers/STM32F1xx_HAL_Driver/Src/stm32f1xx_hal_dma.o
 *fill*         0x0000000008001a02        0x2 
 .text.HAL_GPIO_Init
                0x0000000008001a04      0x2b4 Drivers/STM32F1xx_HAL_Driver/Src/stm32f1xx_hal_gpio.o
                0x0000000008001a04                HAL_GPIO_Init
 .text.HAL_GPIO_WritePin
                0x0000000008001cb8       0x30 Drivers/STM32F1xx_HAL_Driver/Src/stm32f1xx_hal_gpio.o
                0x0000000008001cb8                HAL_GPIO_WritePin
 .text.HAL_RCC_OscConfig
                0x0000000008001ce8      0x500 Drivers/STM32F1xx_HAL_Driver/Src/stm32f1xx_hal_rcc.o
                0x0000000008001ce8                HAL_RCC_OscConfig
 .text.HAL_RCC_ClockConfig
                0x00000000080021e8      0x170 Drivers/STM32F1xx_HAL_Driver/Src/stm32f1xx_hal_rcc.o
                0x00000000080021e8                HAL_RCC_ClockConfig
 .text.HAL_RCC_GetSysClockFreq
                0x0000000008002358       0xc8 Drivers/STM32F1xx_HAL_Driver/Src/stm32f1xx_hal_rcc.o
                0x0000000008002358                HAL_RCC_GetSysClockFreq
 .text.HAL_RCC_GetHCLKFreq
                0x0000000008002420       0x14 Drivers/STM32F1xx_HAL_Driver/Src/stm32f1xx_hal_rcc.o
                0x0000000008002420                HAL_RCC_GetHCLKFreq
 .text.HAL_RCC_GetPCLK1Freq
                0x0000000008002434       0x28 Drivers/STM32F1xx_HAL_Driver/Src/stm32f1xx_hal_rcc.o
                0x0000000008002434                HAL_RCC_GetPCLK1Freq
 .text.HAL_RCC_GetPCLK2Freq
                0x000000000800245c       0x28 Drivers/STM32F1xx_HAL_Driver/Src/stm32f1xx_hal_rcc.o
                0x000000000800245c                HAL_RCC_GetPCLK2Freq
 .text.HAL_RCC_GetClockConfig
                0x0000000008002484       0x58 Drivers/STM32F1xx_HAL_Driver/Src/stm32f1xx_hal_rcc.o
                0x0000000008002484                HAL_RCC_GetClockConfig
 .text.RCC_Delay
                0x00000000080024dc       0x3c Drivers/STM32F1xx_HAL_Driver/Src/stm32f1xx_hal_rcc.o
 .text.HAL_TIM_Base_Init
                0x0000000008002518       0x9e Drivers/STM32F1xx_HAL_Driver/Src/stm32f1xx_hal_tim.o
                0x0000000008002518                HAL_TIM_Base_Init
 .text.HAL_TIM_Base_MspInit
                0x00000000080025b6       0x12 Drivers/STM32F1xx_HAL_Driver/Src/stm32f1xx_hal_tim.o
                0x00000000080025b6                HAL_TIM_Base_MspInit
 .text.HAL_TIM_Base_Start_IT
                0x00000000080025c8       0xb4 Drivers/STM32F1xx_HAL_Driver/Src/stm32f1xx_hal_tim.o
                0x00000000080025c8                HAL_TIM_Base_Start_IT
 .text.HAL_TIM_IRQHandler
                0x000000000800267c      0x210 Drivers/STM32F1xx_HAL_Driver/Src/stm32f1xx_hal_tim.o
                0x000000000800267c                HAL_TIM_IRQHandler
 .text.HAL_TIM_OC_DelayElapsedCallback
                0x000000000800288c       0x12 Drivers/STM32F1xx_HAL_Driver/Src/stm32f1xx_hal_tim.o
                0x000000000800288c                HAL_TIM_OC_DelayElapsedCallback
 .text.HAL_TIM_IC_CaptureCallback
                0x000000000800289e       0x12 Drivers/STM32F1xx_HAL_Driver/Src/stm32f1xx_hal_tim.o
                0x000000000800289e                HAL_TIM_IC_CaptureCallback
 .text.HAL_TIM_PWM_PulseFinishedCallback
                0x00000000080028b0       0x12 Drivers/STM32F1xx_HAL_Driver/Src/stm32f1xx_hal_tim.o
                0x00000000080028b0                HAL_TIM_PWM_PulseFinishedCallback
 .text.HAL_TIM_TriggerCallback
                0x00000000080028c2       0x12 Drivers/STM32F1xx_HAL_Driver/Src/stm32f1xx_hal_tim.o
                0x00000000080028c2                HAL_TIM_TriggerCallback
 .text.TIM_Base_SetConfig
                0x00000000080028d4      0x100 Drivers/STM32F1xx_HAL_Driver/Src/stm32f1xx_hal_tim.o
                0x00000000080028d4                TIM_Base_SetConfig
 .text.HAL_TIMEx_CommutCallback
                0x00000000080029d4       0x12 Drivers/STM32F1xx_HAL_Driver/Src/stm32f1xx_hal_tim_ex.o
                0x00000000080029d4                HAL_TIMEx_CommutCallback
 .text.HAL_TIMEx_BreakCallback
                0x00000000080029e6       0x12 Drivers/STM32F1xx_HAL_Driver/Src/stm32f1xx_hal_tim_ex.o
                0x00000000080029e6                HAL_TIMEx_BreakCallback
 .text.HAL_UART_Init
                0x00000000080029f8       0x9a Drivers/STM32F1xx_HAL_Driver/Src/stm32f1xx_hal_uart.o
                0x00000000080029f8                HAL_UART_Init
 .text.HAL_UART_Transmit
                0x0000000008002a92      0x124 Drivers/STM32F1xx_HAL_Driver/Src/stm32f1xx_hal_uart.o
                0x0000000008002a92                HAL_UART_Transmit
 *fill*         0x0000000008002bb6        0x2 
 .text.HAL_UART_Receive_DMA
                0x0000000008002bb8      0x100 Drivers/STM32F1xx_HAL_Driver/Src/stm32f1xx_hal_uart.o
                0x0000000008002bb8                HAL_UART_Receive_DMA
 .text.HAL_UART_IRQHandler
                0x0000000008002cb8      0x200 Drivers/STM32F1xx_HAL_Driver/Src/stm32f1xx_hal_uart.o
                0x0000000008002cb8                HAL_UART_IRQHandler
 .text.HAL_UART_TxCpltCallback
                0x0000000008002eb8       0x12 Drivers/STM32F1xx_HAL_Driver/Src/stm32f1xx_hal_uart.o
                0x0000000008002eb8                HAL_UART_TxCpltCallback
 .text.HAL_UART_RxCpltCallback
                0x0000000008002eca       0x12 Drivers/STM32F1xx_HAL_Driver/Src/stm32f1xx_hal_uart.o
                0x0000000008002eca                HAL_UART_RxCpltCallback
 .text.HAL_UART_RxHalfCpltCallback
                0x0000000008002edc       0x12 Drivers/STM32F1xx_HAL_Driver/Src/stm32f1xx_hal_uart.o
                0x0000000008002edc                HAL_UART_RxHalfCpltCallback
 .text.HAL_UART_ErrorCallback
                0x0000000008002eee       0x12 Drivers/STM32F1xx_HAL_Driver/Src/stm32f1xx_hal_uart.o
                0x0000000008002eee                HAL_UART_ErrorCallback
 .text.UART_DMAReceiveCplt
                0x0000000008002f00       0x68 Drivers/STM32F1xx_HAL_Driver/Src/stm32f1xx_hal_uart.o
 .text.UART_DMARxHalfCplt
                0x0000000008002f68       0x1c Drivers/STM32F1xx_HAL_Driver/Src/stm32f1xx_hal_uart.o
 .text.UART_DMAError
                0x0000000008002f84       0x94 Drivers/STM32F1xx_HAL_Driver/Src/stm32f1xx_hal_uart.o
 .text.UART_WaitOnFlagUntilTimeout
                0x0000000008003018       0x94 Drivers/STM32F1xx_HAL_Driver/Src/stm32f1xx_hal_uart.o
 .text.UART_EndTxTransfer
                0x00000000080030ac       0x2a Drivers/STM32F1xx_HAL_Driver/Src/stm32f1xx_hal_uart.o
 .text.UART_EndRxTransfer
                0x00000000080030d6       0x3a Drivers/STM32F1xx_HAL_Driver/Src/stm32f1xx_hal_uart.o
 .text.UART_DMAAbortOnError
                0x0000000008003110       0x28 Drivers/STM32F1xx_HAL_Driver/Src/stm32f1xx_hal_uart.o
 .text.UART_Transmit_IT
                0x0000000008003138       0x9e Drivers/STM32F1xx_HAL_Driver/Src/stm32f1xx_hal_uart.o
 .text.UART_EndTransmit_IT
                0x00000000080031d6       0x30 Drivers/STM32F1xx_HAL_Driver/Src/stm32f1xx_hal_uart.o
 .text.UART_Receive_IT
                0x0000000008003206      0x100 Drivers/STM32F1xx_HAL_Driver/Src/stm32f1xx_hal_uart.o
 *fill*         0x0000000008003306        0x2 
 .text.UART_SetConfig
                0x0000000008003308      0x1c8 Drivers/STM32F1xx_HAL_Driver/Src/stm32f1xx_hal_uart.o
 .text.makeFreeRtosPriority
                0x00000000080034d0       0x2e Middlewares/Third_Party/FreeRTOS/Source/CMSIS_RTOS/cmsis_os.o
 .text.osKernelStart
                0x00000000080034fe        0xe Middlewares/Third_Party/FreeRTOS/Source/CMSIS_RTOS/cmsis_os.o
                0x00000000080034fe                osKernelStart
 .text.osThreadCreate
                0x000000000800350c       0x4e Middlewares/Third_Party/FreeRTOS/Source/CMSIS_RTOS/cmsis_os.o
                0x000000000800350c                osThreadCreate
 .text.osDelay  0x000000000800355a       0x28 Middlewares/Third_Party/FreeRTOS/Source/CMSIS_RTOS/cmsis_os.o
                0x000000000800355a                osDelay
 .text.vListInitialise
                0x0000000008003582       0x3e Middlewares/Third_Party/FreeRTOS/Source/list.o
                0x0000000008003582                vListInitialise
 .text.vListInitialiseItem
                0x00000000080035c0       0x18 Middlewares/Third_Party/FreeRTOS/Source/list.o
                0x00000000080035c0                vListInitialiseItem
 .text.vListInsertEnd
                0x00000000080035d8       0x46 Middlewares/Third_Party/FreeRTOS/Source/list.o
                0x00000000080035d8                vListInsertEnd
 .text.vListInsert
                0x000000000800361e       0x70 Middlewares/Third_Party/FreeRTOS/Source/list.o
                0x000000000800361e                vListInsert
 .text.uxListRemove
                0x000000000800368e       0x52 Middlewares/Third_Party/FreeRTOS/Source/list.o
                0x000000000800368e                uxListRemove
 .text.xTaskCreate
                0x00000000080036e0       0x82 Middlewares/Third_Party/FreeRTOS/Source/tasks.o
                0x00000000080036e0                xTaskCreate
 .text.prvInitialiseNewTask
                0x0000000008003762      0x112 Middlewares/Third_Party/FreeRTOS/Source/tasks.o
 .text.prvAddNewTaskToReadyList
                0x0000000008003874       0xdc Middlewares/Third_Party/FreeRTOS/Source/tasks.o
 .text.vTaskDelay
                0x0000000008003950       0x68 Middlewares/Third_Party/FreeRTOS/Source/tasks.o
                0x0000000008003950                vTaskDelay
 .text.vTaskStartScheduler
                0x00000000080039b8       0x90 Middlewares/Third_Party/FreeRTOS/Source/tasks.o
                0x00000000080039b8                vTaskStartScheduler
 .text.vTaskSuspendAll
                0x0000000008003a48       0x1c Middlewares/Third_Party/FreeRTOS/Source/tasks.o
                0x0000000008003a48                vTaskSuspendAll
 .text.xTaskResumeAll
                0x0000000008003a64      0x138 Middlewares/Third_Party/FreeRTOS/Source/tasks.o
                0x0000000008003a64                xTaskResumeAll
 .text.xTaskIncrementTick
                0x0000000008003b9c      0x178 Middlewares/Third_Party/FreeRTOS/Source/tasks.o
                0x0000000008003b9c                xTaskIncrementTick
 .text.vTaskSwitchContext
                0x0000000008003d14       0xec Middlewares/Third_Party/FreeRTOS/Source/tasks.o
                0x0000000008003d14                vTaskSwitchContext
 .text.prvIdleTask
                0x0000000008003e00       0x30 Middlewares/Third_Party/FreeRTOS/Source/tasks.o
 .text.prvInitialiseTaskLists
                0x0000000008003e30       0x80 Middlewares/Third_Party/FreeRTOS/Source/tasks.o
 .text.prvCheckTasksWaitingTermination
                0x0000000008003eb0       0x58 Middlewares/Third_Party/FreeRTOS/Source/tasks.o
 .text.prvDeleteTCB
                0x0000000008003f08       0x20 Middlewares/Third_Party/FreeRTOS/Source/tasks.o
 .text.prvResetNextTaskUnblockTime
                0x0000000008003f28       0x48 Middlewares/Third_Party/FreeRTOS/Source/tasks.o
 .text.prvAddCurrentTaskToDelayedList
                0x0000000008003f70       0xcc Middlewares/Third_Party/FreeRTOS/Source/tasks.o
 .text.pxPortInitialiseStack
                0x000000000800403c       0x58 Middlewares/Third_Party/FreeRTOS/Source/portable/GCC/ARM_CM3/port.o
                0x000000000800403c                pxPortInitialiseStack
 .text.prvTaskExitError
                0x0000000008004094       0x50 Middlewares/Third_Party/FreeRTOS/Source/portable/GCC/ARM_CM3/port.o
 *fill*         0x00000000080040e4        0xc 
 .text.SVC_Handler
                0x00000000080040f0       0x28 Middlewares/Third_Party/FreeRTOS/Source/portable/GCC/ARM_CM3/port.o
                0x00000000080040f0                SVC_Handler
 .text.prvPortStartFirstTask
                0x0000000008004118       0x20 Middlewares/Third_Party/FreeRTOS/Source/portable/GCC/ARM_CM3/port.o
 .text.xPortStartScheduler
                0x0000000008004138       0xe0 Middlewares/Third_Party/FreeRTOS/Source/portable/GCC/ARM_CM3/port.o
                0x0000000008004138                xPortStartScheduler
 .text.vPortEnterCritical
                0x0000000008004218       0x5c Middlewares/Third_Party/FreeRTOS/Source/portable/GCC/ARM_CM3/port.o
                0x0000000008004218                vPortEnterCritical
 .text.vPortExitCritical
                0x0000000008004274       0x4c Middlewares/Third_Party/FreeRTOS/Source/portable/GCC/ARM_CM3/port.o
                0x0000000008004274                vPortExitCritical
 .text.PendSV_Handler
                0x00000000080042c0       0x48 Middlewares/Third_Party/FreeRTOS/Source/portable/GCC/ARM_CM3/port.o
                0x00000000080042c0                PendSV_Handler
 .text.SysTick_Handler
                0x0000000008004308       0x40 Middlewares/Third_Party/FreeRTOS/Source/portable/GCC/ARM_CM3/port.o
                0x0000000008004308                SysTick_Handler
 .text.vPortSetupTimerInterrupt
                0x0000000008004348       0x44 Middlewares/Third_Party/FreeRTOS/Source/portable/GCC/ARM_CM3/port.o
                0x0000000008004348                vPortSetupTimerInterrupt
 .text.pvPortMalloc
                0x000000000800438c       0x8c Middlewares/Third_Party/FreeRTOS/Source/portable/MemMang/heap_1.o
                0x000000000800438c                pvPortMalloc
 .text.vPortFree
                0x0000000008004418       0x2c Middlewares/Third_Party/FreeRTOS/Source/portable/MemMang/heap_1.o
                0x0000000008004418                vPortFree
 .text.__libc_init_array
                0x0000000008004444       0x48 /Applications/STM32CubeIDE.app/Contents/Eclipse/plugins/com.st.stm32cube.ide.mcu.externaltools.gnu-tools-for-stm32.7-2018-q2-update.macos64_1.5.0.202011040924/tools/bin/../lib/gcc/arm-none-eabi/7.3.1/../../../../arm-none-eabi/lib/thumb/v7-m/libc_nano.a(lib_a-init.o)
                0x0000000008004444                __libc_init_array
 .text.__itoa   0x000000000800448c       0x30 /Applications/STM32CubeIDE.app/Contents/Eclipse/plugins/com.st.stm32cube.ide.mcu.externaltools.gnu-tools-for-stm32.7-2018-q2-update.macos64_1.5.0.202011040924/tools/bin/../lib/gcc/arm-none-eabi/7.3.1/../../../../arm-none-eabi/lib/thumb/v7-m/libc_nano.a(lib_a-itoa.o)
                0x000000000800448c                __itoa
 .text.itoa     0x00000000080044bc        0x4 /Applications/STM32CubeIDE.app/Contents/Eclipse/plugins/com.st.stm32cube.ide.mcu.externaltools.gnu-tools-for-stm32.7-2018-q2-update.macos64_1.5.0.202011040924/tools/bin/../lib/gcc/arm-none-eabi/7.3.1/../../../../arm-none-eabi/lib/thumb/v7-m/libc_nano.a(lib_a-itoa.o)
                0x00000000080044bc                itoa
 .text.memset   0x00000000080044c0       0x10 /Applications/STM32CubeIDE.app/Contents/Eclipse/plugins/com.st.stm32cube.ide.mcu.externaltools.gnu-tools-for-stm32.7-2018-q2-update.macos64_1.5.0.202011040924/tools/bin/../lib/gcc/arm-none-eabi/7.3.1/../../../../arm-none-eabi/lib/thumb/v7-m/libc_nano.a(lib_a-memset.o)
                0x00000000080044c0                memset
 .text.strncmp  0x00000000080044d0       0x24 /Applications/STM32CubeIDE.app/Contents/Eclipse/plugins/com.st.stm32cube.ide.mcu.externaltools.gnu-tools-for-stm32.7-2018-q2-update.macos64_1.5.0.202011040924/tools/bin/../lib/gcc/arm-none-eabi/7.3.1/../../../../arm-none-eabi/lib/thumb/v7-m/libc_nano.a(lib_a-strncmp.o)
                0x00000000080044d0                strncmp
 .text.strncpy  0x00000000080044f4       0x2a /Applications/STM32CubeIDE.app/Contents/Eclipse/plugins/com.st.stm32cube.ide.mcu.externaltools.gnu-tools-for-stm32.7-2018-q2-update.macos64_1.5.0.202011040924/tools/bin/../lib/gcc/arm-none-eabi/7.3.1/../../../../arm-none-eabi/lib/thumb/v7-m/libc_nano.a(lib_a-strncpy.o)
                0x00000000080044f4                strncpy
 *fill*         0x000000000800451e        0x2 
 .text.__utoa   0x0000000008004520       0x7c /Applications/STM32CubeIDE.app/Contents/Eclipse/plugins/com.st.stm32cube.ide.mcu.externaltools.gnu-tools-for-stm32.7-2018-q2-update.macos64_1.5.0.202011040924/tools/bin/../lib/gcc/arm-none-eabi/7.3.1/../../../../arm-none-eabi/lib/thumb/v7-m/libc_nano.a(lib_a-utoa.o)
                0x0000000008004520                __utoa
 *(.glue_7)
 .glue_7        0x000000000800459c        0x0 linker stubs
 *(.glue_7t)
 .glue_7t       0x000000000800459c        0x0 linker stubs
 *(.eh_frame)
 .eh_frame      0x000000000800459c        0x0 /Applications/STM32CubeIDE.app/Contents/Eclipse/plugins/com.st.stm32cube.ide.mcu.externaltools.gnu-tools-for-stm32.7-2018-q2-update.macos64_1.5.0.202011040924/tools/bin/../lib/gcc/arm-none-eabi/7.3.1/thumb/v7-m/crtbegin.o
 *(.init)
 .init          0x000000000800459c        0x4 /Applications/STM32CubeIDE.app/Contents/Eclipse/plugins/com.st.stm32cube.ide.mcu.externaltools.gnu-tools-for-stm32.7-2018-q2-update.macos64_1.5.0.202011040924/tools/bin/../lib/gcc/arm-none-eabi/7.3.1/thumb/v7-m/crti.o
                0x000000000800459c                _init
 .init          0x00000000080045a0        0x8 /Applications/STM32CubeIDE.app/Contents/Eclipse/plugins/com.st.stm32cube.ide.mcu.externaltools.gnu-tools-for-stm32.7-2018-q2-update.macos64_1.5.0.202011040924/tools/bin/../lib/gcc/arm-none-eabi/7.3.1/thumb/v7-m/crtn.o
 *(.fini)
 .fini          0x00000000080045a8        0x4 /Applications/STM32CubeIDE.app/Contents/Eclipse/plugins/com.st.stm32cube.ide.mcu.externaltools.gnu-tools-for-stm32.7-2018-q2-update.macos64_1.5.0.202011040924/tools/bin/../lib/gcc/arm-none-eabi/7.3.1/thumb/v7-m/crti.o
                0x00000000080045a8                _fini
 .fini          0x00000000080045ac        0x8 /Applications/STM32CubeIDE.app/Contents/Eclipse/plugins/com.st.stm32cube.ide.mcu.externaltools.gnu-tools-for-stm32.7-2018-q2-update.macos64_1.5.0.202011040924/tools/bin/../lib/gcc/arm-none-eabi/7.3.1/thumb/v7-m/crtn.o
                0x00000000080045b4                . = ALIGN (0x4)
                0x00000000080045b4                _etext = .

.vfp11_veneer   0x00000000080045b4        0x0
 .vfp11_veneer  0x00000000080045b4        0x0 linker stubs

.v4_bx          0x00000000080045b4        0x0
 .v4_bx         0x00000000080045b4        0x0 linker stubs

.iplt           0x00000000080045b4        0x0
 .iplt          0x00000000080045b4        0x0 /Applications/STM32CubeIDE.app/Contents/Eclipse/plugins/com.st.stm32cube.ide.mcu.externaltools.gnu-tools-for-stm32.7-2018-q2-update.macos64_1.5.0.202011040924/tools/bin/../lib/gcc/arm-none-eabi/7.3.1/thumb/v7-m/crtbegin.o

.rodata         0x00000000080045b4      0x418
                0x00000000080045b4                . = ALIGN (0x4)
 *(.rodata)
 .rodata        0x00000000080045b4       0xbb Core/Src/main.o
 *fill*         0x000000000800466f        0x1 
 .rodata        0x0000000008004670       0x20 Drivers/STM32F1xx_HAL_Driver/Src/stm32f1xx_hal_rcc.o
 .rodata        0x0000000008004690       0x30 Middlewares/Third_Party/FreeRTOS/Source/tasks.o
 *(.rodata*)
 .rodata.ASCII  0x00000000080046c0      0x1e0 Core/Src/main.o
 .rodata.RMC    0x00000000080048a0       0x30 Core/Src/main.o
                0x00000000080048a0                RMC
 .rodata.GGA    0x00000000080048d0       0x40 Core/Src/main.o
                0x00000000080048d0                GGA
 .rodata.GSV    0x0000000008004910       0x54 Core/Src/main.o
                0x0000000008004910                GSV
 .rodata.VTG    0x0000000008004964       0x28 Core/Src/main.o
                0x0000000008004964                VTG
 .rodata.AHBPrescTable
                0x000000000800498c       0x10 Core/Src/system_stm32f1xx.o
                0x000000000800498c                AHBPrescTable
 .rodata.APBPrescTable
                0x000000000800499c        0x8 Core/Src/system_stm32f1xx.o
                0x000000000800499c                APBPrescTable
 .rodata.__utoa.str1.1
                0x00000000080049a4       0x25 /Applications/STM32CubeIDE.app/Contents/Eclipse/plugins/com.st.stm32cube.ide.mcu.externaltools.gnu-tools-for-stm32.7-2018-q2-update.macos64_1.5.0.202011040924/tools/bin/../lib/gcc/arm-none-eabi/7.3.1/../../../../arm-none-eabi/lib/thumb/v7-m/libc_nano.a(lib_a-utoa.o)
                0x00000000080049cc                . = ALIGN (0x4)
 *fill*         0x00000000080049c9        0x3 

.rel.dyn        0x00000000080049cc        0x0
 .rel.iplt      0x00000000080049cc        0x0 /Applications/STM32CubeIDE.app/Contents/Eclipse/plugins/com.st.stm32cube.ide.mcu.externaltools.gnu-tools-for-stm32.7-2018-q2-update.macos64_1.5.0.202011040924/tools/bin/../lib/gcc/arm-none-eabi/7.3.1/thumb/v7-m/crtbegin.o

.ARM.extab      0x00000000080049cc        0x0
                0x00000000080049cc                . = ALIGN (0x4)
 *(.ARM.extab* .gnu.linkonce.armextab.*)
                0x00000000080049cc                . = ALIGN (0x4)

.ARM            0x00000000080049cc        0x0
                0x00000000080049cc                . = ALIGN (0x4)
                0x00000000080049cc                __exidx_start = .
 *(.ARM.exidx*)
                0x00000000080049cc                __exidx_end = .
                0x00000000080049cc                . = ALIGN (0x4)

.preinit_array  0x00000000080049cc        0x0
                0x00000000080049cc                . = ALIGN (0x4)
                0x00000000080049cc                PROVIDE (__preinit_array_start = .)
 *(.preinit_array*)
                0x00000000080049cc                PROVIDE (__preinit_array_end = .)
                0x00000000080049cc                . = ALIGN (0x4)

.init_array     0x00000000080049cc        0x4
                0x00000000080049cc                . = ALIGN (0x4)
                0x00000000080049cc                PROVIDE (__init_array_start = .)
 *(SORT_BY_NAME(.init_array.*))
 *(.init_array*)
 .init_array    0x00000000080049cc        0x4 /Applications/STM32CubeIDE.app/Contents/Eclipse/plugins/com.st.stm32cube.ide.mcu.externaltools.gnu-tools-for-stm32.7-2018-q2-update.macos64_1.5.0.202011040924/tools/bin/../lib/gcc/arm-none-eabi/7.3.1/thumb/v7-m/crtbegin.o
                0x00000000080049d0                PROVIDE (__init_array_end = .)
                0x00000000080049d0                . = ALIGN (0x4)

.fini_array     0x00000000080049d0        0x4
                0x00000000080049d0                . = ALIGN (0x4)
                [!provide]                        PROVIDE (__fini_array_start = .)
 *(SORT_BY_NAME(.fini_array.*))
 *(.fini_array*)
 .fini_array    0x00000000080049d0        0x4 /Applications/STM32CubeIDE.app/Contents/Eclipse/plugins/com.st.stm32cube.ide.mcu.externaltools.gnu-tools-for-stm32.7-2018-q2-update.macos64_1.5.0.202011040924/tools/bin/../lib/gcc/arm-none-eabi/7.3.1/thumb/v7-m/crtbegin.o
                [!provide]                        PROVIDE (__fini_array_end = .)
                0x00000000080049d4                . = ALIGN (0x4)
                0x00000000080049d4                _sidata = LOADADDR (.data)

.data           0x0000000020000000       0x18 load address 0x00000000080049d4
                0x0000000020000000                . = ALIGN (0x4)
                0x0000000020000000                _sdata = .
 *(.data)
 *(.data*)
 .data.ByteCount.9068
                0x0000000020000000        0x1 Core/Src/main.o
 .data.ComaPoint.9071
                0x0000000020000001        0x1 Core/Src/main.o
 *fill*         0x0000000020000002        0x2 
 .data.MsgTxt.9070
                0x0000000020000004        0x4 Core/Src/main.o
 .data.SystemCoreClock
                0x0000000020000008        0x4 Core/Src/system_stm32f1xx.o
                0x0000000020000008                SystemCoreClock
 .data.uwTickPrio
                0x000000002000000c        0x4 Drivers/STM32F1xx_HAL_Driver/Src/stm32f1xx_hal.o
                0x000000002000000c                uwTickPrio
 .data.uwTickFreq
                0x0000000020000010        0x1 Drivers/STM32F1xx_HAL_Driver/Src/stm32f1xx_hal.o
                0x0000000020000010                uwTickFreq
 *fill*         0x0000000020000011        0x3 
 .data.uxCriticalNesting
                0x0000000020000014        0x4 Middlewares/Third_Party/FreeRTOS/Source/portable/GCC/ARM_CM3/port.o
 *(.RamFunc)
 *(.RamFunc*)
                0x0000000020000018                . = ALIGN (0x4)
                0x0000000020000018                _edata = .

.igot.plt       0x0000000020000018        0x0 load address 0x00000000080049ec
 .igot.plt      0x0000000020000018        0x0 /Applications/STM32CubeIDE.app/Contents/Eclipse/plugins/com.st.stm32cube.ide.mcu.externaltools.gnu-tools-for-stm32.7-2018-q2-update.macos64_1.5.0.202011040924/tools/bin/../lib/gcc/arm-none-eabi/7.3.1/thumb/v7-m/crtbegin.o
                0x0000000020000018                . = ALIGN (0x4)

.bss            0x0000000020000018     0x122c load address 0x00000000080049ec
                0x0000000020000018                _sbss = .
                0x0000000020000018                __bss_start__ = _sbss
 *(.bss)
 .bss           0x0000000020000018       0x1c /Applications/STM32CubeIDE.app/Contents/Eclipse/plugins/com.st.stm32cube.ide.mcu.externaltools.gnu-tools-for-stm32.7-2018-q2-update.macos64_1.5.0.202011040924/tools/bin/../lib/gcc/arm-none-eabi/7.3.1/thumb/v7-m/crtbegin.o
 *(.bss*)
 .bss.buffer    0x0000000020000034       0x80 Core/Src/main.o
 .bss.buffer_msg
                0x00000000200000b4       0x80 Core/Src/main.o
 .bss.msg_list  0x0000000020000134      0x100 Core/Src/main.o
 .bss.test      0x0000000020000234        0x4 Core/Src/main.o
                0x0000000020000234                test
 .bss.Time      0x0000000020000238        0xc Core/Src/main.o
                0x0000000020000238                Time
 .bss.Status    0x0000000020000244        0x2 Core/Src/main.o
                0x0000000020000244                Status
 *fill*         0x0000000020000246        0x2 
 .bss.SLatitude
                0x0000000020000248       0x10 Core/Src/main.o
                0x0000000020000248                SLatitude
 .bss.NS        0x0000000020000258        0x3 Core/Src/main.o
                0x0000000020000258                NS
 *fill*         0x000000002000025b        0x1 
 .bss.SLongitude
                0x000000002000025c        0xc Core/Src/main.o
                0x000000002000025c                SLongitude
 .bss.EW        0x0000000020000268        0x3 Core/Src/main.o
                0x0000000020000268                EW
 *fill*         0x000000002000026b        0x1 
 .bss.CourseTrue
                0x000000002000026c        0xa Core/Src/main.o
                0x000000002000026c                CourseTrue
 *fill*         0x0000000020000276        0x2 
 .bss.Data      0x0000000020000278        0xc Core/Src/main.o
                0x0000000020000278                Data
 .bss.SatCount  0x0000000020000284        0x4 Core/Src/main.o
                0x0000000020000284                SatCount
 .bss.AltitudaMSL
                0x0000000020000288        0xc Core/Src/main.o
                0x0000000020000288                AltitudaMSL
 .bss.COG       0x0000000020000294        0x8 Core/Src/main.o
                0x0000000020000294                COG
 .bss.COGstat   0x000000002000029c        0x4 Core/Src/main.o
                0x000000002000029c                COGstat
 .bss.Speed     0x00000000200002a0        0x8 Core/Src/main.o
                0x00000000200002a0                Speed
 .bss.UNUSED    0x00000000200002a8       0x20 Core/Src/main.o
                0x00000000200002a8                UNUSED
 .bss.Knot      0x00000000200002c8        0x8 Core/Src/main.o
                0x00000000200002c8                Knot
 .bss.PositionMode
                0x00000000200002d0        0x3 Core/Src/main.o
                0x00000000200002d0                PositionMode
 *fill*         0x00000000200002d3        0x1 
 .bss.MsgType.9069
                0x00000000200002d4        0x4 Core/Src/main.o
 .bss.CharPoint.9072
                0x00000000200002d8        0x1 Core/Src/main.o
 *fill*         0x00000000200002d9        0x3 
 .bss.pxCurrentTCB
                0x00000000200002dc        0x4 Middlewares/Third_Party/FreeRTOS/Source/tasks.o
                0x00000000200002dc                pxCurrentTCB
 .bss.pxReadyTasksLists
                0x00000000200002e0       0x8c Middlewares/Third_Party/FreeRTOS/Source/tasks.o
 .bss.xDelayedTaskList1
                0x000000002000036c       0x14 Middlewares/Third_Party/FreeRTOS/Source/tasks.o
 .bss.xDelayedTaskList2
                0x0000000020000380       0x14 Middlewares/Third_Party/FreeRTOS/Source/tasks.o
 .bss.pxDelayedTaskList
                0x0000000020000394        0x4 Middlewares/Third_Party/FreeRTOS/Source/tasks.o
 .bss.pxOverflowDelayedTaskList
                0x0000000020000398        0x4 Middlewares/Third_Party/FreeRTOS/Source/tasks.o
 .bss.xPendingReadyList
                0x000000002000039c       0x14 Middlewares/Third_Party/FreeRTOS/Source/tasks.o
 .bss.xTasksWaitingTermination
                0x00000000200003b0       0x14 Middlewares/Third_Party/FreeRTOS/Source/tasks.o
 .bss.uxDeletedTasksWaitingCleanUp
                0x00000000200003c4        0x4 Middlewares/Third_Party/FreeRTOS/Source/tasks.o
 .bss.xSuspendedTaskList
                0x00000000200003c8       0x14 Middlewares/Third_Party/FreeRTOS/Source/tasks.o
 .bss.uxCurrentNumberOfTasks
                0x00000000200003dc        0x4 Middlewares/Third_Party/FreeRTOS/Source/tasks.o
 .bss.xTickCount
                0x00000000200003e0        0x4 Middlewares/Third_Party/FreeRTOS/Source/tasks.o
 .bss.uxTopReadyPriority
                0x00000000200003e4        0x4 Middlewares/Third_Party/FreeRTOS/Source/tasks.o
 .bss.xSchedulerRunning
                0x00000000200003e8        0x4 Middlewares/Third_Party/FreeRTOS/Source/tasks.o
 .bss.uxPendedTicks
                0x00000000200003ec        0x4 Middlewares/Third_Party/FreeRTOS/Source/tasks.o
 .bss.xYieldPending
                0x00000000200003f0        0x4 Middlewares/Third_Party/FreeRTOS/Source/tasks.o
 .bss.xNumOfOverflows
                0x00000000200003f4        0x4 Middlewares/Third_Party/FreeRTOS/Source/tasks.o
 .bss.uxTaskNumber
                0x00000000200003f8        0x4 Middlewares/Third_Party/FreeRTOS/Source/tasks.o
 .bss.xNextTaskUnblockTime
                0x00000000200003fc        0x4 Middlewares/Third_Party/FreeRTOS/Source/tasks.o
 .bss.xIdleTaskHandle
                0x0000000020000400        0x4 Middlewares/Third_Party/FreeRTOS/Source/tasks.o
 .bss.uxSchedulerSuspended
                0x0000000020000404        0x4 Middlewares/Third_Party/FreeRTOS/Source/tasks.o
 .bss.ulTaskSwitchedInTime
                0x0000000020000408        0x4 Middlewares/Third_Party/FreeRTOS/Source/tasks.o
 .bss.ulTotalRunTime
                0x000000002000040c        0x4 Middlewares/Third_Party/FreeRTOS/Source/tasks.o
 .bss.ucMaxSysCallPriority
                0x0000000020000410        0x1 Middlewares/Third_Party/FreeRTOS/Source/portable/GCC/ARM_CM3/port.o
 *fill*         0x0000000020000411        0x3 
 .bss.ulMaxPRIGROUPValue
                0x0000000020000414        0x4 Middlewares/Third_Party/FreeRTOS/Source/portable/GCC/ARM_CM3/port.o
 .bss.ucHeap    0x0000000020000418      0xc00 Middlewares/Third_Party/FreeRTOS/Source/portable/MemMang/heap_1.o
 .bss.xNextFreeByte
                0x0000000020001018        0x4 Middlewares/Third_Party/FreeRTOS/Source/portable/MemMang/heap_1.o
 .bss.pucAlignedHeap.5110
                0x000000002000101c        0x4 Middlewares/Third_Party/FreeRTOS/Source/portable/MemMang/heap_1.o
 *(COMMON)
 COMMON         0x0000000020001020      0x1d8 Core/Src/main.o
                0x0000000020001020                NMEAParserHandle
                0x0000000020001024                LCDPrintHandle
                0x0000000020001028                hdma_usart1_tx
                0x000000002000106c                hdma_usart1_rx
                0x00000000200010b0                huart1
                0x00000000200010f0                ViewSat
                0x00000000200010f4                RxBuffer
                0x00000000200011f4                UART_DMAParserHandle
 COMMON         0x00000000200011f8       0x48 Core/Src/stm32f1xx_hal_timebase_tim.o
                0x00000000200011f8                htim7
 COMMON         0x0000000020001240        0x4 Drivers/STM32F1xx_HAL_Driver/Src/stm32f1xx_hal.o
                0x0000000020001240                uwTick
                0x0000000020001244                . = ALIGN (0x4)
                0x0000000020001244                _ebss = .
                0x0000000020001244                __bss_end__ = _ebss

._user_heap_stack
                0x0000000020001244      0x604 load address 0x00000000080049ec
                0x0000000020001248                . = ALIGN (0x8)
 *fill*         0x0000000020001244        0x4 
                [!provide]                        PROVIDE (end = .)
                0x0000000020001248                PROVIDE (_end = .)
                0x0000000020001448                . = (. + _Min_Heap_Size)
 *fill*         0x0000000020001248      0x200 
                0x0000000020001848                . = (. + _Min_Stack_Size)
 *fill*         0x0000000020001448      0x400 
                0x0000000020001848                . = ALIGN (0x8)

/DISCARD/
 libc.a(*)
 libm.a(*)
 libgcc.a(*)

.ARM.attributes
                0x0000000000000000       0x29
 *(.ARM.attributes)
 .ARM.attributes
                0x0000000000000000       0x1d /Applications/STM32CubeIDE.app/Contents/Eclipse/plugins/com.st.stm32cube.ide.mcu.externaltools.gnu-tools-for-stm32.7-2018-q2-update.macos64_1.5.0.202011040924/tools/bin/../lib/gcc/arm-none-eabi/7.3.1/thumb/v7-m/crti.o
 .ARM.attributes
                0x000000000000001d       0x2d /Applications/STM32CubeIDE.app/Contents/Eclipse/plugins/com.st.stm32cube.ide.mcu.externaltools.gnu-tools-for-stm32.7-2018-q2-update.macos64_1.5.0.202011040924/tools/bin/../lib/gcc/arm-none-eabi/7.3.1/thumb/v7-m/crtbegin.o
 .ARM.attributes
                0x000000000000004a       0x33 Core/Src/freertos.o
 .ARM.attributes
                0x000000000000007d       0x33 Core/Src/main.o
 .ARM.attributes
                0x00000000000000b0       0x33 Core/Src/stm32f1xx_hal_msp.o
 .ARM.attributes
                0x00000000000000e3       0x33 Core/Src/stm32f1xx_hal_timebase_tim.o
 .ARM.attributes
                0x0000000000000116       0x33 Core/Src/stm32f1xx_it.o
 .ARM.attributes
                0x0000000000000149       0x33 Core/Src/system_stm32f1xx.o
 .ARM.attributes
                0x000000000000017c       0x21 Core/Startup/startup_stm32f100rbtx.o
 .ARM.attributes
                0x000000000000019d       0x33 Drivers/STM32F1xx_HAL_Driver/Src/stm32f1xx_hal.o
 .ARM.attributes
                0x00000000000001d0       0x33 Drivers/STM32F1xx_HAL_Driver/Src/stm32f1xx_hal_cortex.o
 .ARM.attributes
                0x0000000000000203       0x33 Drivers/STM32F1xx_HAL_Driver/Src/stm32f1xx_hal_dma.o
 .ARM.attributes
                0x0000000000000236       0x33 Drivers/STM32F1xx_HAL_Driver/Src/stm32f1xx_hal_gpio.o
 .ARM.attributes
                0x0000000000000269       0x33 Drivers/STM32F1xx_HAL_Driver/Src/stm32f1xx_hal_rcc.o
 .ARM.attributes
                0x000000000000029c       0x33 Drivers/STM32F1xx_HAL_Driver/Src/stm32f1xx_hal_tim.o
 .ARM.attributes
                0x00000000000002cf       0x33 Drivers/STM32F1xx_HAL_Driver/Src/stm32f1xx_hal_tim_ex.o
 .ARM.attributes
                0x0000000000000302       0x33 Drivers/STM32F1xx_HAL_Driver/Src/stm32f1xx_hal_uart.o
 .ARM.attributes
                0x0000000000000335       0x33 Middlewares/Third_Party/FreeRTOS/Source/CMSIS_RTOS/cmsis_os.o
 .ARM.attributes
                0x0000000000000368       0x33 Middlewares/Third_Party/FreeRTOS/Source/list.o
 .ARM.attributes
                0x000000000000039b       0x33 Middlewares/Third_Party/FreeRTOS/Source/tasks.o
 .ARM.attributes
                0x00000000000003ce       0x33 Middlewares/Third_Party/FreeRTOS/Source/portable/GCC/ARM_CM3/port.o
 .ARM.attributes
                0x0000000000000401       0x33 Middlewares/Third_Party/FreeRTOS/Source/portable/MemMang/heap_1.o
 .ARM.attributes
                0x0000000000000434       0x2d /Applications/STM32CubeIDE.app/Contents/Eclipse/plugins/com.st.stm32cube.ide.mcu.externaltools.gnu-tools-for-stm32.7-2018-q2-update.macos64_1.5.0.202011040924/tools/bin/../lib/gcc/arm-none-eabi/7.3.1/../../../../arm-none-eabi/lib/thumb/v7-m/libc_nano.a(lib_a-init.o)
 .ARM.attributes
                0x0000000000000461       0x2d /Applications/STM32CubeIDE.app/Contents/Eclipse/plugins/com.st.stm32cube.ide.mcu.externaltools.gnu-tools-for-stm32.7-2018-q2-update.macos64_1.5.0.202011040924/tools/bin/../lib/gcc/arm-none-eabi/7.3.1/../../../../arm-none-eabi/lib/thumb/v7-m/libc_nano.a(lib_a-itoa.o)
 .ARM.attributes
                0x000000000000048e       0x2d /Applications/STM32CubeIDE.app/Contents/Eclipse/plugins/com.st.stm32cube.ide.mcu.externaltools.gnu-tools-for-stm32.7-2018-q2-update.macos64_1.5.0.202011040924/tools/bin/../lib/gcc/arm-none-eabi/7.3.1/../../../../arm-none-eabi/lib/thumb/v7-m/libc_nano.a(lib_a-memset.o)
 .ARM.attributes
                0x00000000000004bb       0x17 /Applications/STM32CubeIDE.app/Contents/Eclipse/plugins/com.st.stm32cube.ide.mcu.externaltools.gnu-tools-for-stm32.7-2018-q2-update.macos64_1.5.0.202011040924/tools/bin/../lib/gcc/arm-none-eabi/7.3.1/../../../../arm-none-eabi/lib/thumb/v7-m/libc_nano.a(lib_a-strlen.o)
 .ARM.attributes
                0x00000000000004d2       0x2d /Applications/STM32CubeIDE.app/Contents/Eclipse/plugins/com.st.stm32cube.ide.mcu.externaltools.gnu-tools-for-stm32.7-2018-q2-update.macos64_1.5.0.202011040924/tools/bin/../lib/gcc/arm-none-eabi/7.3.1/../../../../arm-none-eabi/lib/thumb/v7-m/libc_nano.a(lib_a-strncmp.o)
 .ARM.attributes
                0x00000000000004ff       0x2d /Applications/STM32CubeIDE.app/Contents/Eclipse/plugins/com.st.stm32cube.ide.mcu.externaltools.gnu-tools-for-stm32.7-2018-q2-update.macos64_1.5.0.202011040924/tools/bin/../lib/gcc/arm-none-eabi/7.3.1/../../../../arm-none-eabi/lib/thumb/v7-m/libc_nano.a(lib_a-strncpy.o)
 .ARM.attributes
                0x000000000000052c       0x2d /Applications/STM32CubeIDE.app/Contents/Eclipse/plugins/com.st.stm32cube.ide.mcu.externaltools.gnu-tools-for-stm32.7-2018-q2-update.macos64_1.5.0.202011040924/tools/bin/../lib/gcc/arm-none-eabi/7.3.1/../../../../arm-none-eabi/lib/thumb/v7-m/libc_nano.a(lib_a-utoa.o)
 .ARM.attributes
                0x0000000000000559       0x1d /Applications/STM32CubeIDE.app/Contents/Eclipse/plugins/com.st.stm32cube.ide.mcu.externaltools.gnu-tools-for-stm32.7-2018-q2-update.macos64_1.5.0.202011040924/tools/bin/../lib/gcc/arm-none-eabi/7.3.1/thumb/v7-m/crtn.o
OUTPUT(FFFFRRR.elf elf32-littlearm)

.debug_info     0x0000000000000000    0x129e1
 .debug_info    0x0000000000000000      0x9b4 Core/Src/freertos.o
 .debug_info    0x00000000000009b4     0x2049 Core/Src/main.o
 .debug_info    0x00000000000029fd     0x11dd Core/Src/stm32f1xx_hal_msp.o
 .debug_info    0x0000000000003bda      0x9a1 Core/Src/stm32f1xx_hal_timebase_tim.o
 .debug_info    0x000000000000457b     0x118b Core/Src/stm32f1xx_it.o
 .debug_info    0x0000000000005706      0x2a8 Core/Src/system_stm32f1xx.o
 .debug_info    0x00000000000059ae       0x22 Core/Startup/startup_stm32f100rbtx.o
 .debug_info    0x00000000000059d0      0x696 Drivers/STM32F1xx_HAL_Driver/Src/stm32f1xx_hal.o
 .debug_info    0x0000000000006066      0xb45 Drivers/STM32F1xx_HAL_Driver/Src/stm32f1xx_hal_cortex.o
 .debug_info    0x0000000000006bab      0x7b1 Drivers/STM32F1xx_HAL_Driver/Src/stm32f1xx_hal_dma.o
 .debug_info    0x000000000000735c      0x6b5 Drivers/STM32F1xx_HAL_Driver/Src/stm32f1xx_hal_gpio.o
 .debug_info    0x0000000000007a11      0x78c Drivers/STM32F1xx_HAL_Driver/Src/stm32f1xx_hal_rcc.o
 .debug_info    0x000000000000819d     0x27ef Drivers/STM32F1xx_HAL_Driver/Src/stm32f1xx_hal_tim.o
 .debug_info    0x000000000000a98c     0x136f Drivers/STM32F1xx_HAL_Driver/Src/stm32f1xx_hal_tim_ex.o
 .debug_info    0x000000000000bcfb     0x121b Drivers/STM32F1xx_HAL_Driver/Src/stm32f1xx_hal_uart.o
 .debug_info    0x000000000000cf16     0x1ae4 Middlewares/Third_Party/FreeRTOS/Source/CMSIS_RTOS/cmsis_os.o
 .debug_info    0x000000000000e9fa      0xac5 Middlewares/Third_Party/FreeRTOS/Source/list.o
 .debug_info    0x000000000000f4bf     0x267b Middlewares/Third_Party/FreeRTOS/Source/tasks.o
 .debug_info    0x0000000000011b3a      0x4d2 Middlewares/Third_Party/FreeRTOS/Source/portable/GCC/ARM_CM3/port.o
 .debug_info    0x000000000001200c      0x9d5 Middlewares/Third_Party/FreeRTOS/Source/portable/MemMang/heap_1.o

.debug_abbrev   0x0000000000000000     0x2a06
 .debug_abbrev  0x0000000000000000      0x1af Core/Src/freertos.o
 .debug_abbrev  0x00000000000001af      0x375 Core/Src/main.o
 .debug_abbrev  0x0000000000000524      0x1f7 Core/Src/stm32f1xx_hal_msp.o
 .debug_abbrev  0x000000000000071b      0x19d Core/Src/stm32f1xx_hal_timebase_tim.o
 .debug_abbrev  0x00000000000008b8      0x1cb Core/Src/stm32f1xx_it.o
 .debug_abbrev  0x0000000000000a83      0x12b Core/Src/system_stm32f1xx.o
 .debug_abbrev  0x0000000000000bae       0x12 Core/Startup/startup_stm32f100rbtx.o
 .debug_abbrev  0x0000000000000bc0      0x1f2 Drivers/STM32F1xx_HAL_Driver/Src/stm32f1xx_hal.o
 .debug_abbrev  0x0000000000000db2      0x2d5 Drivers/STM32F1xx_HAL_Driver/Src/stm32f1xx_hal_cortex.o
 .debug_abbrev  0x0000000000001087      0x1fe Drivers/STM32F1xx_HAL_Driver/Src/stm32f1xx_hal_dma.o
 .debug_abbrev  0x0000000000001285      0x1c0 Drivers/STM32F1xx_HAL_Driver/Src/stm32f1xx_hal_gpio.o
 .debug_abbrev  0x0000000000001445      0x243 Drivers/STM32F1xx_HAL_Driver/Src/stm32f1xx_hal_rcc.o
 .debug_abbrev  0x0000000000001688      0x230 Drivers/STM32F1xx_HAL_Driver/Src/stm32f1xx_hal_tim.o
 .debug_abbrev  0x00000000000018b8      0x236 Drivers/STM32F1xx_HAL_Driver/Src/stm32f1xx_hal_tim_ex.o
 .debug_abbrev  0x0000000000001aee      0x242 Drivers/STM32F1xx_HAL_Driver/Src/stm32f1xx_hal_uart.o
 .debug_abbrev  0x0000000000001d30      0x379 Middlewares/Third_Party/FreeRTOS/Source/CMSIS_RTOS/cmsis_os.o
 .debug_abbrev  0x00000000000020a9      0x1cf Middlewares/Third_Party/FreeRTOS/Source/list.o
 .debug_abbrev  0x0000000000002278      0x352 Middlewares/Third_Party/FreeRTOS/Source/tasks.o
 .debug_abbrev  0x00000000000025ca      0x205 Middlewares/Third_Party/FreeRTOS/Source/portable/GCC/ARM_CM3/port.o
 .debug_abbrev  0x00000000000027cf      0x237 Middlewares/Third_Party/FreeRTOS/Source/portable/MemMang/heap_1.o

.debug_aranges  0x0000000000000000     0x1118
 .debug_aranges
                0x0000000000000000       0x28 Core/Src/freertos.o
 .debug_aranges
                0x0000000000000028       0xd0 Core/Src/main.o
 .debug_aranges
                0x00000000000000f8       0x30 Core/Src/stm32f1xx_hal_msp.o
 .debug_aranges
                0x0000000000000128       0x30 Core/Src/stm32f1xx_hal_timebase_tim.o
 .debug_aranges
                0x0000000000000158       0x68 Core/Src/stm32f1xx_it.o
 .debug_aranges
                0x00000000000001c0       0x28 Core/Src/system_stm32f1xx.o
 .debug_aranges
                0x00000000000001e8       0x28 Core/Startup/startup_stm32f100rbtx.o
 .debug_aranges
                0x0000000000000210       0xe0 Drivers/STM32F1xx_HAL_Driver/Src/stm32f1xx_hal.o
 .debug_aranges
                0x00000000000002f0      0x100 Drivers/STM32F1xx_HAL_Driver/Src/stm32f1xx_hal_cortex.o
 .debug_aranges
                0x00000000000003f0       0x80 Drivers/STM32F1xx_HAL_Driver/Src/stm32f1xx_hal_dma.o
 .debug_aranges
                0x0000000000000470       0x58 Drivers/STM32F1xx_HAL_Driver/Src/stm32f1xx_hal_gpio.o
 .debug_aranges
                0x00000000000004c8       0x90 Drivers/STM32F1xx_HAL_Driver/Src/stm32f1xx_hal_rcc.o
 .debug_aranges
                0x0000000000000558      0x3d0 Drivers/STM32F1xx_HAL_Driver/Src/stm32f1xx_hal_tim.o
 .debug_aranges
                0x0000000000000928      0x168 Drivers/STM32F1xx_HAL_Driver/Src/stm32f1xx_hal_tim_ex.o
 .debug_aranges
                0x0000000000000a90      0x1d0 Drivers/STM32F1xx_HAL_Driver/Src/stm32f1xx_hal_uart.o
 .debug_aranges
                0x0000000000000c60      0x1d8 Middlewares/Third_Party/FreeRTOS/Source/CMSIS_RTOS/cmsis_os.o
 .debug_aranges
                0x0000000000000e38       0x40 Middlewares/Third_Party/FreeRTOS/Source/list.o
 .debug_aranges
                0x0000000000000e78      0x1f0 Middlewares/Third_Party/FreeRTOS/Source/tasks.o
 .debug_aranges
                0x0000000000001068       0x78 Middlewares/Third_Party/FreeRTOS/Source/portable/GCC/ARM_CM3/port.o
 .debug_aranges
                0x00000000000010e0       0x38 Middlewares/Third_Party/FreeRTOS/Source/portable/MemMang/heap_1.o

.debug_ranges   0x0000000000000000      0xfe0
 .debug_ranges  0x0000000000000000       0x18 Core/Src/freertos.o
 .debug_ranges  0x0000000000000018       0xc0 Core/Src/main.o
 .debug_ranges  0x00000000000000d8       0x20 Core/Src/stm32f1xx_hal_msp.o
 .debug_ranges  0x00000000000000f8       0x20 Core/Src/stm32f1xx_hal_timebase_tim.o
 .debug_ranges  0x0000000000000118       0x58 Core/Src/stm32f1xx_it.o
 .debug_ranges  0x0000000000000170       0x18 Core/Src/system_stm32f1xx.o
 .debug_ranges  0x0000000000000188       0x20 Core/Startup/startup_stm32f100rbtx.o
 .debug_ranges  0x00000000000001a8       0xd0 Drivers/STM32F1xx_HAL_Driver/Src/stm32f1xx_hal.o
 .debug_ranges  0x0000000000000278       0xf0 Drivers/STM32F1xx_HAL_Driver/Src/stm32f1xx_hal_cortex.o
 .debug_ranges  0x0000000000000368       0x70 Drivers/STM32F1xx_HAL_Driver/Src/stm32f1xx_hal_dma.o
 .debug_ranges  0x00000000000003d8       0x48 Drivers/STM32F1xx_HAL_Driver/Src/stm32f1xx_hal_gpio.o
 .debug_ranges  0x0000000000000420       0x80 Drivers/STM32F1xx_HAL_Driver/Src/stm32f1xx_hal_rcc.o
 .debug_ranges  0x00000000000004a0      0x3c0 Drivers/STM32F1xx_HAL_Driver/Src/stm32f1xx_hal_tim.o
 .debug_ranges  0x0000000000000860      0x158 Drivers/STM32F1xx_HAL_Driver/Src/stm32f1xx_hal_tim_ex.o
 .debug_ranges  0x00000000000009b8      0x1c0 Drivers/STM32F1xx_HAL_Driver/Src/stm32f1xx_hal_uart.o
 .debug_ranges  0x0000000000000b78      0x1c8 Middlewares/Third_Party/FreeRTOS/Source/CMSIS_RTOS/cmsis_os.o
 .debug_ranges  0x0000000000000d40       0x30 Middlewares/Third_Party/FreeRTOS/Source/list.o
 .debug_ranges  0x0000000000000d70      0x1e0 Middlewares/Third_Party/FreeRTOS/Source/tasks.o
 .debug_ranges  0x0000000000000f50       0x68 Middlewares/Third_Party/FreeRTOS/Source/portable/GCC/ARM_CM3/port.o
 .debug_ranges  0x0000000000000fb8       0x28 Middlewares/Third_Party/FreeRTOS/Source/portable/MemMang/heap_1.o

.debug_macro    0x0000000000000000    0x130ee
 .debug_macro   0x0000000000000000      0x3c8 Core/Src/freertos.o
 .debug_macro   0x00000000000003c8      0xa5a Core/Src/freertos.o
 .debug_macro   0x0000000000000e22      0x174 Core/Src/freertos.o
 .debug_macro   0x0000000000000f96       0x22 Core/Src/freertos.o
 .debug_macro   0x0000000000000fb8       0x8e Core/Src/freertos.o
 .debug_macro   0x0000000000001046       0x51 Core/Src/freertos.o
 .debug_macro   0x0000000000001097       0xef Core/Src/freertos.o
 .debug_macro   0x0000000000001186       0x6a Core/Src/freertos.o
 .debug_macro   0x00000000000011f0      0x1df Core/Src/freertos.o
 .debug_macro   0x00000000000013cf       0xf7 Core/Src/freertos.o
 .debug_macro   0x00000000000014c6      0x15a Core/Src/freertos.o
 .debug_macro   0x0000000000001620       0xd7 Core/Src/freertos.o
 .debug_macro   0x00000000000016f7       0x10 Core/Src/freertos.o
 .debug_macro   0x0000000000001707       0x1f Core/Src/freertos.o
 .debug_macro   0x0000000000001726      0x49b Core/Src/freertos.o
 .debug_macro   0x0000000000001bc1       0xb5 Core/Src/freertos.o
 .debug_macro   0x0000000000001c76       0x8c Core/Src/freertos.o
 .debug_macro   0x0000000000001d02      0x221 Core/Src/freertos.o
 .debug_macro   0x0000000000001f23       0x2e Core/Src/freertos.o
 .debug_macro   0x0000000000001f51       0x22 Core/Src/freertos.o
 .debug_macro   0x0000000000001f73       0x1c Core/Src/freertos.o
 .debug_macro   0x0000000000001f8f       0x22 Core/Src/freertos.o
 .debug_macro   0x0000000000001fb1       0xc3 Core/Src/freertos.o
 .debug_macro   0x0000000000002074      0xd23 Core/Src/freertos.o
 .debug_macro   0x0000000000002d97     0x75c2 Core/Src/freertos.o
 .debug_macro   0x000000000000a359       0x43 Core/Src/freertos.o
 .debug_macro   0x000000000000a39c     0x3468 Core/Src/freertos.o
 .debug_macro   0x000000000000d804       0x5c Core/Src/freertos.o
 .debug_macro   0x000000000000d860      0x5be Core/Src/freertos.o
 .debug_macro   0x000000000000de1e      0x369 Core/Src/freertos.o
 .debug_macro   0x000000000000e187      0x1cb Core/Src/freertos.o
 .debug_macro   0x000000000000e352      0x114 Core/Src/freertos.o
 .debug_macro   0x000000000000e466      0x1f1 Core/Src/freertos.o
 .debug_macro   0x000000000000e657       0x27 Core/Src/freertos.o
 .debug_macro   0x000000000000e67e      0x130 Core/Src/freertos.o
 .debug_macro   0x000000000000e7ae      0x1bc Core/Src/freertos.o
 .debug_macro   0x000000000000e96a       0x34 Core/Src/freertos.o
 .debug_macro   0x000000000000e99e       0x3c Core/Src/freertos.o
 .debug_macro   0x000000000000e9da       0x57 Core/Src/freertos.o
 .debug_macro   0x000000000000ea31       0x6c Core/Src/freertos.o
 .debug_macro   0x000000000000ea9d      0x241 Core/Src/freertos.o
 .debug_macro   0x000000000000ecde      0x141 Core/Src/freertos.o
 .debug_macro   0x000000000000ee1f      0x8d1 Core/Src/freertos.o
 .debug_macro   0x000000000000f6f0      0x287 Core/Src/freertos.o
 .debug_macro   0x000000000000f977       0x9f Core/Src/freertos.o
 .debug_macro   0x000000000000fa16       0x18 Core/Src/freertos.o
 .debug_macro   0x000000000000fa2e       0x46 Core/Src/freertos.o
 .debug_macro   0x000000000000fa74       0x3c Core/Src/freertos.o
 .debug_macro   0x000000000000fab0       0x34 Core/Src/freertos.o
 .debug_macro   0x000000000000fae4       0x16 Core/Src/freertos.o
 .debug_macro   0x000000000000fafa       0x35 Core/Src/freertos.o
 .debug_macro   0x000000000000fb2f       0x52 Core/Src/freertos.o
 .debug_macro   0x000000000000fb81       0x1f Core/Src/freertos.o
 .debug_macro   0x000000000000fba0       0x43 Core/Src/freertos.o
 .debug_macro   0x000000000000fbe3       0x20 Core/Src/freertos.o
 .debug_macro   0x000000000000fc03      0x1a3 Core/Src/freertos.o
 .debug_macro   0x000000000000fda6      0x32a Core/Src/freertos.o
 .debug_macro   0x00000000000100d0       0x16 Core/Src/freertos.o
 .debug_macro   0x00000000000100e6       0x29 Core/Src/freertos.o
 .debug_macro   0x000000000001010f       0x1c Core/Src/freertos.o
 .debug_macro   0x000000000001012b       0x10 Core/Src/freertos.o
 .debug_macro   0x000000000001013b       0x10 Core/Src/freertos.o
 .debug_macro   0x000000000001014b       0x1c Core/Src/freertos.o
 .debug_macro   0x0000000000010167       0x52 Core/Src/freertos.o
 .debug_macro   0x00000000000101b9       0x40 Core/Src/freertos.o
 .debug_macro   0x00000000000101f9       0x10 Core/Src/freertos.o
 .debug_macro   0x0000000000010209       0x40 Core/Src/freertos.o
 .debug_macro   0x0000000000010249       0xd7 Core/Src/freertos.o
 .debug_macro   0x0000000000010320       0x1c Core/Src/freertos.o
 .debug_macro   0x000000000001033c       0x3d Core/Src/freertos.o
 .debug_macro   0x0000000000010379       0x16 Core/Src/freertos.o
 .debug_macro   0x000000000001038f      0x145 Core/Src/freertos.o
 .debug_macro   0x00000000000104d4       0x16 Core/Src/freertos.o
 .debug_macro   0x00000000000104ea       0x20 Core/Src/freertos.o
 .debug_macro   0x000000000001050a      0x45d Core/Src/main.o
 .debug_macro   0x0000000000010967       0xf7 Core/Src/main.o
 .debug_macro   0x0000000000010a5e       0x91 Core/Src/main.o
 .debug_macro   0x0000000000010aef       0x86 Core/Src/main.o
 .debug_macro   0x0000000000010b75       0x69 Core/Src/main.o
 .debug_macro   0x0000000000010bde       0xcf Core/Src/main.o
 .debug_macro   0x0000000000010cad      0x1e1 Core/Src/main.o
 .debug_macro   0x0000000000010e8e       0x22 Core/Src/main.o
 .debug_macro   0x0000000000010eb0      0x360 Core/Src/stm32f1xx_hal_msp.o
 .debug_macro   0x0000000000011210      0x1a2 Core/Src/stm32f1xx_hal_timebase_tim.o
 .debug_macro   0x00000000000113b2      0x36a Core/Src/stm32f1xx_it.o
 .debug_macro   0x000000000001171c      0x1a2 Core/Src/system_stm32f1xx.o
 .debug_macro   0x00000000000118be      0x1c6 Drivers/STM32F1xx_HAL_Driver/Src/stm32f1xx_hal.o
 .debug_macro   0x0000000000011a84      0x1a2 Drivers/STM32F1xx_HAL_Driver/Src/stm32f1xx_hal_cortex.o
 .debug_macro   0x0000000000011c26      0x1a2 Drivers/STM32F1xx_HAL_Driver/Src/stm32f1xx_hal_dma.o
 .debug_macro   0x0000000000011dc8      0x20d Drivers/STM32F1xx_HAL_Driver/Src/stm32f1xx_hal_gpio.o
 .debug_macro   0x0000000000011fd5      0x1b4 Drivers/STM32F1xx_HAL_Driver/Src/stm32f1xx_hal_rcc.o
 .debug_macro   0x0000000000012189      0x1a3 Drivers/STM32F1xx_HAL_Driver/Src/stm32f1xx_hal_tim.o
 .debug_macro   0x000000000001232c      0x1a2 Drivers/STM32F1xx_HAL_Driver/Src/stm32f1xx_hal_tim_ex.o
 .debug_macro   0x00000000000124ce      0x1a3 Drivers/STM32F1xx_HAL_Driver/Src/stm32f1xx_hal_uart.o
 .debug_macro   0x0000000000012671      0x1f3 Middlewares/Third_Party/FreeRTOS/Source/CMSIS_RTOS/cmsis_os.o
 .debug_macro   0x0000000000012864       0x10 Middlewares/Third_Party/FreeRTOS/Source/CMSIS_RTOS/cmsis_os.o
 .debug_macro   0x0000000000012874       0xab Middlewares/Third_Party/FreeRTOS/Source/CMSIS_RTOS/cmsis_os.o
 .debug_macro   0x000000000001291f      0x17a Middlewares/Third_Party/FreeRTOS/Source/list.o
 .debug_macro   0x0000000000012a99      0x338 Middlewares/Third_Party/FreeRTOS/Source/tasks.o
 .debug_macro   0x0000000000012dd1       0x10 Middlewares/Third_Party/FreeRTOS/Source/tasks.o
 .debug_macro   0x0000000000012de1      0x172 Middlewares/Third_Party/FreeRTOS/Source/portable/GCC/ARM_CM3/port.o
 .debug_macro   0x0000000000012f53      0x19b Middlewares/Third_Party/FreeRTOS/Source/portable/MemMang/heap_1.o

.debug_line     0x0000000000000000     0xe1fb
 .debug_line    0x0000000000000000      0x9e6 Core/Src/freertos.o
 .debug_line    0x00000000000009e6      0xe93 Core/Src/main.o
 .debug_line    0x0000000000001879      0x92c Core/Src/stm32f1xx_hal_msp.o
 .debug_line    0x00000000000021a5      0x6db Core/Src/stm32f1xx_hal_timebase_tim.o
 .debug_line    0x0000000000002880      0x99a Core/Src/stm32f1xx_it.o
 .debug_line    0x000000000000321a      0x6c8 Core/Src/system_stm32f1xx.o
 .debug_line    0x00000000000038e2       0x84 Core/Startup/startup_stm32f100rbtx.o
 .debug_line    0x0000000000003966      0x881 Drivers/STM32F1xx_HAL_Driver/Src/stm32f1xx_hal.o
 .debug_line    0x00000000000041e7      0x959 Drivers/STM32F1xx_HAL_Driver/Src/stm32f1xx_hal_cortex.o
 .debug_line    0x0000000000004b40      0xae7 Drivers/STM32F1xx_HAL_Driver/Src/stm32f1xx_hal_dma.o
 .debug_line    0x0000000000005627      0x87e Drivers/STM32F1xx_HAL_Driver/Src/stm32f1xx_hal_gpio.o
 .debug_line    0x0000000000005ea5      0x93b Drivers/STM32F1xx_HAL_Driver/Src/stm32f1xx_hal_rcc.o
 .debug_line    0x00000000000067e0     0x228d Drivers/STM32F1xx_HAL_Driver/Src/stm32f1xx_hal_tim.o
 .debug_line    0x0000000000008a6d     0x131b Drivers/STM32F1xx_HAL_Driver/Src/stm32f1xx_hal_tim_ex.o
 .debug_line    0x0000000000009d88      0xfc7 Drivers/STM32F1xx_HAL_Driver/Src/stm32f1xx_hal_uart.o
 .debug_line    0x000000000000ad4f      0xce4 Middlewares/Third_Party/FreeRTOS/Source/CMSIS_RTOS/cmsis_os.o
 .debug_line    0x000000000000ba33      0x6a7 Middlewares/Third_Party/FreeRTOS/Source/list.o
 .debug_line    0x000000000000c0da     0x13e2 Middlewares/Third_Party/FreeRTOS/Source/tasks.o
 .debug_line    0x000000000000d4bc      0x68d Middlewares/Third_Party/FreeRTOS/Source/portable/GCC/ARM_CM3/port.o
 .debug_line    0x000000000000db49      0x6b2 Middlewares/Third_Party/FreeRTOS/Source/portable/MemMang/heap_1.o

.debug_str      0x0000000000000000    0x71e81
 .debug_str     0x0000000000000000    0x69db7 Core/Src/freertos.o
                                      0x6a1c7 (size before relaxing)
 .debug_str     0x0000000000069db7     0x32b3 Core/Src/main.o
                                      0x6d601 (size before relaxing)
 .debug_str     0x000000000006d06a       0x7a Core/Src/stm32f1xx_hal_msp.o
                                      0x66eee (size before relaxing)
 .debug_str     0x000000000006d0e4       0xaa Core/Src/stm32f1xx_hal_timebase_tim.o
                                      0x62df7 (size before relaxing)
 .debug_str     0x000000000006d18e       0xe6 Core/Src/stm32f1xx_it.o
                                      0x66ed3 (size before relaxing)
 .debug_str     0x000000000006d274       0x60 Core/Src/system_stm32f1xx.o
                                      0x625c4 (size before relaxing)
 .debug_str     0x000000000006d2d4       0x36 Core/Startup/startup_stm32f100rbtx.o
                                         0x67 (size before relaxing)
 .debug_str     0x000000000006d30a      0x29e Drivers/STM32F1xx_HAL_Driver/Src/stm32f1xx_hal.o
                                      0x62c01 (size before relaxing)
 .debug_str     0x000000000006d5a8      0x2f7 Drivers/STM32F1xx_HAL_Driver/Src/stm32f1xx_hal_cortex.o
                                      0x62c22 (size before relaxing)
 .debug_str     0x000000000006d89f      0x235 Drivers/STM32F1xx_HAL_Driver/Src/stm32f1xx_hal_dma.o
                                      0x62987 (size before relaxing)
 .debug_str     0x000000000006dad4      0x31f Drivers/STM32F1xx_HAL_Driver/Src/stm32f1xx_hal_gpio.o
                                      0x62976 (size before relaxing)
 .debug_str     0x000000000006ddf3      0x245 Drivers/STM32F1xx_HAL_Driver/Src/stm32f1xx_hal_rcc.o
                                      0x62990 (size before relaxing)
 .debug_str     0x000000000006e038      0xe42 Drivers/STM32F1xx_HAL_Driver/Src/stm32f1xx_hal_tim.o
                                      0x6397b (size before relaxing)
 .debug_str     0x000000000006ee7a      0x561 Drivers/STM32F1xx_HAL_Driver/Src/stm32f1xx_hal_tim_ex.o
                                      0x63155 (size before relaxing)
 .debug_str     0x000000000006f3db      0x52d Drivers/STM32F1xx_HAL_Driver/Src/stm32f1xx_hal_uart.o
                                      0x62eaf (size before relaxing)
 .debug_str     0x000000000006f908      0x780 Middlewares/Third_Party/FreeRTOS/Source/CMSIS_RTOS/cmsis_os.o
                                       0xd2ff (size before relaxing)
 .debug_str     0x0000000000070088      0x148 Middlewares/Third_Party/FreeRTOS/Source/list.o
                                       0xa50a (size before relaxing)
 .debug_str     0x00000000000701d0     0x14bb Middlewares/Third_Party/FreeRTOS/Source/tasks.o
                                       0xda37 (size before relaxing)
 .debug_str     0x000000000007168b      0x6ee Middlewares/Third_Party/FreeRTOS/Source/portable/GCC/ARM_CM3/port.o
                                       0x80ee (size before relaxing)
 .debug_str     0x0000000000071d79      0x108 Middlewares/Third_Party/FreeRTOS/Source/portable/MemMang/heap_1.o
                                       0xaad0 (size before relaxing)

.comment        0x0000000000000000       0x7b
 .comment       0x0000000000000000       0x7b Core/Src/freertos.o
                                         0x7c (size before relaxing)
 .comment       0x000000000000007b       0x7c Core/Src/main.o
 .comment       0x000000000000007b       0x7c Core/Src/stm32f1xx_hal_msp.o
 .comment       0x000000000000007b       0x7c Core/Src/stm32f1xx_hal_timebase_tim.o
 .comment       0x000000000000007b       0x7c Core/Src/stm32f1xx_it.o
 .comment       0x000000000000007b       0x7c Core/Src/system_stm32f1xx.o
 .comment       0x000000000000007b       0x7c Drivers/STM32F1xx_HAL_Driver/Src/stm32f1xx_hal.o
 .comment       0x000000000000007b       0x7c Drivers/STM32F1xx_HAL_Driver/Src/stm32f1xx_hal_cortex.o
 .comment       0x000000000000007b       0x7c Drivers/STM32F1xx_HAL_Driver/Src/stm32f1xx_hal_dma.o
 .comment       0x000000000000007b       0x7c Drivers/STM32F1xx_HAL_Driver/Src/stm32f1xx_hal_gpio.o
 .comment       0x000000000000007b       0x7c Drivers/STM32F1xx_HAL_Driver/Src/stm32f1xx_hal_rcc.o
 .comment       0x000000000000007b       0x7c Drivers/STM32F1xx_HAL_Driver/Src/stm32f1xx_hal_tim.o
 .comment       0x000000000000007b       0x7c Drivers/STM32F1xx_HAL_Driver/Src/stm32f1xx_hal_tim_ex.o
 .comment       0x000000000000007b       0x7c Drivers/STM32F1xx_HAL_Driver/Src/stm32f1xx_hal_uart.o
 .comment       0x000000000000007b       0x7c Middlewares/Third_Party/FreeRTOS/Source/CMSIS_RTOS/cmsis_os.o
 .comment       0x000000000000007b       0x7c Middlewares/Third_Party/FreeRTOS/Source/list.o
 .comment       0x000000000000007b       0x7c Middlewares/Third_Party/FreeRTOS/Source/tasks.o
 .comment       0x000000000000007b       0x7c Middlewares/Third_Party/FreeRTOS/Source/portable/GCC/ARM_CM3/port.o
 .comment       0x000000000000007b       0x7c Middlewares/Third_Party/FreeRTOS/Source/portable/MemMang/heap_1.o

.debug_frame    0x0000000000000000     0x476c
 .debug_frame   0x0000000000000000       0x50 Core/Src/freertos.o
 .debug_frame   0x0000000000000050      0x324 Core/Src/main.o
 .debug_frame   0x0000000000000374       0x7c Core/Src/stm32f1xx_hal_msp.o
 .debug_frame   0x00000000000003f0       0x74 Core/Src/stm32f1xx_hal_timebase_tim.o
 .debug_frame   0x0000000000000464      0x118 Core/Src/stm32f1xx_it.o
 .debug_frame   0x000000000000057c       0x58 Core/Src/system_stm32f1xx.o
 .debug_frame   0x00000000000005d4      0x334 Drivers/STM32F1xx_HAL_Driver/Src/stm32f1xx_hal.o
 .debug_frame   0x0000000000000908      0x428 Drivers/STM32F1xx_HAL_Driver/Src/stm32f1xx_hal_cortex.o
 .debug_frame   0x0000000000000d30      0x208 Drivers/STM32F1xx_HAL_Driver/Src/stm32f1xx_hal_dma.o
 .debug_frame   0x0000000000000f38      0x14c Drivers/STM32F1xx_HAL_Driver/Src/stm32f1xx_hal_gpio.o
 .debug_frame   0x0000000000001084      0x21c Drivers/STM32F1xx_HAL_Driver/Src/stm32f1xx_hal_rcc.o
 .debug_frame   0x00000000000012a0     0x11b8 Drivers/STM32F1xx_HAL_Driver/Src/stm32f1xx_hal_tim.o
 .debug_frame   0x0000000000002458      0x638 Drivers/STM32F1xx_HAL_Driver/Src/stm32f1xx_hal_tim_ex.o
 .debug_frame   0x0000000000002a90      0x834 Drivers/STM32F1xx_HAL_Driver/Src/stm32f1xx_hal_uart.o
 .debug_frame   0x00000000000032c4      0x804 Middlewares/Third_Party/FreeRTOS/Source/CMSIS_RTOS/cmsis_os.o
 .debug_frame   0x0000000000003ac8       0xd8 Middlewares/Third_Party/FreeRTOS/Source/list.o
 .debug_frame   0x0000000000003ba0      0x878 Middlewares/Third_Party/FreeRTOS/Source/tasks.o
 .debug_frame   0x0000000000004418      0x198 Middlewares/Third_Party/FreeRTOS/Source/portable/GCC/ARM_CM3/port.o
 .debug_frame   0x00000000000045b0       0x9c Middlewares/Third_Party/FreeRTOS/Source/portable/MemMang/heap_1.o
 .debug_frame   0x000000000000464c       0x2c /Applications/STM32CubeIDE.app/Contents/Eclipse/plugins/com.st.stm32cube.ide.mcu.externaltools.gnu-tools-for-stm32.7-2018-q2-update.macos64_1.5.0.202011040924/tools/bin/../lib/gcc/arm-none-eabi/7.3.1/../../../../arm-none-eabi/lib/thumb/v7-m/libc_nano.a(lib_a-init.o)
 .debug_frame   0x0000000000004678       0x38 /Applications/STM32CubeIDE.app/Contents/Eclipse/plugins/com.st.stm32cube.ide.mcu.externaltools.gnu-tools-for-stm32.7-2018-q2-update.macos64_1.5.0.202011040924/tools/bin/../lib/gcc/arm-none-eabi/7.3.1/../../../../arm-none-eabi/lib/thumb/v7-m/libc_nano.a(lib_a-itoa.o)
 .debug_frame   0x00000000000046b0       0x20 /Applications/STM32CubeIDE.app/Contents/Eclipse/plugins/com.st.stm32cube.ide.mcu.externaltools.gnu-tools-for-stm32.7-2018-q2-update.macos64_1.5.0.202011040924/tools/bin/../lib/gcc/arm-none-eabi/7.3.1/../../../../arm-none-eabi/lib/thumb/v7-m/libc_nano.a(lib_a-memset.o)
 .debug_frame   0x00000000000046d0       0x28 /Applications/STM32CubeIDE.app/Contents/Eclipse/plugins/com.st.stm32cube.ide.mcu.externaltools.gnu-tools-for-stm32.7-2018-q2-update.macos64_1.5.0.202011040924/tools/bin/../lib/gcc/arm-none-eabi/7.3.1/../../../../arm-none-eabi/lib/thumb/v7-m/libc_nano.a(lib_a-strncmp.o)
 .debug_frame   0x00000000000046f8       0x2c /Applications/STM32CubeIDE.app/Contents/Eclipse/plugins/com.st.stm32cube.ide.mcu.externaltools.gnu-tools-for-stm32.7-2018-q2-update.macos64_1.5.0.202011040924/tools/bin/../lib/gcc/arm-none-eabi/7.3.1/../../../../arm-none-eabi/lib/thumb/v7-m/libc_nano.a(lib_a-strncpy.o)
 .debug_frame   0x0000000000004724       0x48 /Applications/STM32CubeIDE.app/Contents/Eclipse/plugins/com.st.stm32cube.ide.mcu.externaltools.gnu-tools-for-stm32.7-2018-q2-update.macos64_1.5.0.202011040924/tools/bin/../lib/gcc/arm-none-eabi/7.3.1/../../../../arm-none-eabi/lib/thumb/v7-m/libc_nano.a(lib_a-utoa.o)
