LCD.h:19:6:displaySPI2_Init	4	static
LCD.h:49:6:SPI2_Write	16	static
LCD.h:56:6:display_cmd	16	static
LCD.h:60:6:display_data	16	static
LCD.h:64:6:display_Init	8	static
LCD.h:74:6:display_light_on	4	static
LCD.h:82:6:display_light_off	4	static
LCD.h:85:6:display_setpos	16	static
LCD.h:89:6:display_clear	16	static
LCD.h:97:6:printchar	24	static
LCD.h:108:6:printstring	16	static
LCD.h:115:6:printstring_at	16	static
main.c:124:5:main	80	static
main.c:222:6:SystemClock_Config	72	static
main.c:257:13:MX_USART1_UART_Init	8	static
main.c:286:13:MX_DMA_Init	16	static
main.c:306:13:MX_GPIO_Init	40	static
main.c:327:6:Parser	16	static
main.c:454:6:StartLCDPrint	24	static
main.c:479:6:StartUART_DMAParser	48	static,ignoring_inline_asm
main.c:606:6:StartNMEAParser	32	static
main.c:626:6:HAL_TIM_PeriodElapsedCallback	16	static
main.c:642:6:Error_Handler	4	static,ignoring_inline_asm
