Archive member included to satisfy reference by file (symbol)

/Applications/STM32CubeIDE.app/Contents/Eclipse/plugins/com.st.stm32cube.ide.mcu.externaltools.gnu-tools-for-stm32.7-2018-q2-update.macos64_1.5.0.202011040924/tools/bin/../lib/gcc/arm-none-eabi/7.3.1/../../../../arm-none-eabi/lib/thumb/v7-m/libc_nano.a(lib_a-errno.o)
                              Core/Src/syscalls.o (__errno)
/Applications/STM32CubeIDE.app/Contents/Eclipse/plugins/com.st.stm32cube.ide.mcu.externaltools.gnu-tools-for-stm32.7-2018-q2-update.macos64_1.5.0.202011040924/tools/bin/../lib/gcc/arm-none-eabi/7.3.1/../../../../arm-none-eabi/lib/thumb/v7-m/libc_nano.a(lib_a-exit.o)
                              /Applications/STM32CubeIDE.app/Contents/Eclipse/plugins/com.st.stm32cube.ide.mcu.externaltools.gnu-tools-for-stm32.7-2018-q2-update.macos64_1.5.0.202011040924/tools/bin/../lib/gcc/arm-none-eabi/7.3.1/../../../../arm-none-eabi/lib/thumb/v7-m/crt0.o (exit)
/Applications/STM32CubeIDE.app/Contents/Eclipse/plugins/com.st.stm32cube.ide.mcu.externaltools.gnu-tools-for-stm32.7-2018-q2-update.macos64_1.5.0.202011040924/tools/bin/../lib/gcc/arm-none-eabi/7.3.1/../../../../arm-none-eabi/lib/thumb/v7-m/libc_nano.a(lib_a-impure.o)
                              /Applications/STM32CubeIDE.app/Contents/Eclipse/plugins/com.st.stm32cube.ide.mcu.externaltools.gnu-tools-for-stm32.7-2018-q2-update.macos64_1.5.0.202011040924/tools/bin/../lib/gcc/arm-none-eabi/7.3.1/../../../../arm-none-eabi/lib/thumb/v7-m/libc_nano.a(lib_a-exit.o) (_global_impure_ptr)
/Applications/STM32CubeIDE.app/Contents/Eclipse/plugins/com.st.stm32cube.ide.mcu.externaltools.gnu-tools-for-stm32.7-2018-q2-update.macos64_1.5.0.202011040924/tools/bin/../lib/gcc/arm-none-eabi/7.3.1/../../../../arm-none-eabi/lib/thumb/v7-m/libc_nano.a(lib_a-init.o)
                              /Applications/STM32CubeIDE.app/Contents/Eclipse/plugins/com.st.stm32cube.ide.mcu.externaltools.gnu-tools-for-stm32.7-2018-q2-update.macos64_1.5.0.202011040924/tools/bin/../lib/gcc/arm-none-eabi/7.3.1/../../../../arm-none-eabi/lib/thumb/v7-m/crt0.o (__libc_init_array)
/Applications/STM32CubeIDE.app/Contents/Eclipse/plugins/com.st.stm32cube.ide.mcu.externaltools.gnu-tools-for-stm32.7-2018-q2-update.macos64_1.5.0.202011040924/tools/bin/../lib/gcc/arm-none-eabi/7.3.1/../../../../arm-none-eabi/lib/thumb/v7-m/libc_nano.a(lib_a-malloc.o)
                              Core/Src/main.o (malloc)
/Applications/STM32CubeIDE.app/Contents/Eclipse/plugins/com.st.stm32cube.ide.mcu.externaltools.gnu-tools-for-stm32.7-2018-q2-update.macos64_1.5.0.202011040924/tools/bin/../lib/gcc/arm-none-eabi/7.3.1/../../../../arm-none-eabi/lib/thumb/v7-m/libc_nano.a(lib_a-memset.o)
                              /Applications/STM32CubeIDE.app/Contents/Eclipse/plugins/com.st.stm32cube.ide.mcu.externaltools.gnu-tools-for-stm32.7-2018-q2-update.macos64_1.5.0.202011040924/tools/bin/../lib/gcc/arm-none-eabi/7.3.1/../../../../arm-none-eabi/lib/thumb/v7-m/crt0.o (memset)
/Applications/STM32CubeIDE.app/Contents/Eclipse/plugins/com.st.stm32cube.ide.mcu.externaltools.gnu-tools-for-stm32.7-2018-q2-update.macos64_1.5.0.202011040924/tools/bin/../lib/gcc/arm-none-eabi/7.3.1/../../../../arm-none-eabi/lib/thumb/v7-m/libc_nano.a(lib_a-nano-freer.o)
                              /Applications/STM32CubeIDE.app/Contents/Eclipse/plugins/com.st.stm32cube.ide.mcu.externaltools.gnu-tools-for-stm32.7-2018-q2-update.macos64_1.5.0.202011040924/tools/bin/../lib/gcc/arm-none-eabi/7.3.1/../../../../arm-none-eabi/lib/thumb/v7-m/libc_nano.a(lib_a-malloc.o) (_free_r)
/Applications/STM32CubeIDE.app/Contents/Eclipse/plugins/com.st.stm32cube.ide.mcu.externaltools.gnu-tools-for-stm32.7-2018-q2-update.macos64_1.5.0.202011040924/tools/bin/../lib/gcc/arm-none-eabi/7.3.1/../../../../arm-none-eabi/lib/thumb/v7-m/libc_nano.a(lib_a-nano-mallocr.o)
                              /Applications/STM32CubeIDE.app/Contents/Eclipse/plugins/com.st.stm32cube.ide.mcu.externaltools.gnu-tools-for-stm32.7-2018-q2-update.macos64_1.5.0.202011040924/tools/bin/../lib/gcc/arm-none-eabi/7.3.1/../../../../arm-none-eabi/lib/thumb/v7-m/libc_nano.a(lib_a-malloc.o) (_malloc_r)
/Applications/STM32CubeIDE.app/Contents/Eclipse/plugins/com.st.stm32cube.ide.mcu.externaltools.gnu-tools-for-stm32.7-2018-q2-update.macos64_1.5.0.202011040924/tools/bin/../lib/gcc/arm-none-eabi/7.3.1/../../../../arm-none-eabi/lib/thumb/v7-m/libc_nano.a(lib_a-sbrkr.o)
                              /Applications/STM32CubeIDE.app/Contents/Eclipse/plugins/com.st.stm32cube.ide.mcu.externaltools.gnu-tools-for-stm32.7-2018-q2-update.macos64_1.5.0.202011040924/tools/bin/../lib/gcc/arm-none-eabi/7.3.1/../../../../arm-none-eabi/lib/thumb/v7-m/libc_nano.a(lib_a-nano-mallocr.o) (_sbrk_r)
/Applications/STM32CubeIDE.app/Contents/Eclipse/plugins/com.st.stm32cube.ide.mcu.externaltools.gnu-tools-for-stm32.7-2018-q2-update.macos64_1.5.0.202011040924/tools/bin/../lib/gcc/arm-none-eabi/7.3.1/../../../../arm-none-eabi/lib/thumb/v7-m/libc_nano.a(lib_a-sf_modf.o)
[...]
Memory Configuration

Name             Origin             Length             Attributes
RAM              0x0000000020000000 0x0000000000002000 xrw
FLASH            0x0000000008000000 0x0000000000020000 xr
*default*        0x0000000000000000 0xffffffffffffffff

Linker script and memory map

LOAD /Applications/STM32CubeIDE.app/Contents/Eclipse/plugins/com.st.stm32cube.ide.mcu.externaltools.gnu-tools-for-stm32.7-2018-q2-update.macos64_1.5.0.202011040924/tools/bin/../lib/gcc/arm-none-eabi/7.3.1/thumb/v7-m/crti.o
LOAD /Applications/STM32CubeIDE.app/Contents/Eclipse/plugins/com.st.stm32cube.ide.mcu.externaltools.gnu-tools-for-stm32.7-2018-q2-update.macos64_1.5.0.202011040924/tools/bin/../lib/gcc/arm-none-eabi/7.3.1/thumb/v7-m/crtbegin.o
LOAD /Applications/STM32CubeIDE.app/Contents/Eclipse/plugins/com.st.stm32cube.ide.mcu.externaltools.gnu-tools-for-stm32.7-2018-q2-update.macos64_1.5.0.202011040924/tools/bin/../lib/gcc/arm-none-eabi/7.3.1/../../../../arm-none-eabi/lib/thumb/v7-m/crt0.o
LOAD Core/Src/main.o
LOAD Core/Src/stm32f1xx_hal_msp.o
LOAD Core/Src/stm32f1xx_it.o
LOAD Core/Src/syscalls.o
LOAD Core/Src/sysmem.o
LOAD Core/Src/system_stm32f1xx.o
LOAD Core/Startup/startup_stm32f100rbtx.o
LOAD Drivers/STM32F1xx_HAL_Driver/Src/stm32f1xx_hal.o
LOAD Drivers/STM32F1xx_HAL_Driver/Src/stm32f1xx_hal_cortex.o
LOAD Drivers/STM32F1xx_HAL_Driver/Src/stm32f1xx_hal_dma.o
LOAD Drivers/STM32F1xx_HAL_Driver/Src/stm32f1xx_hal_exti.o
LOAD Drivers/STM32F1xx_HAL_Driver/Src/stm32f1xx_hal_flash.o
LOAD Drivers/STM32F1xx_HAL_Driver/Src/stm32f1xx_hal_flash_ex.o
LOAD Drivers/STM32F1xx_HAL_Driver/Src/stm32f1xx_hal_gpio.o
LOAD Drivers/STM32F1xx_HAL_Driver/Src/stm32f1xx_hal_gpio_ex.o
LOAD Drivers/STM32F1xx_HAL_Driver/Src/stm32f1xx_hal_pwr.o
LOAD Drivers/STM32F1xx_HAL_Driver/Src/stm32f1xx_hal_rcc.o
LOAD Drivers/STM32F1xx_HAL_Driver/Src/stm32f1xx_hal_rcc_ex.o
LOAD Drivers/STM32F1xx_HAL_Driver/Src/stm32f1xx_hal_tim.o
LOAD Drivers/STM32F1xx_HAL_Driver/Src/stm32f1xx_hal_tim_ex.o
START GROUP
LOAD /Applications/STM32CubeIDE.app/Contents/Eclipse/plugins/com.st.stm32cube.ide.mcu.externaltools.gnu-tools-for-stm32.7-2018-q2-update.macos64_1.5.0.202011040924/tools/bin/../lib/gcc/arm-none-eabi/7.3.1/../../../../arm-none-eabi/lib/thumb/v7-m/libc_nano.a
LOAD /Applications/STM32CubeIDE.app/Contents/Eclipse/plugins/com.st.stm32cube.ide.mcu.externaltools.gnu-tools-for-stm32.7-2018-q2-update.macos64_1.5.0.202011040924/tools/bin/../lib/gcc/arm-none-eabi/7.3.1/../../../../arm-none-eabi/lib/thumb/v7-m/libm.a
END GROUP
START GROUP
LOAD /Applications/STM32CubeIDE.app/Contents/Eclipse/plugins/com.st.stm32cube.ide.mcu.externaltools.gnu-tools-for-stm32.7-2018-q2-update.macos64_1.5.0.202011040924/tools/bin/../lib/gcc/arm-none-eabi/7.3.1/thumb/v7-m/libgcc.a
LOAD /Applications/STM32CubeIDE.app/Contents/Eclipse/plugins/com.st.stm32cube.ide.mcu.externaltools.gnu-tools-for-stm32.7-2018-q2-update.macos64_1.5.0.202011040924/tools/bin/../lib/gcc/arm-none-eabi/7.3.1/../../../../arm-none-eabi/lib/thumb/v7-m/libc_nano.a
END GROUP
START GROUP
LOAD /Applications/STM32CubeIDE.app/Contents/Eclipse/plugins/com.st.stm32cube.ide.mcu.externaltools.gnu-tools-for-stm32.7-2018-q2-update.macos64_1.5.0.202011040924/tools/bin/../lib/gcc/arm-none-eabi/7.3.1/thumb/v7-m/libgcc.a
LOAD /Applications/STM32CubeIDE.app/Contents/Eclipse/plugins/com.st.stm32cube.ide.mcu.externaltools.gnu-tools-for-stm32.7-2018-q2-update.macos64_1.5.0.202011040924/tools/bin/../lib/gcc/arm-none-eabi/7.3.1/../../../../arm-none-eabi/lib/thumb/v7-m/libc_nano.a
LOAD /Applications/STM32CubeIDE.app/Contents/Eclipse/plugins/com.st.stm32cube.ide.mcu.externaltools.gnu-tools-for-stm32.7-2018-q2-update.macos64_1.5.0.202011040924/tools/bin/../lib/gcc/arm-none-eabi/7.3.1/../../../../arm-none-eabi/lib/thumb/v7-m/libnosys.a
END GROUP
START GROUP
LOAD /Applications/STM32CubeIDE.app/Contents/Eclipse/plugins/com.st.stm32cube.ide.mcu.externaltools.gnu-tools-for-stm32.7-2018-q2-update.macos64_1.5.0.202011040924/tools/bin/../lib/gcc/arm-none-eabi/7.3.1/thumb/v7-m/libgcc.a
LOAD /Applications/STM32CubeIDE.app/Contents/Eclipse/plugins/com.st.stm32cube.ide.mcu.externaltools.gnu-tools-for-stm32.7-2018-q2-update.macos64_1.5.0.202011040924/tools/bin/../lib/gcc/arm-none-eabi/7.3.1/../../../../arm-none-eabi/lib/thumb/v7-m/libc_nano.a
LOAD /Applications/STM32CubeIDE.app/Contents/Eclipse/plugins/com.st.stm32cube.ide.mcu.externaltools.gnu-tools-for-stm32.7-2018-q2-update.macos64_1.5.0.202011040924/tools/bin/../lib/gcc/arm-none-eabi/7.3.1/../../../../arm-none-eabi/lib/thumb/v7-m/libnosys.a
END GROUP
LOAD /Applications/STM32CubeIDE.app/Contents/Eclipse/plugins/com.st.stm32cube.ide.mcu.externaltools.gnu-tools-for-stm32.7-2018-q2-update.macos64_1.5.0.202011040924/tools/bin/../lib/gcc/arm-none-eabi/7.3.1/thumb/v7-m/crtend.o
LOAD /Applications/STM32CubeIDE.app/Contents/Eclipse/plugins/com.st.stm32cube.ide.mcu.externaltools.gnu-tools-for-stm32.7-2018-q2-update.macos64_1.5.0.202011040924/tools/bin/../lib/gcc/arm-none-eabi/7.3.1/thumb/v7-m/crtn.o
                0x0000000020002000                _estack = (ORIGIN (RAM) + LENGTH (RAM))
                0x0000000000000200                _Min_Heap_Size = 0x200
                0x0000000000000400                _Min_Stack_Size = 0x400

.isr_vector     0x0000000008000000      0x1d0
                0x0000000008000000                . = ALIGN (0x4)
 *(.isr_vector)
 .isr_vector    0x0000000008000000      0x1d0 Core/Startup/startup_stm32f100rbtx.o
                0x0000000008000000                g_pfnVectors
                0x00000000080001d0                . = ALIGN (0x4)

.text           0x00000000080001d0     0x6830
                0x00000000080001d0                . = ALIGN (0x4)
 *(.text)
 .text          0x00000000080001d0       0x40 /Applications/STM32CubeIDE.app/Contents/Eclipse/plugins/com.st.stm32cube.ide.mcu.externaltools.gnu-tools-for-stm32.7-2018-q2-update.macos64_1.5.0.202011040924/tools/bin/../lib/gcc/arm-none-eabi/7.3.1/thumb/v7-m/crtbegin.o
 .text          0x0000000008000210       0x10 /Applications/STM32CubeIDE.app/Contents/Eclipse/plugins/com.st.stm32cube.ide.mcu.externaltools.gnu-tools-for-stm32.7-2018-q2-update.macos64_1.5.0.202011040924/tools/bin/../lib/gcc/arm-none-eabi/7.3.1/../../../../arm-none-eabi/lib/thumb/v7-m/libc_nano.a(lib_a-strlen.o)
                0x0000000008000210                strlen
 .text          0x0000000008000220      0x378 /Applications/STM32CubeIDE.app/Contents/Eclipse/plugins/com.st.stm32cube.ide.mcu.externaltools.gnu-tools-for-stm32.7-2018-q2-update.macos64_1.5.0.202011040924/tools/bin/../lib/gcc/arm-none-eabi/7.3.1/thumb/v7-m/libgcc.a(_arm_addsubdf3.o)
                0x0000000008000220                __aeabi_drsub
                0x0000000008000228                __subdf3
                0x0000000008000228                __aeabi_dsub
                0x000000000800022c                __aeabi_dadd
                0x000000000800022c                __adddf3
                0x00000000080004a4                __aeabi_ui2d
                0x00000000080004a4                __floatunsidf
                0x00000000080004c4                __floatsidf
                0x00000000080004c4                __aeabi_i2d
                0x00000000080004e8                __extendsfdf2
                0x00000000080004e8                __aeabi_f2d
                0x000000000800052c                __aeabi_ul2d
                0x000000000800052c                __floatundidf
                0x000000000800053c                __aeabi_l2d
                0x000000000800053c                __floatdidf
 .text          0x0000000008000598      0x424 /Applications/STM32CubeIDE.app/Contents/Eclipse/plugins/com.st.stm32cube.ide.mcu.externaltools.gnu-tools-for-stm32.7-2018-q2-update.macos64_1.5.0.202011040924/tools/bin/../lib/gcc/arm-none-eabi/7.3.1/thumb/v7-m/libgcc.a(_arm_muldivdf3.o)
                0x0000000008000598                __aeabi_dmul
                0x0000000008000598                __muldf3
                0x00000000080007ec                __aeabi_ddiv
                0x00000000080007ec                __divdf3
 .text          0x00000000080009bc      0x110 /Applications/STM32CubeIDE.app/Contents/Eclipse/plugins/com.st.stm32cube.ide.mcu.externaltools.gnu-tools-for-stm32.7-2018-q2-update.macos64_1.5.0.202011040924/tools/bin/../lib/gcc/arm-none-eabi/7.3.1/thumb/v7-m/libgcc.a(_arm_cmpdf2.o)
                0x00000000080009bc                __gedf2
                0x00000000080009bc                __gtdf2
                0x00000000080009c4                __ledf2
                0x00000000080009c4                __ltdf2
                0x00000000080009cc                __cmpdf2
                0x00000000080009cc                __eqdf2
                0x00000000080009cc                __nedf2
                0x0000000008000a48                __aeabi_cdrcmple
                0x0000000008000a58                __aeabi_cdcmple
                0x0000000008000a58                __aeabi_cdcmpeq
                0x0000000008000a68                __aeabi_dcmpeq
                0x0000000008000a7c                __aeabi_dcmplt
                0x0000000008000a90                __aeabi_dcmple
                0x0000000008000aa4                __aeabi_dcmpge
                0x0000000008000ab8                __aeabi_dcmpgt
 .text          0x0000000008000acc       0x2c /Applications/STM32CubeIDE.app/Contents/Eclipse/plugins/com.st.stm32cube.ide.mcu.externaltools.gnu-tools-for-stm32.7-2018-q2-update.macos64_1.5.0.202011040924/tools/bin/../lib/gcc/arm-none-eabi/7.3.1/thumb/v7-m/libgcc.a(_arm_unorddf2.o)
                0x0000000008000acc                __aeabi_dcmpun
                0x0000000008000acc                __unorddf2
 .text          0x0000000008000af8       0x50 /Applications/STM32CubeIDE.app/Contents/Eclipse/plugins/com.st.stm32cube.ide.mcu.externaltools.gnu-tools-for-stm32.7-2018-q2-update.macos64_1.5.0.202011040924/tools/bin/../lib/gcc/arm-none-eabi/7.3.1/thumb/v7-m/libgcc.a(_arm_fixdfsi.o)
                0x0000000008000af8                __fixdfsi
                0x0000000008000af8                __aeabi_d2iz
 .text          0x0000000008000b48       0xa0 /Applications/STM32CubeIDE.app/Contents/Eclipse/plugins/com.st.stm32cube.ide.mcu.externaltools.gnu-tools-for-stm32.7-2018-q2-update.macos64_1.5.0.202011040924/tools/bin/../lib/gcc/arm-none-eabi/7.3.1/thumb/v7-m/libgcc.a(_arm_truncdfsf2.o)
                0x0000000008000b48                __aeabi_d2f
                0x0000000008000b48                __truncdfsf2
 .text          0x0000000008000be8      0x21c /Applications/STM32CubeIDE.app/Contents/Eclipse/plugins/com.st.stm32cube.ide.mcu.externaltools.gnu-tools-for-stm32.7-2018-q2-update.macos64_1.5.0.202011040924/tools/bin/../lib/gcc/arm-none-eabi/7.3.1/thumb/v7-m/libgcc.a(_arm_addsubsf3.o)
                0x0000000008000be8                __aeabi_frsub
                0x0000000008000bf0                __aeabi_fsub
                0x0000000008000bf0                __subsf3
                0x0000000008000bf4                __aeabi_fadd
                0x0000000008000bf4                __addsf3
                0x0000000008000d54                __aeabi_ui2f
                0x0000000008000d54                __floatunsisf
                0x0000000008000d5c                __floatsisf
                0x0000000008000d5c                __aeabi_i2f
                0x0000000008000d78                __aeabi_ul2f
                0x0000000008000d78                __floatundisf
                0x0000000008000d88                __aeabi_l2f
                0x0000000008000d88                __floatdisf
 .text          0x0000000008000e04      0x2a0 /Applications/STM32CubeIDE.app/Contents/Eclipse/plugins/com.st.stm32cube.ide.mcu.externaltools.gnu-tools-for-stm32.7-2018-q2-update.macos64_1.5.0.202011040924/tools/bin/../lib/gcc/arm-none-eabi/7.3.1/thumb/v7-m/libgcc.a(_arm_muldivsf3.o)
                0x0000000008000e04                __mulsf3
                0x0000000008000e04                __aeabi_fmul
                0x0000000008000f6c                __divsf3
                0x0000000008000f6c                __aeabi_fdiv
 .text          0x00000000080010a4       0xec /Applications/STM32CubeIDE.app/Contents/Eclipse/plugins/com.st.stm32cube.ide.mcu.externaltools.gnu-tools-for-stm32.7-2018-q2-update.macos64_1.5.0.202011040924/tools/bin/../lib/gcc/arm-none-eabi/7.3.1/thumb/v7-m/libgcc.a(_arm_cmpsf2.o)
                0x00000000080010a4                __gesf2
                0x00000000080010a4                __gtsf2
                0x00000000080010ac                __ltsf2
                0x00000000080010ac                __lesf2
                0x00000000080010b4                __nesf2
                0x00000000080010b4                __eqsf2
                0x00000000080010b4                __cmpsf2
                0x0000000008001114                __aeabi_cfrcmple
                0x000000000800111c                __aeabi_cfcmpeq
                0x000000000800111c                __aeabi_cfcmple
                0x000000000800112c                __aeabi_fcmpeq
                0x0000000008001140                __aeabi_fcmplt
                0x0000000008001154                __aeabi_fcmple
                0x0000000008001168                __aeabi_fcmpge
                0x000000000800117c                __aeabi_fcmpgt
 .text          0x0000000008001190       0x4c /Applications/STM32CubeIDE.app/Contents/Eclipse/plugins/com.st.stm32cube.ide.mcu.externaltools.gnu-tools-for-stm32.7-2018-q2-update.macos64_1.5.0.202011040924/tools/bin/../lib/gcc/arm-none-eabi/7.3.1/thumb/v7-m/libgcc.a(_arm_fixsfsi.o)
                0x0000000008001190                __fixsfsi
                0x0000000008001190                __aeabi_f2iz
 *(.text*)
 .text.__NVIC_EnableIRQ
                0x00000000080011dc       0x38 Core/Src/main.o
 .text.__NVIC_SetPriority
                0x0000000008001214       0x54 Core/Src/main.o
 .text.displaySPI2_Init
                0x0000000008001268      0x13c Core/Src/main.o
                0x0000000008001268                displaySPI2_Init
 .text.SPI2_Write
                0x00000000080013a4       0x3c Core/Src/main.o
                0x00000000080013a4                SPI2_Write
 .text.display_cmd
                0x00000000080013e0       0x2c Core/Src/main.o
                0x00000000080013e0                display_cmd
 .text.display_data
                0x000000000800140c       0x2c Core/Src/main.o
                0x000000000800140c                display_data
 .text.display_Init
                0x0000000008001438       0x48 Core/Src/main.o
                0x0000000008001438                display_Init
 .text.display_light_on
                0x0000000008001480       0x50 Core/Src/main.o
                0x0000000008001480                display_light_on
 .text.display_light_off
                0x00000000080014d0       0x1c Core/Src/main.o
                0x00000000080014d0                display_light_off
 .text.display_setpos
                0x00000000080014ec       0x30 Core/Src/main.o
                0x00000000080014ec                display_setpos
 .text.display_clear
                0x000000000800151c       0x38 Core/Src/main.o
                0x000000000800151c                display_clear
 .text.flash_unlock
                0x0000000008001554       0x24 Core/Src/main.o
                0x0000000008001554                flash_unlock
 .text.flash_lock
                0x0000000008001578       0x1c Core/Src/main.o
                0x0000000008001578                flash_lock
 .text.flash_erase_page
                0x0000000008001594       0x74 Core/Src/main.o
                0x0000000008001594                flash_erase_page
 .text.flash_write
                0x0000000008001608       0xa0 Core/Src/main.o
                0x0000000008001608                flash_write
 .text.flash_read
                0x00000000080016a8       0x18 Core/Src/main.o
                0x00000000080016a8                flash_read
 .text.IntToChar
                0x00000000080016c0      0x1e4 Core/Src/main.o
                0x00000000080016c0                IntToChar
 .text.CharToInt
                0x00000000080018a4       0x68 Core/Src/main.o
                0x00000000080018a4                CharToInt
 *fill*         0x000000000800190c        0x4 
 .text.distance
                0x0000000008001910      0x274 Core/Src/main.o
                0x0000000008001910                distance
 *fill*         0x0000000008001b84        0x4 
 .text.ConvertToXY
                0x0000000008001b88      0x7a8 Core/Src/main.o
                0x0000000008001b88                ConvertToXY
 .text.DirectionalAngle
                0x0000000008002330      0x174 Core/Src/main.o
                0x0000000008002330                DirectionalAngle
 .text.printchar
                0x00000000080024a4       0x5c Core/Src/main.o
                0x00000000080024a4                printchar
 .text.printstring
                0x0000000008002500       0x2a Core/Src/main.o
                0x0000000008002500                printstring
 .text.printstring_at
                0x000000000800252a       0x3e Core/Src/main.o
                0x000000000800252a                printstring_at
 .text.FullVoltage
                0x0000000008002568       0x5e Core/Src/main.o
                0x0000000008002568                FullVoltage
 .text.MediumVoltage
                0x00000000080025c6       0x5e Core/Src/main.o
                0x00000000080025c6                MediumVoltage
 .text.LowVoltage
                0x0000000008002624       0x5e Core/Src/main.o
                0x0000000008002624                LowVoltage
 .text.NoVoltage
                0x0000000008002682       0x5e Core/Src/main.o
                0x0000000008002682                NoVoltage
 .text.printArrow
                0x00000000080026e0       0x56 Core/Src/main.o
                0x00000000080026e0                printArrow
 *fill*         0x0000000008002736        0x2 
 .text.main     0x0000000008002738       0x6c Core/Src/main.o
                0x0000000008002738                main
 .text.initLed  0x00000000080027a4       0x68 Core/Src/main.o
                0x00000000080027a4                initLed
 .text.initBtn1
                0x000000000800280c       0x94 Core/Src/main.o
                0x000000000800280c                initBtn1
 .text.initBtn2
                0x00000000080028a0       0x94 Core/Src/main.o
                0x00000000080028a0                initBtn2
 .text.initBtn3
                0x0000000008002934       0x94 Core/Src/main.o
                0x0000000008002934                initBtn3
 .text.initBtn4
                0x00000000080029c8       0xa0 Core/Src/main.o
                0x00000000080029c8                initBtn4
 .text.EXTI9_5_IRQHandler
                0x0000000008002a68      0xadc Core/Src/main.o
                0x0000000008002a68                EXTI9_5_IRQHandler
 .text.EXTI4_IRQHandler
                0x0000000008003544      0x150 Core/Src/main.o
                0x0000000008003544                EXTI4_IRQHandler
 .text.EXTI3_IRQHandler
                0x0000000008003694       0x4c Core/Src/main.o
                0x0000000008003694                EXTI3_IRQHandler
 .text.USART1_Init
                0x00000000080036e0       0xb0 Core/Src/main.o
                0x00000000080036e0                USART1_Init
 .text.USART2_Init
                0x0000000008003790       0xb0 Core/Src/main.o
                0x0000000008003790                USART2_Init
 .text.USART2_IRQHandler
                0x0000000008003840       0x54 Core/Src/main.o
                0x0000000008003840                USART2_IRQHandler
 .text.USART1_IRQHandler
                0x0000000008003894       0x64 Core/Src/main.o
                0x0000000008003894                USART1_IRQHandler
 .text.TxStr    0x00000000080038f8       0x48 Core/Src/main.o
                0x00000000080038f8                TxStr
 .text.Comm_handler
                0x0000000008003940      0x3b8 Core/Src/main.o
                0x0000000008003940                Comm_handler
 .text.ADC_init
                0x0000000008003cf8       0xac Core/Src/main.o
                0x0000000008003cf8                ADC_init
 .text.StartConvADC
                0x0000000008003da4       0x3c Core/Src/main.o
                0x0000000008003da4                StartConvADC
 .text.CheckVoltage
                0x0000000008003de0       0xac Core/Src/main.o
                0x0000000008003de0                CheckVoltage
 .text.NMI_Handler
                0x0000000008003e8c        0x6 Core/Src/stm32f1xx_it.o
                0x0000000008003e8c                NMI_Handler
 .text.HardFault_Handler
                0x0000000008003e92        0x6 Core/Src/stm32f1xx_it.o
                0x0000000008003e92                HardFault_Handler
 .text.MemManage_Handler
                0x0000000008003e98        0x6 Core/Src/stm32f1xx_it.o
                0x0000000008003e98                MemManage_Handler
 .text.BusFault_Handler
                0x0000000008003e9e        0x6 Core/Src/stm32f1xx_it.o
                0x0000000008003e9e                BusFault_Handler
 .text.UsageFault_Handler
                0x0000000008003ea4        0x6 Core/Src/stm32f1xx_it.o
                0x0000000008003ea4                UsageFault_Handler
 .text.SVC_Handler
                0x0000000008003eaa        0xc Core/Src/stm32f1xx_it.o
                0x0000000008003eaa                SVC_Handler
 .text.DebugMon_Handler
                0x0000000008003eb6        0xc Core/Src/stm32f1xx_it.o
                0x0000000008003eb6                DebugMon_Handler
 .text.PendSV_Handler
                0x0000000008003ec2        0xc Core/Src/stm32f1xx_it.o
                0x0000000008003ec2                PendSV_Handler
 .text.SysTick_Handler
                0x0000000008003ece        0xc Core/Src/stm32f1xx_it.o
                0x0000000008003ece                SysTick_Handler
 *fill*         0x0000000008003eda        0x2 
 .text._sbrk    0x0000000008003edc       0x6c Core/Src/sysmem.o
                0x0000000008003edc                _sbrk
 .text.SystemInit
                0x0000000008003f48        0xc Core/Src/system_stm32f1xx.o
                0x0000000008003f48                SystemInit
 .text.Reset_Handler
                0x0000000008003f54       0x48 Core/Startup/startup_stm32f100rbtx.o
                0x0000000008003f54                Reset_Handler
 .text.Default_Handler
                0x0000000008003f9c        0x2 Core/Startup/startup_stm32f100rbtx.o
                0x0000000008003f9c                TIM1_BRK_TIM15_IRQHandler
                0x0000000008003f9c                EXTI2_IRQHandler
                0x0000000008003f9c                TIM1_CC_IRQHandler
                0x0000000008003f9c                PVD_IRQHandler
                0x0000000008003f9c                EXTI0_IRQHandler
                0x0000000008003f9c                TIM1_UP_TIM16_IRQHandler
                0x0000000008003f9c                SPI1_IRQHandler
                0x0000000008003f9c                TAMPER_IRQHandler
                0x0000000008003f9c                TIM6_DAC_IRQHandler
                0x0000000008003f9c                DMA1_Channel4_IRQHandler
                0x0000000008003f9c                ADC1_IRQHandler
                0x0000000008003f9c                USART3_IRQHandler
                0x0000000008003f9c                RTC_IRQHandler
                0x0000000008003f9c                DMA1_Channel7_IRQHandler
                0x0000000008003f9c                TIM4_IRQHandler
                0x0000000008003f9c                I2C1_EV_IRQHandler
                0x0000000008003f9c                DMA1_Channel6_IRQHandler
                0x0000000008003f9c                TIM3_IRQHandler
                0x0000000008003f9c                RCC_IRQHandler
                0x0000000008003f9c                DMA1_Channel1_IRQHandler
                0x0000000008003f9c                Default_Handler
                0x0000000008003f9c                CEC_IRQHandler
                0x0000000008003f9c                EXTI15_10_IRQHandler
                0x0000000008003f9c                TIM7_IRQHandler
                0x0000000008003f9c                DMA1_Channel5_IRQHandler
                0x0000000008003f9c                TIM1_TRG_COM_TIM17_IRQHandler
                0x0000000008003f9c                DMA1_Channel3_IRQHandler
                0x0000000008003f9c                WWDG_IRQHandler
                0x0000000008003f9c                TIM2_IRQHandler
                0x0000000008003f9c                EXTI1_IRQHandler
                0x0000000008003f9c                DMA1_Channel2_IRQHandler
                0x0000000008003f9c                FLASH_IRQHandler
                0x0000000008003f9c                I2C1_ER_IRQHandler
                0x0000000008003f9c                RTC_Alarm_IRQHandler
 *fill*         0x0000000008003f9e        0x2 
 .text.HAL_IncTick
                0x0000000008003fa0       0x24 Drivers/STM32F1xx_HAL_Driver/Src/stm32f1xx_hal.o
                0x0000000008003fa0                HAL_IncTick
 .text.__errno  0x0000000008003fc4        0xc /Applications/STM32CubeIDE.app/Contents/Eclipse/plugins/com.st.stm32cube.ide.mcu.externaltools.gnu-tools-for-stm32.7-2018-q2-update.macos64_1.5.0.202011040924/tools/bin/../lib/gcc/arm-none-eabi/7.3.1/../../../../arm-none-eabi/lib/thumb/v7-m/libc_nano.a(lib_a-errno.o)
                0x0000000008003fc4                __errno
 .text.__libc_init_array
                0x0000000008003fd0       0x48 /Applications/STM32CubeIDE.app/Contents/Eclipse/plugins/com.st.stm32cube.ide.mcu.externaltools.gnu-tools-for-stm32.7-2018-q2-update.macos64_1.5.0.202011040924/tools/bin/../lib/gcc/arm-none-eabi/7.3.1/../../../../arm-none-eabi/lib/thumb/v7-m/libc_nano.a(lib_a-init.o)
                0x0000000008003fd0                __libc_init_array
 .text.malloc   0x0000000008004018       0x10 /Applications/STM32CubeIDE.app/Contents/Eclipse/plugins/com.st.stm32cube.ide.mcu.externaltools.gnu-tools-for-stm32.7-2018-q2-update.macos64_1.5.0.202011040924/tools/bin/../lib/gcc/arm-none-eabi/7.3.1/../../../../arm-none-eabi/lib/thumb/v7-m/libc_nano.a(lib_a-malloc.o)
                0x0000000008004018                malloc
 .text.memset   0x0000000008004028       0x10 /Applications/STM32CubeIDE.app/Contents/Eclipse/plugins/com.st.stm32cube.ide.mcu.externaltools.gnu-tools-for-stm32.7-2018-q2-update.macos64_1.5.0.202011040924/tools/bin/../lib/gcc/arm-none-eabi/7.3.1/../../../../arm-none-eabi/lib/thumb/v7-m/libc_nano.a(lib_a-memset.o)
                0x0000000008004028                memset
 .text._malloc_r
                0x0000000008004038       0xb4 /Applications/STM32CubeIDE.app/Contents/Eclipse/plugins/com.st.stm32cube.ide.mcu.externaltools.gnu-tools-for-stm32.7-2018-q2-update.macos64_1.5.0.202011040924/tools/bin/../lib/gcc/arm-none-eabi/7.3.1/../../../../arm-none-eabi/lib/thumb/v7-m/libc_nano.a(lib_a-nano-mallocr.o)
                0x0000000008004038                _malloc_r
 .text._sbrk_r  0x00000000080040ec       0x20 /Applications/STM32CubeIDE.app/Contents/Eclipse/plugins/com.st.stm32cube.ide.mcu.externaltools.gnu-tools-for-stm32.7-2018-q2-update.macos64_1.5.0.202011040924/tools/bin/../lib/gcc/arm-none-eabi/7.3.1/../../../../arm-none-eabi/lib/thumb/v7-m/libc_nano.a(lib_a-sbrkr.o)
                0x00000000080040ec                _sbrk_r
 .text.modff    0x000000000800410c       0x44 /Applications/STM32CubeIDE.app/Contents/Eclipse/plugins/com.st.stm32cube.ide.mcu.externaltools.gnu-tools-for-stm32.7-2018-q2-update.macos64_1.5.0.202011040924/tools/bin/../lib/gcc/arm-none-eabi/7.3.1/../../../../arm-none-eabi/lib/thumb/v7-m/libc_nano.a(lib_a-sf_modf.o)
                0x000000000800410c                modff
 .text.strchr   0x0000000008004150       0x1a /Applications/STM32CubeIDE.app/Contents/Eclipse/plugins/com.st.stm32cube.ide.mcu.externaltools.gnu-tools-for-stm32.7-2018-q2-update.macos64_1.5.0.202011040924/tools/bin/../lib/gcc/arm-none-eabi/7.3.1/../../../../arm-none-eabi/lib/thumb/v7-m/libc_nano.a(lib_a-strchr.o)
                0x0000000008004150                strchr
 .text.strncmp  0x000000000800416a       0x24 /Applications/STM32CubeIDE.app/Contents/Eclipse/plugins/com.st.stm32cube.ide.mcu.externaltools.gnu-tools-for-stm32.7-2018-q2-update.macos64_1.5.0.202011040924/tools/bin/../lib/gcc/arm-none-eabi/7.3.1/../../../../arm-none-eabi/lib/thumb/v7-m/libc_nano.a(lib_a-strncmp.o)
                0x000000000800416a                strncmp
 .text.strncpy  0x000000000800418e       0x2a /Applications/STM32CubeIDE.app/Contents/Eclipse/plugins/com.st.stm32cube.ide.mcu.externaltools.gnu-tools-for-stm32.7-2018-q2-update.macos64_1.5.0.202011040924/tools/bin/../lib/gcc/arm-none-eabi/7.3.1/../../../../arm-none-eabi/lib/thumb/v7-m/libc_nano.a(lib_a-strncpy.o)
                0x000000000800418e                strncpy
 .text.strpbrk  0x00000000080041b8       0x34 /Applications/STM32CubeIDE.app/Contents/Eclipse/plugins/com.st.stm32cube.ide.mcu.externaltools.gnu-tools-for-stm32.7-2018-q2-update.macos64_1.5.0.202011040924/tools/bin/../lib/gcc/arm-none-eabi/7.3.1/../../../../arm-none-eabi/lib/thumb/v7-m/libc_nano.a(lib_a-strpbrk.o)
                0x00000000080041b8                strpbrk
 .text.__malloc_lock
                0x00000000080041ec        0x2 /Applications/STM32CubeIDE.app/Contents/Eclipse/plugins/com.st.stm32cube.ide.mcu.externaltools.gnu-tools-for-stm32.7-2018-q2-update.macos64_1.5.0.202011040924/tools/bin/../lib/gcc/arm-none-eabi/7.3.1/../../../../arm-none-eabi/lib/thumb/v7-m/libc_nano.a(lib_a-mlock.o)
                0x00000000080041ec                __malloc_lock
 .text.__malloc_unlock
                0x00000000080041ee        0x2 /Applications/STM32CubeIDE.app/Contents/Eclipse/plugins/com.st.stm32cube.ide.mcu.externaltools.gnu-tools-for-stm32.7-2018-q2-update.macos64_1.5.0.202011040924/tools/bin/../lib/gcc/arm-none-eabi/7.3.1/../../../../arm-none-eabi/lib/thumb/v7-m/libc_nano.a(lib_a-mlock.o)
                0x00000000080041ee                __malloc_unlock
 .text.atan     0x00000000080041f0      0x314 /Applications/STM32CubeIDE.app/Contents/Eclipse/plugins/com.st.stm32cube.ide.mcu.externaltools.gnu-tools-for-stm32.7-2018-q2-update.macos64_1.5.0.202011040924/tools/bin/../lib/gcc/arm-none-eabi/7.3.1/../../../../arm-none-eabi/lib/thumb/v7-m/libm.a(lib_a-s_atan.o)
                0x00000000080041f0                atan
 .text.cos      0x0000000008004504       0x6c /Applications/STM32CubeIDE.app/Contents/Eclipse/plugins/com.st.stm32cube.ide.mcu.externaltools.gnu-tools-for-stm32.7-2018-q2-update.macos64_1.5.0.202011040924/tools/bin/../lib/gcc/arm-none-eabi/7.3.1/../../../../arm-none-eabi/lib/thumb/v7-m/libm.a(lib_a-s_cos.o)
                0x0000000008004504                cos
 .text.fabs     0x0000000008004570        0x8 /Applications/STM32CubeIDE.app/Contents/Eclipse/plugins/com.st.stm32cube.ide.mcu.externaltools.gnu-tools-for-stm32.7-2018-q2-update.macos64_1.5.0.202011040924/tools/bin/../lib/gcc/arm-none-eabi/7.3.1/../../../../arm-none-eabi/lib/thumb/v7-m/libm.a(lib_a-s_fabs.o)
                0x0000000008004570                fabs
 .text.floor    0x0000000008004578      0x108 /Applications/STM32CubeIDE.app/Contents/Eclipse/plugins/com.st.stm32cube.ide.mcu.externaltools.gnu-tools-for-stm32.7-2018-q2-update.macos64_1.5.0.202011040924/tools/bin/../lib/gcc/arm-none-eabi/7.3.1/../../../../arm-none-eabi/lib/thumb/v7-m/libm.a(lib_a-s_floor.o)
                0x0000000008004578                floor
 .text.sin      0x0000000008004680       0x74 /Applications/STM32CubeIDE.app/Contents/Eclipse/plugins/com.st.stm32cube.ide.mcu.externaltools.gnu-tools-for-stm32.7-2018-q2-update.macos64_1.5.0.202011040924/tools/bin/../lib/gcc/arm-none-eabi/7.3.1/../../../../arm-none-eabi/lib/thumb/v7-m/libm.a(lib_a-s_sin.o)
                0x0000000008004680                sin
 .text.asin     0x00000000080046f4       0xa8 /Applications/STM32CubeIDE.app/Contents/Eclipse/plugins/com.st.stm32cube.ide.mcu.externaltools.gnu-tools-for-stm32.7-2018-q2-update.macos64_1.5.0.202011040924/tools/bin/../lib/gcc/arm-none-eabi/7.3.1/../../../../arm-none-eabi/lib/thumb/v7-m/libm.a(lib_a-w_asin.o)
                0x00000000080046f4                asin
 .text.pow      0x000000000800479c      0x2b8 /Applications/STM32CubeIDE.app/Contents/Eclipse/plugins/com.st.stm32cube.ide.mcu.externaltools.gnu-tools-for-stm32.7-2018-q2-update.macos64_1.5.0.202011040924/tools/bin/../lib/gcc/arm-none-eabi/7.3.1/../../../../arm-none-eabi/lib/thumb/v7-m/libm.a(lib_a-w_pow.o)
                0x000000000800479c                pow
 .text.sqrt     0x0000000008004a54       0xa8 /Applications/STM32CubeIDE.app/Contents/Eclipse/plugins/com.st.stm32cube.ide.mcu.externaltools.gnu-tools-for-stm32.7-2018-q2-update.macos64_1.5.0.202011040924/tools/bin/../lib/gcc/arm-none-eabi/7.3.1/../../../../arm-none-eabi/lib/thumb/v7-m/libm.a(lib_a-w_sqrt.o)
                0x0000000008004a54                sqrt
 *fill*         0x0000000008004afc        0x4 
 .text.__ieee754_asin
                0x0000000008004b00      0x3f8 /Applications/STM32CubeIDE.app/Contents/Eclipse/plugins/com.st.stm32cube.ide.mcu.externaltools.gnu-tools-for-stm32.7-2018-q2-update.macos64_1.5.0.202011040924/tools/bin/../lib/gcc/arm-none-eabi/7.3.1/../../../../arm-none-eabi/lib/thumb/v7-m/libm.a(lib_a-e_asin.o)
                0x0000000008004b00                __ieee754_asin
 .text.__ieee754_pow
                0x0000000008004ef8      0xa14 /Applications/STM32CubeIDE.app/Contents/Eclipse/plugins/com.st.stm32cube.ide.mcu.externaltools.gnu-tools-for-stm32.7-2018-q2-update.macos64_1.5.0.202011040924/tools/bin/../lib/gcc/arm-none-eabi/7.3.1/../../../../arm-none-eabi/lib/thumb/v7-m/libm.a(lib_a-e_pow.o)
                0x0000000008004ef8                __ieee754_pow
 *fill*         0x000000000800590c        0x4 
 .text.__ieee754_rem_pio2
                0x0000000008005910      0x3e0 /Applications/STM32CubeIDE.app/Contents/Eclipse/plugins/com.st.stm32cube.ide.mcu.externaltools.gnu-tools-for-stm32.7-2018-q2-update.macos64_1.5.0.202011040924/tools/bin/../lib/gcc/arm-none-eabi/7.3.1/../../../../arm-none-eabi/lib/thumb/v7-m/libm.a(lib_a-e_rem_pio2.o)
                0x0000000008005910                __ieee754_rem_pio2
 .text.__ieee754_sqrt
                0x0000000008005cf0      0x158 /Applications/STM32CubeIDE.app/Contents/Eclipse/plugins/com.st.stm32cube.ide.mcu.externaltools.gnu-tools-for-stm32.7-2018-q2-update.macos64_1.5.0.202011040924/tools/bin/../lib/gcc/arm-none-eabi/7.3.1/../../../../arm-none-eabi/lib/thumb/v7-m/libm.a(lib_a-e_sqrt.o)
                0x0000000008005cf0                __ieee754_sqrt
 .text.__kernel_cos
                0x0000000008005e48      0x17c /Applications/STM32CubeIDE.app/Contents/Eclipse/plugins/com.st.stm32cube.ide.mcu.externaltools.gnu-tools-for-stm32.7-2018-q2-update.macos64_1.5.0.202011040924/tools/bin/../lib/gcc/arm-none-eabi/7.3.1/../../../../arm-none-eabi/lib/thumb/v7-m/libm.a(lib_a-k_cos.o)
                0x0000000008005e48                __kernel_cos
 .text.__kernel_rem_pio2
                0x0000000008005fc4      0x694 /Applications/STM32CubeIDE.app/Contents/Eclipse/plugins/com.st.stm32cube.ide.mcu.externaltools.gnu-tools-for-stm32.7-2018-q2-update.macos64_1.5.0.202011040924/tools/bin/../lib/gcc/arm-none-eabi/7.3.1/../../../../arm-none-eabi/lib/thumb/v7-m/libm.a(lib_a-k_rem_pio2.o)
                0x0000000008005fc4                __kernel_rem_pio2
 .text.__kernel_sin
                0x0000000008006658      0x16c /Applications/STM32CubeIDE.app/Contents/Eclipse/plugins/com.st.stm32cube.ide.mcu.externaltools.gnu-tools-for-stm32.7-2018-q2-update.macos64_1.5.0.202011040924/tools/bin/../lib/gcc/arm-none-eabi/7.3.1/../../../../arm-none-eabi/lib/thumb/v7-m/libm.a(lib_a-k_sin.o)
                0x0000000008006658                __kernel_sin
 .text.finite   0x00000000080067c4        0xc /Applications/STM32CubeIDE.app/Contents/Eclipse/plugins/com.st.stm32cube.ide.mcu.externaltools.gnu-tools-for-stm32.7-2018-q2-update.macos64_1.5.0.202011040924/tools/bin/../lib/gcc/arm-none-eabi/7.3.1/../../../../arm-none-eabi/lib/thumb/v7-m/libm.a(lib_a-s_finite.o)
                0x00000000080067c4                finite
 .text.matherr  0x00000000080067d0        0x4 /Applications/STM32CubeIDE.app/Contents/Eclipse/plugins/com.st.stm32cube.ide.mcu.externaltools.gnu-tools-for-stm32.7-2018-q2-update.macos64_1.5.0.202011040924/tools/bin/../lib/gcc/arm-none-eabi/7.3.1/../../../../arm-none-eabi/lib/thumb/v7-m/libm.a(lib_a-s_matherr.o)
                0x00000000080067d0                matherr
 .text.nan      0x00000000080067d4        0xc /Applications/STM32CubeIDE.app/Contents/Eclipse/plugins/com.st.stm32cube.ide.mcu.externaltools.gnu-tools-for-stm32.7-2018-q2-update.macos64_1.5.0.202011040924/tools/bin/../lib/gcc/arm-none-eabi/7.3.1/../../../../arm-none-eabi/lib/thumb/v7-m/libm.a(lib_a-s_nan.o)
                0x00000000080067d4                nan
 .text.rint     0x00000000080067e0      0x114 /Applications/STM32CubeIDE.app/Contents/Eclipse/plugins/com.st.stm32cube.ide.mcu.externaltools.gnu-tools-for-stm32.7-2018-q2-update.macos64_1.5.0.202011040924/tools/bin/../lib/gcc/arm-none-eabi/7.3.1/../../../../arm-none-eabi/lib/thumb/v7-m/libm.a(lib_a-s_rint.o)
                0x00000000080067e0                rint
 *fill*         0x00000000080068f4        0x4 
 .text.scalbn   0x00000000080068f8       0xdc /Applications/STM32CubeIDE.app/Contents/Eclipse/plugins/com.st.stm32cube.ide.mcu.externaltools.gnu-tools-for-stm32.7-2018-q2-update.macos64_1.5.0.202011040924/tools/bin/../lib/gcc/arm-none-eabi/7.3.1/../../../../arm-none-eabi/lib/thumb/v7-m/libm.a(lib_a-s_scalbn.o)
                0x00000000080068f8                scalbn
 .text.copysign
                0x00000000080069d4       0x12 /Applications/STM32CubeIDE.app/Contents/Eclipse/plugins/com.st.stm32cube.ide.mcu.externaltools.gnu-tools-for-stm32.7-2018-q2-update.macos64_1.5.0.202011040924/tools/bin/../lib/gcc/arm-none-eabi/7.3.1/../../../../arm-none-eabi/lib/thumb/v7-m/libm.a(lib_a-s_copysign.o)
                0x00000000080069d4                copysign
 *(.glue_7)
 .glue_7        0x00000000080069e6        0x0 linker stubs
 *(.glue_7t)
 .glue_7t       0x00000000080069e6        0x0 linker stubs
 *(.eh_frame)
 *fill*         0x00000000080069e6        0x2 
 .eh_frame      0x00000000080069e8        0x0 /Applications/STM32CubeIDE.app/Contents/Eclipse/plugins/com.st.stm32cube.ide.mcu.externaltools.gnu-tools-for-stm32.7-2018-q2-update.macos64_1.5.0.202011040924/tools/bin/../lib/gcc/arm-none-eabi/7.3.1/thumb/v7-m/crtbegin.o
 *(.init)
 .init          0x00000000080069e8        0x4 /Applications/STM32CubeIDE.app/Contents/Eclipse/plugins/com.st.stm32cube.ide.mcu.externaltools.gnu-tools-for-stm32.7-2018-q2-update.macos64_1.5.0.202011040924/tools/bin/../lib/gcc/arm-none-eabi/7.3.1/thumb/v7-m/crti.o
                0x00000000080069e8                _init
 .init          0x00000000080069ec        0x8 /Applications/STM32CubeIDE.app/Contents/Eclipse/plugins/com.st.stm32cube.ide.mcu.externaltools.gnu-tools-for-stm32.7-2018-q2-update.macos64_1.5.0.202011040924/tools/bin/../lib/gcc/arm-none-eabi/7.3.1/thumb/v7-m/crtn.o
 *(.fini)
 .fini          0x00000000080069f4        0x4 /Applications/STM32CubeIDE.app/Contents/Eclipse/plugins/com.st.stm32cube.ide.mcu.externaltools.gnu-tools-for-stm32.7-2018-q2-update.macos64_1.5.0.202011040924/tools/bin/../lib/gcc/arm-none-eabi/7.3.1/thumb/v7-m/crti.o
                0x00000000080069f4                _fini
 .fini          0x00000000080069f8        0x8 /Applications/STM32CubeIDE.app/Contents/Eclipse/plugins/com.st.stm32cube.ide.mcu.externaltools.gnu-tools-for-stm32.7-2018-q2-update.macos64_1.5.0.202011040924/tools/bin/../lib/gcc/arm-none-eabi/7.3.1/thumb/v7-m/crtn.o
                0x0000000008006a00                . = ALIGN (0x4)
                0x0000000008006a00                _etext = .

.vfp11_veneer   0x0000000008006a00        0x0
 .vfp11_veneer  0x0000000008006a00        0x0 linker stubs

.v4_bx          0x0000000008006a00        0x0
 .v4_bx         0x0000000008006a00        0x0 linker stubs

.iplt           0x0000000008006a00        0x0
 .iplt          0x0000000008006a00        0x0 /Applications/STM32CubeIDE.app/Contents/Eclipse/plugins/com.st.stm32cube.ide.mcu.externaltools.gnu-tools-for-stm32.7-2018-q2-update.macos64_1.5.0.202011040924/tools/bin/../lib/gcc/arm-none-eabi/7.3.1/thumb/v7-m/crtbegin.o

.rodata         0x0000000008006a00     0x2488
                0x0000000008006a00                . = ALIGN (0x4)
 *(.rodata)
 .rodata        0x0000000008006a00       0xbe Core/Src/main.o
 *(.rodata*)
 *fill*         0x0000000008006abe        0x2 
 .rodata.ASCII  0x0000000008006ac0      0x1e0 Core/Src/main.o
 .rodata.Arrow0
                0x0000000008006ca0      0x1f8 Core/Src/main.o
                0x0000000008006ca0                Arrow0
 .rodata.Arrow1
                0x0000000008006e98      0x1f8 Core/Src/main.o
                0x0000000008006e98                Arrow1
 .rodata.Arrow2
                0x0000000008007090      0x1f8 Core/Src/main.o
                0x0000000008007090                Arrow2
 .rodata.Arrow3
                0x0000000008007288      0x1f8 Core/Src/main.o
                0x0000000008007288                Arrow3
 .rodata.Arrow4
                0x0000000008007480      0x1f8 Core/Src/main.o
                0x0000000008007480                Arrow4
 .rodata.Arrow5
                0x0000000008007678      0x1f8 Core/Src/main.o
                0x0000000008007678                Arrow5
 .rodata.Arrow6
                0x0000000008007870      0x1f8 Core/Src/main.o
                0x0000000008007870                Arrow6
 .rodata.Arrow7
                0x0000000008007a68      0x1f8 Core/Src/main.o
                0x0000000008007a68                Arrow7
 .rodata.Arrow8
                0x0000000008007c60      0x1f8 Core/Src/main.o
                0x0000000008007c60                Arrow8
 .rodata.Arrow9
                0x0000000008007e58      0x1f8 Core/Src/main.o
                0x0000000008007e58                Arrow9
 .rodata.Arrow10
                0x0000000008008050      0x1f8 Core/Src/main.o
                0x0000000008008050                Arrow10
 .rodata.Arrow11
                0x0000000008008248      0x1f8 Core/Src/main.o
                0x0000000008008248                Arrow11
 .rodata.Arrow12
                0x0000000008008440      0x1f8 Core/Src/main.o
                0x0000000008008440                Arrow12
 .rodata.Arrow13
                0x0000000008008638      0x1f8 Core/Src/main.o
                0x0000000008008638                Arrow13
 .rodata.Arrow14
                0x0000000008008830      0x1f8 Core/Src/main.o
                0x0000000008008830                Arrow14
 .rodata.Arrow15
                0x0000000008008a28      0x1f8 Core/Src/main.o
                0x0000000008008a28                Arrow15
 .rodata.atanhi
                0x0000000008008c20       0x20 /Applications/STM32CubeIDE.app/Contents/Eclipse/plugins/com.st.stm32cube.ide.mcu.externaltools.gnu-tools-for-stm32.7-2018-q2-update.macos64_1.5.0.202011040924/tools/bin/../lib/gcc/arm-none-eabi/7.3.1/../../../../arm-none-eabi/lib/thumb/v7-m/libm.a(lib_a-s_atan.o)
 .rodata.atanlo
                0x0000000008008c40       0x20 /Applications/STM32CubeIDE.app/Contents/Eclipse/plugins/com.st.stm32cube.ide.mcu.externaltools.gnu-tools-for-stm32.7-2018-q2-update.macos64_1.5.0.202011040924/tools/bin/../lib/gcc/arm-none-eabi/7.3.1/../../../../arm-none-eabi/lib/thumb/v7-m/libm.a(lib_a-s_atan.o)
 .rodata.asin.str1.1
                0x0000000008008c60        0x5 /Applications/STM32CubeIDE.app/Contents/Eclipse/plugins/com.st.stm32cube.ide.mcu.externaltools.gnu-tools-for-stm32.7-2018-q2-update.macos64_1.5.0.202011040924/tools/bin/../lib/gcc/arm-none-eabi/7.3.1/../../../../arm-none-eabi/lib/thumb/v7-m/libm.a(lib_a-w_asin.o)
                                          0x6 (size before relaxing)
 .rodata.pow.str1.1
                0x0000000008008c65        0x4 /Applications/STM32CubeIDE.app/Contents/Eclipse/plugins/com.st.stm32cube.ide.mcu.externaltools.gnu-tools-for-stm32.7-2018-q2-update.macos64_1.5.0.202011040924/tools/bin/../lib/gcc/arm-none-eabi/7.3.1/../../../../arm-none-eabi/lib/thumb/v7-m/libm.a(lib_a-w_pow.o)
 .rodata.sqrt.str1.1
                0x0000000008008c69        0x5 /Applications/STM32CubeIDE.app/Contents/Eclipse/plugins/com.st.stm32cube.ide.mcu.externaltools.gnu-tools-for-stm32.7-2018-q2-update.macos64_1.5.0.202011040924/tools/bin/../lib/gcc/arm-none-eabi/7.3.1/../../../../arm-none-eabi/lib/thumb/v7-m/libm.a(lib_a-w_sqrt.o)
 .rodata.__ieee754_pow.str1.1
                0x0000000008008c6e        0x1 /Applications/STM32CubeIDE.app/Contents/Eclipse/plugins/com.st.stm32cube.ide.mcu.externaltools.gnu-tools-for-stm32.7-2018-q2-update.macos64_1.5.0.202011040924/tools/bin/../lib/gcc/arm-none-eabi/7.3.1/../../../../arm-none-eabi/lib/thumb/v7-m/libm.a(lib_a-e_pow.o)
 *fill*         0x0000000008008c6e        0x2 
 .rodata.bp     0x0000000008008c70       0x10 /Applications/STM32CubeIDE.app/Contents/Eclipse/plugins/com.st.stm32cube.ide.mcu.externaltools.gnu-tools-for-stm32.7-2018-q2-update.macos64_1.5.0.202011040924/tools/bin/../lib/gcc/arm-none-eabi/7.3.1/../../../../arm-none-eabi/lib/thumb/v7-m/libm.a(lib_a-e_pow.o)
 .rodata.dp_h   0x0000000008008c80       0x10 /Applications/STM32CubeIDE.app/Contents/Eclipse/plugins/com.st.stm32cube.ide.mcu.externaltools.gnu-tools-for-stm32.7-2018-q2-update.macos64_1.5.0.202011040924/tools/bin/../lib/gcc/arm-none-eabi/7.3.1/../../../../arm-none-eabi/lib/thumb/v7-m/libm.a(lib_a-e_pow.o)
 .rodata.dp_l   0x0000000008008c90       0x10 /Applications/STM32CubeIDE.app/Contents/Eclipse/plugins/com.st.stm32cube.ide.mcu.externaltools.gnu-tools-for-stm32.7-2018-q2-update.macos64_1.5.0.202011040924/tools/bin/../lib/gcc/arm-none-eabi/7.3.1/../../../../arm-none-eabi/lib/thumb/v7-m/libm.a(lib_a-e_pow.o)
 .rodata.npio2_hw
                0x0000000008008ca0       0x80 /Applications/STM32CubeIDE.app/Contents/Eclipse/plugins/com.st.stm32cube.ide.mcu.externaltools.gnu-tools-for-stm32.7-2018-q2-update.macos64_1.5.0.202011040924/tools/bin/../lib/gcc/arm-none-eabi/7.3.1/../../../../arm-none-eabi/lib/thumb/v7-m/libm.a(lib_a-e_rem_pio2.o)
 .rodata.two_over_pi
                0x0000000008008d20      0x108 /Applications/STM32CubeIDE.app/Contents/Eclipse/plugins/com.st.stm32cube.ide.mcu.externaltools.gnu-tools-for-stm32.7-2018-q2-update.macos64_1.5.0.202011040924/tools/bin/../lib/gcc/arm-none-eabi/7.3.1/../../../../arm-none-eabi/lib/thumb/v7-m/libm.a(lib_a-e_rem_pio2.o)
 .rodata.PIo2   0x0000000008008e28       0x40 /Applications/STM32CubeIDE.app/Contents/Eclipse/plugins/com.st.stm32cube.ide.mcu.externaltools.gnu-tools-for-stm32.7-2018-q2-update.macos64_1.5.0.202011040924/tools/bin/../lib/gcc/arm-none-eabi/7.3.1/../../../../arm-none-eabi/lib/thumb/v7-m/libm.a(lib_a-k_rem_pio2.o)
 .rodata.init_jk
                0x0000000008008e68       0x10 /Applications/STM32CubeIDE.app/Contents/Eclipse/plugins/com.st.stm32cube.ide.mcu.externaltools.gnu-tools-for-stm32.7-2018-q2-update.macos64_1.5.0.202011040924/tools/bin/../lib/gcc/arm-none-eabi/7.3.1/../../../../arm-none-eabi/lib/thumb/v7-m/libm.a(lib_a-k_rem_pio2.o)
 .rodata.TWO52  0x0000000008008e78       0x10 /Applications/STM32CubeIDE.app/Contents/Eclipse/plugins/com.st.stm32cube.ide.mcu.externaltools.gnu-tools-for-stm32.7-2018-q2-update.macos64_1.5.0.202011040924/tools/bin/../lib/gcc/arm-none-eabi/7.3.1/../../../../arm-none-eabi/lib/thumb/v7-m/libm.a(lib_a-s_rint.o)
                0x0000000008008e88                . = ALIGN (0x4)

.rel.dyn        0x0000000008008e88        0x0
 .rel.iplt      0x0000000008008e88        0x0 /Applications/STM32CubeIDE.app/Contents/Eclipse/plugins/com.st.stm32cube.ide.mcu.externaltools.gnu-tools-for-stm32.7-2018-q2-update.macos64_1.5.0.202011040924/tools/bin/../lib/gcc/arm-none-eabi/7.3.1/thumb/v7-m/crtbegin.o

.ARM.extab      0x0000000008008e88        0x0
                0x0000000008008e88                . = ALIGN (0x4)
 *(.ARM.extab* .gnu.linkonce.armextab.*)
                0x0000000008008e88                . = ALIGN (0x4)

.ARM            0x0000000008008e88        0x0
                0x0000000008008e88                . = ALIGN (0x4)
                0x0000000008008e88                __exidx_start = .
 *(.ARM.exidx*)
                0x0000000008008e88                __exidx_end = .
                0x0000000008008e88                . = ALIGN (0x4)

.preinit_array  0x0000000008008e88        0x0
                0x0000000008008e88                . = ALIGN (0x4)
                0x0000000008008e88                PROVIDE (__preinit_array_start = .)
 *(.preinit_array*)
                0x0000000008008e88                PROVIDE (__preinit_array_end = .)
                0x0000000008008e88                . = ALIGN (0x4)

.init_array     0x0000000008008e88        0x4
                0x0000000008008e88                . = ALIGN (0x4)
                0x0000000008008e88                PROVIDE (__init_array_start = .)
 *(SORT_BY_NAME(.init_array.*))
 *(.init_array*)
 .init_array    0x0000000008008e88        0x4 /Applications/STM32CubeIDE.app/Contents/Eclipse/plugins/com.st.stm32cube.ide.mcu.externaltools.gnu-tools-for-stm32.7-2018-q2-update.macos64_1.5.0.202011040924/tools/bin/../lib/gcc/arm-none-eabi/7.3.1/thumb/v7-m/crtbegin.o
                0x0000000008008e8c                PROVIDE (__init_array_end = .)
                0x0000000008008e8c                . = ALIGN (0x4)

.fini_array     0x0000000008008e8c        0x4
                0x0000000008008e8c                . = ALIGN (0x4)
                [!provide]                        PROVIDE (__fini_array_start = .)
 *(SORT_BY_NAME(.fini_array.*))
 *(.fini_array*)
 .fini_array    0x0000000008008e8c        0x4 /Applications/STM32CubeIDE.app/Contents/Eclipse/plugins/com.st.stm32cube.ide.mcu.externaltools.gnu-tools-for-stm32.7-2018-q2-update.macos64_1.5.0.202011040924/tools/bin/../lib/gcc/arm-none-eabi/7.3.1/thumb/v7-m/crtbegin.o
                [!provide]                        PROVIDE (__fini_array_end = .)
                0x0000000008008e90                . = ALIGN (0x4)
                0x0000000008008e90                _sidata = LOADADDR (.data)

.data           0x0000000020000000       0x78 load address 0x0000000008008e90
                0x0000000020000000                . = ALIGN (0x4)
                0x0000000020000000                _sdata = .
 *(.data)
 *(.data*)
 .data.SavePF   0x0000000020000000        0x1 Core/Src/main.o
                0x0000000020000000                SavePF
 .data.Data     0x0000000020000001        0x1 Core/Src/main.o
                0x0000000020000001                Data
 *fill*         0x0000000020000002        0x2 
 .data.ADCvoltage
                0x0000000020000004        0x4 Core/Src/main.o
                0x0000000020000004                ADCvoltage
 .data.stepADC  0x0000000020000008        0x4 Core/Src/main.o
                0x0000000020000008                stepADC
 .data.uwTickFreq
                0x000000002000000c        0x1 Drivers/STM32F1xx_HAL_Driver/Src/stm32f1xx_hal.o
                0x000000002000000c                uwTickFreq
 *fill*         0x000000002000000d        0x3 
 .data._impure_ptr
                0x0000000020000010        0x4 /Applications/STM32CubeIDE.app/Contents/Eclipse/plugins/com.st.stm32cube.ide.mcu.externaltools.gnu-tools-for-stm32.7-2018-q2-update.macos64_1.5.0.202011040924/tools/bin/../lib/gcc/arm-none-eabi/7.3.1/../../../../arm-none-eabi/lib/thumb/v7-m/libc_nano.a(lib_a-impure.o)
                0x0000000020000010                _impure_ptr
 .data.impure_data
                0x0000000020000014       0x60 /Applications/STM32CubeIDE.app/Contents/Eclipse/plugins/com.st.stm32cube.ide.mcu.externaltools.gnu-tools-for-stm32.7-2018-q2-update.macos64_1.5.0.202011040924/tools/bin/../lib/gcc/arm-none-eabi/7.3.1/../../../../arm-none-eabi/lib/thumb/v7-m/libc_nano.a(lib_a-impure.o)
 .data.__fdlib_version
                0x0000000020000074        0x1 /Applications/STM32CubeIDE.app/Contents/Eclipse/plugins/com.st.stm32cube.ide.mcu.externaltools.gnu-tools-for-stm32.7-2018-q2-update.macos64_1.5.0.202011040924/tools/bin/../lib/gcc/arm-none-eabi/7.3.1/../../../../arm-none-eabi/lib/thumb/v7-m/libm.a(lib_a-s_lib_ver.o)
                0x0000000020000074                __fdlib_version
 *(.RamFunc)
 *(.RamFunc*)
                0x0000000020000078                . = ALIGN (0x4)
 *fill*         0x0000000020000075        0x3 
                0x0000000020000078                _edata = .

.igot.plt       0x0000000020000078        0x0 load address 0x0000000008008f08
 .igot.plt      0x0000000020000078        0x0 /Applications/STM32CubeIDE.app/Contents/Eclipse/plugins/com.st.stm32cube.ide.mcu.externaltools.gnu-tools-for-stm32.7-2018-q2-update.macos64_1.5.0.202011040924/tools/bin/../lib/gcc/arm-none-eabi/7.3.1/thumb/v7-m/crtbegin.o
                0x0000000020000078                . = ALIGN (0x4)

.bss            0x0000000020000078      0xe94 load address 0x0000000008008f08
                0x0000000020000078                _sbss = .
                0x0000000020000078                __bss_start__ = _sbss
 *(.bss)
 .bss           0x0000000020000078       0x1c /Applications/STM32CubeIDE.app/Contents/Eclipse/plugins/com.st.stm32cube.ide.mcu.externaltools.gnu-tools-for-stm32.7-2018-q2-update.macos64_1.5.0.202011040924/tools/bin/../lib/gcc/arm-none-eabi/7.3.1/thumb/v7-m/crtbegin.o
 *(.bss*)
 .bss.page      0x0000000020000094        0x4 Core/Src/main.o
                0x0000000020000094                page
 .bss.azim      0x0000000020000098        0x4 Core/Src/main.o
                0x0000000020000098                azim
 .bss.Light     0x000000002000009c        0x1 Core/Src/main.o
                0x000000002000009c                Light
 .bss.Recieved  0x000000002000009d        0x1 Core/Src/main.o
                0x000000002000009d                Recieved
 .bss.But12     0x000000002000009e        0x1 Core/Src/main.o
                0x000000002000009e                But12
 *fill*         0x000000002000009f        0x1 
 .bss.time      0x00000000200000a0        0x9 Core/Src/main.o
                0x00000000200000a0                time
 *fill*         0x00000000200000a9        0x3 
 .bss.latitude  0x00000000200000ac        0xb Core/Src/main.o
                0x00000000200000ac                latitude
 *fill*         0x00000000200000b7        0x1 
 .bss.longitude
                0x00000000200000b8        0xc Core/Src/main.o
                0x00000000200000b8                longitude
 .bss.azimuth   0x00000000200000c4        0x4 Core/Src/main.o
                0x00000000200000c4                azimuth
 .bss.time_flash
                0x00000000200000c8        0x9 Core/Src/main.o
                0x00000000200000c8                time_flash
 *fill*         0x00000000200000d1        0x3 
 .bss.latitude_flash
                0x00000000200000d4        0xb Core/Src/main.o
                0x00000000200000d4                latitude_flash
 *fill*         0x00000000200000df        0x1 
 .bss.longitude_flash
                0x00000000200000e0        0xc Core/Src/main.o
                0x00000000200000e0                longitude_flash
 .bss.latit     0x00000000200000ec        0x4 Core/Src/main.o
                0x00000000200000ec                latit
 .bss.longit    0x00000000200000f0        0x4 Core/Src/main.o
                0x00000000200000f0                longit
 .bss.latit_2   0x00000000200000f4        0x4 Core/Src/main.o
                0x00000000200000f4                latit_2
 .bss.longit_2  0x00000000200000f8        0x4 Core/Src/main.o
                0x00000000200000f8                longit_2
 .bss.interval  0x00000000200000fc        0x4 Core/Src/main.o
                0x00000000200000fc                interval
 .bss.__sbrk_heap_end
                0x0000000020000100        0x4 Core/Src/sysmem.o
 .bss.__malloc_free_list
                0x0000000020000104        0x4 /Applications/STM32CubeIDE.app/Contents/Eclipse/plugins/com.st.stm32cube.ide.mcu.externaltools.gnu-tools-for-stm32.7-2018-q2-update.macos64_1.5.0.202011040924/tools/bin/../lib/gcc/arm-none-eabi/7.3.1/../../../../arm-none-eabi/lib/thumb/v7-m/libc_nano.a(lib_a-nano-mallocr.o)
                0x0000000020000104                __malloc_free_list
 .bss.__malloc_sbrk_start
                0x0000000020000108        0x4 /Applications/STM32CubeIDE.app/Contents/Eclipse/plugins/com.st.stm32cube.ide.mcu.externaltools.gnu-tools-for-stm32.7-2018-q2-update.macos64_1.5.0.202011040924/tools/bin/../lib/gcc/arm-none-eabi/7.3.1/../../../../arm-none-eabi/lib/thumb/v7-m/libc_nano.a(lib_a-nano-mallocr.o)
                0x0000000020000108                __malloc_sbrk_start
 *(COMMON)
 COMMON         0x000000002000010c      0xdf7 Core/Src/main.o
                0x000000002000010c                adcResult
                0x0000000020000110                RxBuffer
                0x0000000020000210                charTokens
 *fill*         0x0000000020000f03        0x1 
 COMMON         0x0000000020000f04        0x4 Drivers/STM32F1xx_HAL_Driver/Src/stm32f1xx_hal.o
                0x0000000020000f04                uwTick
 COMMON         0x0000000020000f08        0x4 /Applications/STM32CubeIDE.app/Contents/Eclipse/plugins/com.st.stm32cube.ide.mcu.externaltools.gnu-tools-for-stm32.7-2018-q2-update.macos64_1.5.0.202011040924/tools/bin/../lib/gcc/arm-none-eabi/7.3.1/../../../../arm-none-eabi/lib/thumb/v7-m/libc_nano.a(lib_a-reent.o)
                0x0000000020000f08                errno
                0x0000000020000f0c                . = ALIGN (0x4)
                0x0000000020000f0c                _ebss = .
                0x0000000020000f0c                __bss_end__ = _ebss

._user_heap_stack
                0x0000000020000f0c      0x604 load address 0x0000000008008f08
                0x0000000020000f10                . = ALIGN (0x8)
 *fill*         0x0000000020000f0c        0x4 
                [!provide]                        PROVIDE (end = .)
                0x0000000020000f10                PROVIDE (_end = .)
                0x0000000020001110                . = (. + _Min_Heap_Size)
 *fill*         0x0000000020000f10      0x200 
                0x0000000020001510                . = (. + _Min_Stack_Size)
 *fill*         0x0000000020001110      0x400 
                0x0000000020001510                . = ALIGN (0x8)

/DISCARD/
 libc.a(*)
 libm.a(*)
 libgcc.a(*)

.ARM.attributes
                0x0000000000000000       0x29
 *(.ARM.attributes)
 .ARM.attributes
                0x0000000000000000       0x1d /Applications/STM32CubeIDE.app/Contents/Eclipse/plugins/com.st.stm32cube.ide.mcu.externaltools.gnu-tools-for-stm32.7-2018-q2-update.macos64_1.5.0.202011040924/tools/bin/../lib/gcc/arm-none-eabi/7.3.1/thumb/v7-m/crti.o
 .ARM.attributes
                0x000000000000001d       0x2d /Applications/STM32CubeIDE.app/Contents/Eclipse/plugins/com.st.stm32cube.ide.mcu.externaltools.gnu-tools-for-stm32.7-2018-q2-update.macos64_1.5.0.202011040924/tools/bin/../lib/gcc/arm-none-eabi/7.3.1/thumb/v7-m/crtbegin.o
 .ARM.attributes
                0x000000000000004a       0x33 Core/Src/main.o
 .ARM.attributes
                0x000000000000007d       0x33 Core/Src/stm32f1xx_it.o
 .ARM.attributes
                0x00000000000000b0       0x33 Core/Src/sysmem.o
 .ARM.attributes
                0x00000000000000e3       0x33 Core/Src/system_stm32f1xx.o
 .ARM.attributes
                0x0000000000000116       0x21 Core/Startup/startup_stm32f100rbtx.o
 .ARM.attributes
                0x0000000000000137       0x33 Drivers/STM32F1xx_HAL_Driver/Src/stm32f1xx_hal.o
 .ARM.attributes
                0x000000000000016a       0x2d /Applications/STM32CubeIDE.app/Contents/Eclipse/plugins/com.st.stm32cube.ide.mcu.externaltools.gnu-tools-for-stm32.7-2018-q2-update.macos64_1.5.0.202011040924/tools/bin/../lib/gcc/arm-none-eabi/7.3.1/../../../../arm-none-eabi/lib/thumb/v7-m/libc_nano.a(lib_a-errno.o)
 .ARM.attributes
                0x0000000000000197       0x2d /Applications/STM32CubeIDE.app/Contents/Eclipse/plugins/com.st.stm32cube.ide.mcu.externaltools.gnu-tools-for-stm32.7-2018-q2-update.macos64_1.5.0.202011040924/tools/bin/../lib/gcc/arm-none-eabi/7.3.1/../../../../arm-none-eabi/lib/thumb/v7-m/libc_nano.a(lib_a-impure.o)
 .ARM.attributes
                0x00000000000001c4       0x2d /Applications/STM32CubeIDE.app/Contents/Eclipse/plugins/com.st.stm32cube.ide.mcu.externaltools.gnu-tools-for-stm32.7-2018-q2-update.macos64_1.5.0.202011040924/tools/bin/../lib/gcc/arm-none-eabi/7.3.1/../../../../arm-none-eabi/lib/thumb/v7-m/libc_nano.a(lib_a-init.o)
 .ARM.attributes
                0x00000000000001f1       0x2d /Applications/STM32CubeIDE.app/Contents/Eclipse/plugins/com.st.stm32cube.ide.mcu.externaltools.gnu-tools-for-stm32.7-2018-q2-update.macos64_1.5.0.202011040924/tools/bin/../lib/gcc/arm-none-eabi/7.3.1/../../../../arm-none-eabi/lib/thumb/v7-m/libc_nano.a(lib_a-malloc.o)
 .ARM.attributes
                0x000000000000021e       0x2d /Applications/STM32CubeIDE.app/Contents/Eclipse/plugins/com.st.stm32cube.ide.mcu.externaltools.gnu-tools-for-stm32.7-2018-q2-update.macos64_1.5.0.202011040924/tools/bin/../lib/gcc/arm-none-eabi/7.3.1/../../../../arm-none-eabi/lib/thumb/v7-m/libc_nano.a(lib_a-memset.o)
 .ARM.attributes
                0x000000000000024b       0x2d /Applications/STM32CubeIDE.app/Contents/Eclipse/plugins/com.st.stm32cube.ide.mcu.externaltools.gnu-tools-for-stm32.7-2018-q2-update.macos64_1.5.0.202011040924/tools/bin/../lib/gcc/arm-none-eabi/7.3.1/../../../../arm-none-eabi/lib/thumb/v7-m/libc_nano.a(lib_a-nano-mallocr.o)
 .ARM.attributes
                0x0000000000000278       0x2d /Applications/STM32CubeIDE.app/Contents/Eclipse/plugins/com.st.stm32cube.ide.mcu.externaltools.gnu-tools-for-stm32.7-2018-q2-update.macos64_1.5.0.202011040924/tools/bin/../lib/gcc/arm-none-eabi/7.3.1/../../../../arm-none-eabi/lib/thumb/v7-m/libc_nano.a(lib_a-sbrkr.o)
 .ARM.attributes
                0x00000000000002a5       0x2d /Applications/STM32CubeIDE.app/Contents/Eclipse/plugins/com.st.stm32cube.ide.mcu.externaltools.gnu-tools-for-stm32.7-2018-q2-update.macos64_1.5.0.202011040924/tools/bin/../lib/gcc/arm-none-eabi/7.3.1/../../../../arm-none-eabi/lib/thumb/v7-m/libc_nano.a(lib_a-sf_modf.o)
 .ARM.attributes
                0x00000000000002d2       0x2d /Applications/STM32CubeIDE.app/Contents/Eclipse/plugins/com.st.stm32cube.ide.mcu.externaltools.gnu-tools-for-stm32.7-2018-q2-update.macos64_1.5.0.202011040924/tools/bin/../lib/gcc/arm-none-eabi/7.3.1/../../../../arm-none-eabi/lib/thumb/v7-m/libc_nano.a(lib_a-strchr.o)
 .ARM.attributes
                0x00000000000002ff       0x17 /Applications/STM32CubeIDE.app/Contents/Eclipse/plugins/com.st.stm32cube.ide.mcu.externaltools.gnu-tools-for-stm32.7-2018-q2-update.macos64_1.5.0.202011040924/tools/bin/../lib/gcc/arm-none-eabi/7.3.1/../../../../arm-none-eabi/lib/thumb/v7-m/libc_nano.a(lib_a-strlen.o)
 .ARM.attributes
                0x0000000000000316       0x2d /Applications/STM32CubeIDE.app/Contents/Eclipse/plugins/com.st.stm32cube.ide.mcu.externaltools.gnu-tools-for-stm32.7-2018-q2-update.macos64_1.5.0.202011040924/tools/bin/../lib/gcc/arm-none-eabi/7.3.1/../../../../arm-none-eabi/lib/thumb/v7-m/libc_nano.a(lib_a-strncmp.o)
 .ARM.attributes
                0x0000000000000343       0x2d /Applications/STM32CubeIDE.app/Contents/Eclipse/plugins/com.st.stm32cube.ide.mcu.externaltools.gnu-tools-for-stm32.7-2018-q2-update.macos64_1.5.0.202011040924/tools/bin/../lib/gcc/arm-none-eabi/7.3.1/../../../../arm-none-eabi/lib/thumb/v7-m/libc_nano.a(lib_a-strncpy.o)
 .ARM.attributes
                0x0000000000000370       0x2d /Applications/STM32CubeIDE.app/Contents/Eclipse/plugins/com.st.stm32cube.ide.mcu.externaltools.gnu-tools-for-stm32.7-2018-q2-update.macos64_1.5.0.202011040924/tools/bin/../lib/gcc/arm-none-eabi/7.3.1/../../../../arm-none-eabi/lib/thumb/v7-m/libc_nano.a(lib_a-strpbrk.o)
 .ARM.attributes
                0x000000000000039d       0x2d /Applications/STM32CubeIDE.app/Contents/Eclipse/plugins/com.st.stm32cube.ide.mcu.externaltools.gnu-tools-for-stm32.7-2018-q2-update.macos64_1.5.0.202011040924/tools/bin/../lib/gcc/arm-none-eabi/7.3.1/../../../../arm-none-eabi/lib/thumb/v7-m/libc_nano.a(lib_a-mlock.o)
 .ARM.attributes
                0x00000000000003ca       0x2d /Applications/STM32CubeIDE.app/Contents/Eclipse/plugins/com.st.stm32cube.ide.mcu.externaltools.gnu-tools-for-stm32.7-2018-q2-update.macos64_1.5.0.202011040924/tools/bin/../lib/gcc/arm-none-eabi/7.3.1/../../../../arm-none-eabi/lib/thumb/v7-m/libc_nano.a(lib_a-reent.o)
 .ARM.attributes
                0x00000000000003f7       0x2d /Applications/STM32CubeIDE.app/Contents/Eclipse/plugins/com.st.stm32cube.ide.mcu.externaltools.gnu-tools-for-stm32.7-2018-q2-update.macos64_1.5.0.202011040924/tools/bin/../lib/gcc/arm-none-eabi/7.3.1/../../../../arm-none-eabi/lib/thumb/v7-m/libm.a(lib_a-s_atan.o)
 .ARM.attributes
                0x0000000000000424       0x2d /Applications/STM32CubeIDE.app/Contents/Eclipse/plugins/com.st.stm32cube.ide.mcu.externaltools.gnu-tools-for-stm32.7-2018-q2-update.macos64_1.5.0.202011040924/tools/bin/../lib/gcc/arm-none-eabi/7.3.1/../../../../arm-none-eabi/lib/thumb/v7-m/libm.a(lib_a-s_cos.o)
 .ARM.attributes
                0x0000000000000451       0x2d /Applications/STM32CubeIDE.app/Contents/Eclipse/plugins/com.st.stm32cube.ide.mcu.externaltools.gnu-tools-for-stm32.7-2018-q2-update.macos64_1.5.0.202011040924/tools/bin/../lib/gcc/arm-none-eabi/7.3.1/../../../../arm-none-eabi/lib/thumb/v7-m/libm.a(lib_a-s_fabs.o)
 .ARM.attributes
                0x000000000000047e       0x2d /Applications/STM32CubeIDE.app/Contents/Eclipse/plugins/com.st.stm32cube.ide.mcu.externaltools.gnu-tools-for-stm32.7-2018-q2-update.macos64_1.5.0.202011040924/tools/bin/../lib/gcc/arm-none-eabi/7.3.1/../../../../arm-none-eabi/lib/thumb/v7-m/libm.a(lib_a-s_floor.o)
 .ARM.attributes
                0x00000000000004ab       0x2d /Applications/STM32CubeIDE.app/Contents/Eclipse/plugins/com.st.stm32cube.ide.mcu.externaltools.gnu-tools-for-stm32.7-2018-q2-update.macos64_1.5.0.202011040924/tools/bin/../lib/gcc/arm-none-eabi/7.3.1/../../../../arm-none-eabi/lib/thumb/v7-m/libm.a(lib_a-s_sin.o)
 .ARM.attributes
                0x00000000000004d8       0x2d /Applications/STM32CubeIDE.app/Contents/Eclipse/plugins/com.st.stm32cube.ide.mcu.externaltools.gnu-tools-for-stm32.7-2018-q2-update.macos64_1.5.0.202011040924/tools/bin/../lib/gcc/arm-none-eabi/7.3.1/../../../../arm-none-eabi/lib/thumb/v7-m/libm.a(lib_a-w_asin.o)
 .ARM.attributes
                0x0000000000000505       0x2d /Applications/STM32CubeIDE.app/Contents/Eclipse/plugins/com.st.stm32cube.ide.mcu.externaltools.gnu-tools-for-stm32.7-2018-q2-update.macos64_1.5.0.202011040924/tools/bin/../lib/gcc/arm-none-eabi/7.3.1/../../../../arm-none-eabi/lib/thumb/v7-m/libm.a(lib_a-w_pow.o)
 .ARM.attributes
                0x0000000000000532       0x2d /Applications/STM32CubeIDE.app/Contents/Eclipse/plugins/com.st.stm32cube.ide.mcu.externaltools.gnu-tools-for-stm32.7-2018-q2-update.macos64_1.5.0.202011040924/tools/bin/../lib/gcc/arm-none-eabi/7.3.1/../../../../arm-none-eabi/lib/thumb/v7-m/libm.a(lib_a-w_sqrt.o)
 .ARM.attributes
                0x000000000000055f       0x2d /Applications/STM32CubeIDE.app/Contents/Eclipse/plugins/com.st.stm32cube.ide.mcu.externaltools.gnu-tools-for-stm32.7-2018-q2-update.macos64_1.5.0.202011040924/tools/bin/../lib/gcc/arm-none-eabi/7.3.1/../../../../arm-none-eabi/lib/thumb/v7-m/libm.a(lib_a-e_asin.o)
 .ARM.attributes
                0x000000000000058c       0x2d /Applications/STM32CubeIDE.app/Contents/Eclipse/plugins/com.st.stm32cube.ide.mcu.externaltools.gnu-tools-for-stm32.7-2018-q2-update.macos64_1.5.0.202011040924/tools/bin/../lib/gcc/arm-none-eabi/7.3.1/../../../../arm-none-eabi/lib/thumb/v7-m/libm.a(lib_a-e_pow.o)
 .ARM.attributes
                0x00000000000005b9       0x2d /Applications/STM32CubeIDE.app/Contents/Eclipse/plugins/com.st.stm32cube.ide.mcu.externaltools.gnu-tools-for-stm32.7-2018-q2-update.macos64_1.5.0.202011040924/tools/bin/../lib/gcc/arm-none-eabi/7.3.1/../../../../arm-none-eabi/lib/thumb/v7-m/libm.a(lib_a-e_rem_pio2.o)
 .ARM.attributes
                0x00000000000005e6       0x2d /Applications/STM32CubeIDE.app/Contents/Eclipse/plugins/com.st.stm32cube.ide.mcu.externaltools.gnu-tools-for-stm32.7-2018-q2-update.macos64_1.5.0.202011040924/tools/bin/../lib/gcc/arm-none-eabi/7.3.1/../../../../arm-none-eabi/lib/thumb/v7-m/libm.a(lib_a-e_sqrt.o)
 .ARM.attributes
                0x0000000000000613       0x2d /Applications/STM32CubeIDE.app/Contents/Eclipse/plugins/com.st.stm32cube.ide.mcu.externaltools.gnu-tools-for-stm32.7-2018-q2-update.macos64_1.5.0.202011040924/tools/bin/../lib/gcc/arm-none-eabi/7.3.1/../../../../arm-none-eabi/lib/thumb/v7-m/libm.a(lib_a-k_cos.o)
 .ARM.attributes
                0x0000000000000640       0x2d /Applications/STM32CubeIDE.app/Contents/Eclipse/plugins/com.st.stm32cube.ide.mcu.externaltools.gnu-tools-for-stm32.7-2018-q2-update.macos64_1.5.0.202011040924/tools/bin/../lib/gcc/arm-none-eabi/7.3.1/../../../../arm-none-eabi/lib/thumb/v7-m/libm.a(lib_a-k_rem_pio2.o)
 .ARM.attributes
                0x000000000000066d       0x2d /Applications/STM32CubeIDE.app/Contents/Eclipse/plugins/com.st.stm32cube.ide.mcu.externaltools.gnu-tools-for-stm32.7-2018-q2-update.macos64_1.5.0.202011040924/tools/bin/../lib/gcc/arm-none-eabi/7.3.1/../../../../arm-none-eabi/lib/thumb/v7-m/libm.a(lib_a-k_sin.o)
 .ARM.attributes
                0x000000000000069a       0x2d /Applications/STM32CubeIDE.app/Contents/Eclipse/plugins/com.st.stm32cube.ide.mcu.externaltools.gnu-tools-for-stm32.7-2018-q2-update.macos64_1.5.0.202011040924/tools/bin/../lib/gcc/arm-none-eabi/7.3.1/../../../../arm-none-eabi/lib/thumb/v7-m/libm.a(lib_a-s_finite.o)
 .ARM.attributes
                0x00000000000006c7       0x2d /Applications/STM32CubeIDE.app/Contents/Eclipse/plugins/com.st.stm32cube.ide.mcu.externaltools.gnu-tools-for-stm32.7-2018-q2-update.macos64_1.5.0.202011040924/tools/bin/../lib/gcc/arm-none-eabi/7.3.1/../../../../arm-none-eabi/lib/thumb/v7-m/libm.a(lib_a-s_lib_ver.o)
 .ARM.attributes
                0x00000000000006f4       0x2d /Applications/STM32CubeIDE.app/Contents/Eclipse/plugins/com.st.stm32cube.ide.mcu.externaltools.gnu-tools-for-stm32.7-2018-q2-update.macos64_1.5.0.202011040924/tools/bin/../lib/gcc/arm-none-eabi/7.3.1/../../../../arm-none-eabi/lib/thumb/v7-m/libm.a(lib_a-s_matherr.o)
 .ARM.attributes
                0x0000000000000721       0x2d /Applications/STM32CubeIDE.app/Contents/Eclipse/plugins/com.st.stm32cube.ide.mcu.externaltools.gnu-tools-for-stm32.7-2018-q2-update.macos64_1.5.0.202011040924/tools/bin/../lib/gcc/arm-none-eabi/7.3.1/../../../../arm-none-eabi/lib/thumb/v7-m/libm.a(lib_a-s_nan.o)
 .ARM.attributes
                0x000000000000074e       0x2d /Applications/STM32CubeIDE.app/Contents/Eclipse/plugins/com.st.stm32cube.ide.mcu.externaltools.gnu-tools-for-stm32.7-2018-q2-update.macos64_1.5.0.202011040924/tools/bin/../lib/gcc/arm-none-eabi/7.3.1/../../../../arm-none-eabi/lib/thumb/v7-m/libm.a(lib_a-s_rint.o)
 .ARM.attributes
                0x000000000000077b       0x2d /Applications/STM32CubeIDE.app/Contents/Eclipse/plugins/com.st.stm32cube.ide.mcu.externaltools.gnu-tools-for-stm32.7-2018-q2-update.macos64_1.5.0.202011040924/tools/bin/../lib/gcc/arm-none-eabi/7.3.1/../../../../arm-none-eabi/lib/thumb/v7-m/libm.a(lib_a-s_scalbn.o)
 .ARM.attributes
                0x00000000000007a8       0x2d /Applications/STM32CubeIDE.app/Contents/Eclipse/plugins/com.st.stm32cube.ide.mcu.externaltools.gnu-tools-for-stm32.7-2018-q2-update.macos64_1.5.0.202011040924/tools/bin/../lib/gcc/arm-none-eabi/7.3.1/../../../../arm-none-eabi/lib/thumb/v7-m/libm.a(lib_a-s_copysign.o)
 .ARM.attributes
                0x00000000000007d5       0x1d /Applications/STM32CubeIDE.app/Contents/Eclipse/plugins/com.st.stm32cube.ide.mcu.externaltools.gnu-tools-for-stm32.7-2018-q2-update.macos64_1.5.0.202011040924/tools/bin/../lib/gcc/arm-none-eabi/7.3.1/thumb/v7-m/libgcc.a(_arm_addsubdf3.o)
 .ARM.attributes
                0x00000000000007f2       0x1d /Applications/STM32CubeIDE.app/Contents/Eclipse/plugins/com.st.stm32cube.ide.mcu.externaltools.gnu-tools-for-stm32.7-2018-q2-update.macos64_1.5.0.202011040924/tools/bin/../lib/gcc/arm-none-eabi/7.3.1/thumb/v7-m/libgcc.a(_arm_muldivdf3.o)
 .ARM.attributes
                0x000000000000080f       0x1d /Applications/STM32CubeIDE.app/Contents/Eclipse/plugins/com.st.stm32cube.ide.mcu.externaltools.gnu-tools-for-stm32.7-2018-q2-update.macos64_1.5.0.202011040924/tools/bin/../lib/gcc/arm-none-eabi/7.3.1/thumb/v7-m/libgcc.a(_arm_cmpdf2.o)
 .ARM.attributes
                0x000000000000082c       0x1d /Applications/STM32CubeIDE.app/Contents/Eclipse/plugins/com.st.stm32cube.ide.mcu.externaltools.gnu-tools-for-stm32.7-2018-q2-update.macos64_1.5.0.202011040924/tools/bin/../lib/gcc/arm-none-eabi/7.3.1/thumb/v7-m/libgcc.a(_arm_unorddf2.o)
 .ARM.attributes
                0x0000000000000849       0x1d /Applications/STM32CubeIDE.app/Contents/Eclipse/plugins/com.st.stm32cube.ide.mcu.externaltools.gnu-tools-for-stm32.7-2018-q2-update.macos64_1.5.0.202011040924/tools/bin/../lib/gcc/arm-none-eabi/7.3.1/thumb/v7-m/libgcc.a(_arm_fixdfsi.o)
 .ARM.attributes
                0x0000000000000866       0x1d /Applications/STM32CubeIDE.app/Contents/Eclipse/plugins/com.st.stm32cube.ide.mcu.externaltools.gnu-tools-for-stm32.7-2018-q2-update.macos64_1.5.0.202011040924/tools/bin/../lib/gcc/arm-none-eabi/7.3.1/thumb/v7-m/libgcc.a(_arm_truncdfsf2.o)
 .ARM.attributes
                0x0000000000000883       0x1d /Applications/STM32CubeIDE.app/Contents/Eclipse/plugins/com.st.stm32cube.ide.mcu.externaltools.gnu-tools-for-stm32.7-2018-q2-update.macos64_1.5.0.202011040924/tools/bin/../lib/gcc/arm-none-eabi/7.3.1/thumb/v7-m/libgcc.a(_arm_addsubsf3.o)
 .ARM.attributes
                0x00000000000008a0       0x1d /Applications/STM32CubeIDE.app/Contents/Eclipse/plugins/com.st.stm32cube.ide.mcu.externaltools.gnu-tools-for-stm32.7-2018-q2-update.macos64_1.5.0.202011040924/tools/bin/../lib/gcc/arm-none-eabi/7.3.1/thumb/v7-m/libgcc.a(_arm_muldivsf3.o)
 .ARM.attributes
                0x00000000000008bd       0x1d /Applications/STM32CubeIDE.app/Contents/Eclipse/plugins/com.st.stm32cube.ide.mcu.externaltools.gnu-tools-for-stm32.7-2018-q2-update.macos64_1.5.0.202011040924/tools/bin/../lib/gcc/arm-none-eabi/7.3.1/thumb/v7-m/libgcc.a(_arm_cmpsf2.o)
 .ARM.attributes
                0x00000000000008da       0x1d /Applications/STM32CubeIDE.app/Contents/Eclipse/plugins/com.st.stm32cube.ide.mcu.externaltools.gnu-tools-for-stm32.7-2018-q2-update.macos64_1.5.0.202011040924/tools/bin/../lib/gcc/arm-none-eabi/7.3.1/thumb/v7-m/libgcc.a(_arm_fixsfsi.o)
 .ARM.attributes
                0x00000000000008f7       0x1d /Applications/STM32CubeIDE.app/Contents/Eclipse/plugins/com.st.stm32cube.ide.mcu.externaltools.gnu-tools-for-stm32.7-2018-q2-update.macos64_1.5.0.202011040924/tools/bin/../lib/gcc/arm-none-eabi/7.3.1/thumb/v7-m/crtn.o
OUTPUT(GPS_KORCH.elf elf32-littlearm)

.debug_info     0x0000000000000000     0x3468
 .debug_info    0x0000000000000000     0x1f79 Core/Src/main.o
 .debug_info    0x0000000000001f79      0x20a Core/Src/stm32f1xx_it.o
 .debug_info    0x0000000000002183      0x985 Core/Src/sysmem.o
 .debug_info    0x0000000000002b08      0x2a8 Core/Src/system_stm32f1xx.o
 .debug_info    0x0000000000002db0       0x22 Core/Startup/startup_stm32f100rbtx.o
 .debug_info    0x0000000000002dd2      0x696 Drivers/STM32F1xx_HAL_Driver/Src/stm32f1xx_hal.o

.debug_abbrev   0x0000000000000000      0x97a
 .debug_abbrev  0x0000000000000000      0x3ea Core/Src/main.o
 .debug_abbrev  0x00000000000003ea       0xc6 Core/Src/stm32f1xx_it.o
 .debug_abbrev  0x00000000000004b0      0x19b Core/Src/sysmem.o
 .debug_abbrev  0x000000000000064b      0x12b Core/Src/system_stm32f1xx.o
 .debug_abbrev  0x0000000000000776       0x12 Core/Startup/startup_stm32f100rbtx.o
 .debug_abbrev  0x0000000000000788      0x1f2 Drivers/STM32F1xx_HAL_Driver/Src/stm32f1xx_hal.o

.debug_aranges  0x0000000000000000      0x348
 .debug_aranges
                0x0000000000000000      0x198 Core/Src/main.o
 .debug_aranges
                0x0000000000000198       0x60 Core/Src/stm32f1xx_it.o
 .debug_aranges
                0x00000000000001f8       0x20 Core/Src/sysmem.o
 .debug_aranges
                0x0000000000000218       0x28 Core/Src/system_stm32f1xx.o
 .debug_aranges
                0x0000000000000240       0x28 Core/Startup/startup_stm32f100rbtx.o
 .debug_aranges
                0x0000000000000268       0xe0 Drivers/STM32F1xx_HAL_Driver/Src/stm32f1xx_hal.o

.debug_ranges   0x0000000000000000      0x2f0
 .debug_ranges  0x0000000000000000      0x188 Core/Src/main.o
 .debug_ranges  0x0000000000000188       0x50 Core/Src/stm32f1xx_it.o
 .debug_ranges  0x00000000000001d8       0x10 Core/Src/sysmem.o
 .debug_ranges  0x00000000000001e8       0x18 Core/Src/system_stm32f1xx.o
 .debug_ranges  0x0000000000000200       0x20 Core/Startup/startup_stm32f100rbtx.o
 .debug_ranges  0x0000000000000220       0xd0 Drivers/STM32F1xx_HAL_Driver/Src/stm32f1xx_hal.o

.debug_macro    0x0000000000000000     0xfa26
 .debug_macro   0x0000000000000000      0x360 Core/Src/main.o
 .debug_macro   0x0000000000000360      0xa5a Core/Src/main.o
 .debug_macro   0x0000000000000dba       0x2e Core/Src/main.o
 .debug_macro   0x0000000000000de8       0x22 Core/Src/main.o
 .debug_macro   0x0000000000000e0a       0x22 Core/Src/main.o
 .debug_macro   0x0000000000000e2c       0x8e Core/Src/main.o
 .debug_macro   0x0000000000000eba       0x51 Core/Src/main.o
 .debug_macro   0x0000000000000f0b       0xef Core/Src/main.o
 .debug_macro   0x0000000000000ffa       0x6a Core/Src/main.o
 .debug_macro   0x0000000000001064      0x1df Core/Src/main.o
 .debug_macro   0x0000000000001243       0x1c Core/Src/main.o
 .debug_macro   0x000000000000125f       0x22 Core/Src/main.o
 .debug_macro   0x0000000000001281       0xc3 Core/Src/main.o
 .debug_macro   0x0000000000001344      0xd23 Core/Src/main.o
 .debug_macro   0x0000000000002067     0x75c2 Core/Src/main.o
 .debug_macro   0x0000000000009629       0x43 Core/Src/main.o
 .debug_macro   0x000000000000966c      0x209 Core/Src/main.o
 .debug_macro   0x0000000000009875     0x3468 Core/Src/main.o
 .debug_macro   0x000000000000ccdd      0x174 Core/Src/main.o
 .debug_macro   0x000000000000ce51       0x5c Core/Src/main.o
 .debug_macro   0x000000000000cead      0x5be Core/Src/main.o
 .debug_macro   0x000000000000d46b      0x369 Core/Src/main.o
 .debug_macro   0x000000000000d7d4      0x1cb Core/Src/main.o
 .debug_macro   0x000000000000d99f      0x114 Core/Src/main.o
 .debug_macro   0x000000000000dab3      0x1f1 Core/Src/main.o
 .debug_macro   0x000000000000dca4       0x27 Core/Src/main.o
 .debug_macro   0x000000000000dccb      0x130 Core/Src/main.o
 .debug_macro   0x000000000000ddfb      0x1bc Core/Src/main.o
 .debug_macro   0x000000000000dfb7       0x34 Core/Src/main.o
 .debug_macro   0x000000000000dfeb       0x3c Core/Src/main.o
 .debug_macro   0x000000000000e027       0x57 Core/Src/main.o
 .debug_macro   0x000000000000e07e       0x6c Core/Src/main.o
 .debug_macro   0x000000000000e0ea      0x241 Core/Src/main.o
 .debug_macro   0x000000000000e32b      0x141 Core/Src/main.o
 .debug_macro   0x000000000000e46c       0x9f Core/Src/main.o
 .debug_macro   0x000000000000e50b       0x46 Core/Src/main.o
 .debug_macro   0x000000000000e551       0x18 Core/Src/main.o
 .debug_macro   0x000000000000e569       0x3c Core/Src/main.o
 .debug_macro   0x000000000000e5a5       0x34 Core/Src/main.o
 .debug_macro   0x000000000000e5d9       0x52 Core/Src/main.o
 .debug_macro   0x000000000000e62b       0x1f Core/Src/main.o
 .debug_macro   0x000000000000e64a       0x43 Core/Src/main.o
 .debug_macro   0x000000000000e68d       0x20 Core/Src/main.o
 .debug_macro   0x000000000000e6ad      0x1a3 Core/Src/main.o
 .debug_macro   0x000000000000e850      0x32a Core/Src/main.o
 .debug_macro   0x000000000000eb7a      0x1e1 Core/Src/main.o
 .debug_macro   0x000000000000ed5b       0x22 Core/Src/main.o
 .debug_macro   0x000000000000ed7d       0x16 Core/Src/main.o
 .debug_macro   0x000000000000ed93       0x35 Core/Src/main.o
 .debug_macro   0x000000000000edc8       0x20 Core/Src/main.o
 .debug_macro   0x000000000000ede8       0x16 Core/Src/main.o
 .debug_macro   0x000000000000edfe       0x16 Core/Src/main.o
 .debug_macro   0x000000000000ee14       0x29 Core/Src/main.o
 .debug_macro   0x000000000000ee3d       0x1c Core/Src/main.o
 .debug_macro   0x000000000000ee59       0x10 Core/Src/main.o
 .debug_macro   0x000000000000ee69       0x10 Core/Src/main.o
 .debug_macro   0x000000000000ee79       0x1c Core/Src/main.o
 .debug_macro   0x000000000000ee95       0x52 Core/Src/main.o
 .debug_macro   0x000000000000eee7       0x40 Core/Src/main.o
 .debug_macro   0x000000000000ef27       0x10 Core/Src/main.o
 .debug_macro   0x000000000000ef37       0x40 Core/Src/main.o
 .debug_macro   0x000000000000ef77       0xd7 Core/Src/main.o
 .debug_macro   0x000000000000f04e       0x1c Core/Src/main.o
 .debug_macro   0x000000000000f06a       0x3d Core/Src/main.o
 .debug_macro   0x000000000000f0a7       0x16 Core/Src/main.o
 .debug_macro   0x000000000000f0bd      0x145 Core/Src/main.o
 .debug_macro   0x000000000000f202       0x3a Core/Src/main.o
 .debug_macro   0x000000000000f23c      0x197 Core/Src/stm32f1xx_it.o
 .debug_macro   0x000000000000f3d3       0xee Core/Src/sysmem.o
 .debug_macro   0x000000000000f4c1      0x23b Core/Src/sysmem.o
 .debug_macro   0x000000000000f6fc      0x183 Core/Src/system_stm32f1xx.o
 .debug_macro   0x000000000000f87f      0x1a7 Drivers/STM32F1xx_HAL_Driver/Src/stm32f1xx_hal.o

.debug_line     0x0000000000000000     0x2cff
 .debug_line    0x0000000000000000     0x11bb Core/Src/main.o
 .debug_line    0x00000000000011bb      0x706 Core/Src/stm32f1xx_it.o
 .debug_line    0x00000000000018c1      0x503 Core/Src/sysmem.o
 .debug_line    0x0000000000001dc4      0x67f Core/Src/system_stm32f1xx.o
 .debug_line    0x0000000000002443       0x84 Core/Startup/startup_stm32f100rbtx.o
 .debug_line    0x00000000000024c7      0x838 Drivers/STM32F1xx_HAL_Driver/Src/stm32f1xx_hal.o

.debug_str      0x0000000000000000    0x5f5cd
 .debug_str     0x0000000000000000    0x5ec65 Core/Src/main.o
                                      0x5f1af (size before relaxing)
 .debug_str     0x000000000005ec65       0xc7 Core/Src/stm32f1xx_it.o
                                      0x59cba (size before relaxing)
 .debug_str     0x000000000005ed2c      0x4e9 Core/Src/sysmem.o
                                       0x5f39 (size before relaxing)
 .debug_str     0x000000000005f215       0x60 Core/Src/system_stm32f1xx.o
                                      0x59ca2 (size before relaxing)
 .debug_str     0x000000000005f275       0x36 Core/Startup/startup_stm32f100rbtx.o
                                         0x69 (size before relaxing)
 .debug_str     0x000000000005f2ab      0x322 Drivers/STM32F1xx_HAL_Driver/Src/stm32f1xx_hal.o
                                      0x5a2df (size before relaxing)

.comment        0x0000000000000000       0x7b
 .comment       0x0000000000000000       0x7b Core/Src/main.o
                                         0x7c (size before relaxing)
 .comment       0x000000000000007b       0x7c Core/Src/stm32f1xx_it.o
 .comment       0x000000000000007b       0x7c Core/Src/sysmem.o
 .comment       0x000000000000007b       0x7c Core/Src/system_stm32f1xx.o
 .comment       0x000000000000007b       0x7c Drivers/STM32F1xx_HAL_Driver/Src/stm32f1xx_hal.o

.debug_frame    0x0000000000000000     0x15a8
 .debug_frame   0x0000000000000000      0x690 Core/Src/main.o
 .debug_frame   0x0000000000000690      0x104 Core/Src/stm32f1xx_it.o
 .debug_frame   0x0000000000000794       0x34 Core/Src/sysmem.o
 .debug_frame   0x00000000000007c8       0x58 Core/Src/system_stm32f1xx.o
 .debug_frame   0x0000000000000820      0x334 Drivers/STM32F1xx_HAL_Driver/Src/stm32f1xx_hal.o
 .debug_frame   0x0000000000000b54       0x20 /Applications/STM32CubeIDE.app/Contents/Eclipse/plugins/com.st.stm32cube.ide.mcu.externaltools.gnu-tools-for-stm32.7-2018-q2-update.macos64_1.5.0.202011040924/tools/bin/../lib/gcc/arm-none-eabi/7.3.1/../../../../arm-none-eabi/lib/thumb/v7-m/libc_nano.a(lib_a-errno.o)
 .debug_frame   0x0000000000000b74       0x2c /Applications/STM32CubeIDE.app/Contents/Eclipse/plugins/com.st.stm32cube.ide.mcu.externaltools.gnu-tools-for-stm32.7-2018-q2-update.macos64_1.5.0.202011040924/tools/bin/../lib/gcc/arm-none-eabi/7.3.1/../../../../arm-none-eabi/lib/thumb/v7-m/libc_nano.a(lib_a-init.o)
 .debug_frame   0x0000000000000ba0       0x30 /Applications/STM32CubeIDE.app/Contents/Eclipse/plugins/com.st.stm32cube.ide.mcu.externaltools.gnu-tools-for-stm32.7-2018-q2-update.macos64_1.5.0.202011040924/tools/bin/../lib/gcc/arm-none-eabi/7.3.1/../../../../arm-none-eabi/lib/thumb/v7-m/libc_nano.a(lib_a-malloc.o)
 .debug_frame   0x0000000000000bd0       0x20 /Applications/STM32CubeIDE.app/Contents/Eclipse/plugins/com.st.stm32cube.ide.mcu.externaltools.gnu-tools-for-stm32.7-2018-q2-update.macos64_1.5.0.202011040924/tools/bin/../lib/gcc/arm-none-eabi/7.3.1/../../../../arm-none-eabi/lib/thumb/v7-m/libc_nano.a(lib_a-memset.o)
 .debug_frame   0x0000000000000bf0       0x2c /Applications/STM32CubeIDE.app/Contents/Eclipse/plugins/com.st.stm32cube.ide.mcu.externaltools.gnu-tools-for-stm32.7-2018-q2-update.macos64_1.5.0.202011040924/tools/bin/../lib/gcc/arm-none-eabi/7.3.1/../../../../arm-none-eabi/lib/thumb/v7-m/libc_nano.a(lib_a-nano-mallocr.o)
 .debug_frame   0x0000000000000c1c       0x2c /Applications/STM32CubeIDE.app/Contents/Eclipse/plugins/com.st.stm32cube.ide.mcu.externaltools.gnu-tools-for-stm32.7-2018-q2-update.macos64_1.5.0.202011040924/tools/bin/../lib/gcc/arm-none-eabi/7.3.1/../../../../arm-none-eabi/lib/thumb/v7-m/libc_nano.a(lib_a-sbrkr.o)
 .debug_frame   0x0000000000000c48       0x2c /Applications/STM32CubeIDE.app/Contents/Eclipse/plugins/com.st.stm32cube.ide.mcu.externaltools.gnu-tools-for-stm32.7-2018-q2-update.macos64_1.5.0.202011040924/tools/bin/../lib/gcc/arm-none-eabi/7.3.1/../../../../arm-none-eabi/lib/thumb/v7-m/libc_nano.a(lib_a-sf_modf.o)
 .debug_frame   0x0000000000000c74       0x20 /Applications/STM32CubeIDE.app/Contents/Eclipse/plugins/com.st.stm32cube.ide.mcu.externaltools.gnu-tools-for-stm32.7-2018-q2-update.macos64_1.5.0.202011040924/tools/bin/../lib/gcc/arm-none-eabi/7.3.1/../../../../arm-none-eabi/lib/thumb/v7-m/libc_nano.a(lib_a-strchr.o)
 .debug_frame   0x0000000000000c94       0x28 /Applications/STM32CubeIDE.app/Contents/Eclipse/plugins/com.st.stm32cube.ide.mcu.externaltools.gnu-tools-for-stm32.7-2018-q2-update.macos64_1.5.0.202011040924/tools/bin/../lib/gcc/arm-none-eabi/7.3.1/../../../../arm-none-eabi/lib/thumb/v7-m/libc_nano.a(lib_a-strncmp.o)
 .debug_frame   0x0000000000000cbc       0x2c /Applications/STM32CubeIDE.app/Contents/Eclipse/plugins/com.st.stm32cube.ide.mcu.externaltools.gnu-tools-for-stm32.7-2018-q2-update.macos64_1.5.0.202011040924/tools/bin/../lib/gcc/arm-none-eabi/7.3.1/../../../../arm-none-eabi/lib/thumb/v7-m/libc_nano.a(lib_a-strncpy.o)
 .debug_frame   0x0000000000000ce8       0x2c /Applications/STM32CubeIDE.app/Contents/Eclipse/plugins/com.st.stm32cube.ide.mcu.externaltools.gnu-tools-for-stm32.7-2018-q2-update.macos64_1.5.0.202011040924/tools/bin/../lib/gcc/arm-none-eabi/7.3.1/../../../../arm-none-eabi/lib/thumb/v7-m/libc_nano.a(lib_a-strpbrk.o)
 .debug_frame   0x0000000000000d14       0x30 /Applications/STM32CubeIDE.app/Contents/Eclipse/plugins/com.st.stm32cube.ide.mcu.externaltools.gnu-tools-for-stm32.7-2018-q2-update.macos64_1.5.0.202011040924/tools/bin/../lib/gcc/arm-none-eabi/7.3.1/../../../../arm-none-eabi/lib/thumb/v7-m/libc_nano.a(lib_a-mlock.o)
 .debug_frame   0x0000000000000d44       0x5c /Applications/STM32CubeIDE.app/Contents/Eclipse/plugins/com.st.stm32cube.ide.mcu.externaltools.gnu-tools-for-stm32.7-2018-q2-update.macos64_1.5.0.202011040924/tools/bin/../lib/gcc/arm-none-eabi/7.3.1/../../../../arm-none-eabi/lib/thumb/v7-m/libc_nano.a(lib_a-reent.o)
 .debug_frame   0x0000000000000da0       0x38 /Applications/STM32CubeIDE.app/Contents/Eclipse/plugins/com.st.stm32cube.ide.mcu.externaltools.gnu-tools-for-stm32.7-2018-q2-update.macos64_1.5.0.202011040924/tools/bin/../lib/gcc/arm-none-eabi/7.3.1/../../../../arm-none-eabi/lib/thumb/v7-m/libm.a(lib_a-s_atan.o)
 .debug_frame   0x0000000000000dd8       0x34 /Applications/STM32CubeIDE.app/Contents/Eclipse/plugins/com.st.stm32cube.ide.mcu.externaltools.gnu-tools-for-stm32.7-2018-q2-update.macos64_1.5.0.202011040924/tools/bin/../lib/gcc/arm-none-eabi/7.3.1/../../../../arm-none-eabi/lib/thumb/v7-m/libm.a(lib_a-s_cos.o)
 .debug_frame   0x0000000000000e0c       0x20 /Applications/STM32CubeIDE.app/Contents/Eclipse/plugins/com.st.stm32cube.ide.mcu.externaltools.gnu-tools-for-stm32.7-2018-q2-update.macos64_1.5.0.202011040924/tools/bin/../lib/gcc/arm-none-eabi/7.3.1/../../../../arm-none-eabi/lib/thumb/v7-m/libm.a(lib_a-s_fabs.o)
 .debug_frame   0x0000000000000e2c       0x34 /Applications/STM32CubeIDE.app/Contents/Eclipse/plugins/com.st.stm32cube.ide.mcu.externaltools.gnu-tools-for-stm32.7-2018-q2-update.macos64_1.5.0.202011040924/tools/bin/../lib/gcc/arm-none-eabi/7.3.1/../../../../arm-none-eabi/lib/thumb/v7-m/libm.a(lib_a-s_floor.o)
 .debug_frame   0x0000000000000e60       0x34 /Applications/STM32CubeIDE.app/Contents/Eclipse/plugins/com.st.stm32cube.ide.mcu.externaltools.gnu-tools-for-stm32.7-2018-q2-update.macos64_1.5.0.202011040924/tools/bin/../lib/gcc/arm-none-eabi/7.3.1/../../../../arm-none-eabi/lib/thumb/v7-m/libm.a(lib_a-s_sin.o)
 .debug_frame   0x0000000000000e94       0x38 /Applications/STM32CubeIDE.app/Contents/Eclipse/plugins/com.st.stm32cube.ide.mcu.externaltools.gnu-tools-for-stm32.7-2018-q2-update.macos64_1.5.0.202011040924/tools/bin/../lib/gcc/arm-none-eabi/7.3.1/../../../../arm-none-eabi/lib/thumb/v7-m/libm.a(lib_a-w_asin.o)
 .debug_frame   0x0000000000000ecc       0x40 /Applications/STM32CubeIDE.app/Contents/Eclipse/plugins/com.st.stm32cube.ide.mcu.externaltools.gnu-tools-for-stm32.7-2018-q2-update.macos64_1.5.0.202011040924/tools/bin/../lib/gcc/arm-none-eabi/7.3.1/../../../../arm-none-eabi/lib/thumb/v7-m/libm.a(lib_a-w_pow.o)
 .debug_frame   0x0000000000000f0c       0x40 /Applications/STM32CubeIDE.app/Contents/Eclipse/plugins/com.st.stm32cube.ide.mcu.externaltools.gnu-tools-for-stm32.7-2018-q2-update.macos64_1.5.0.202011040924/tools/bin/../lib/gcc/arm-none-eabi/7.3.1/../../../../arm-none-eabi/lib/thumb/v7-m/libm.a(lib_a-w_sqrt.o)
 .debug_frame   0x0000000000000f4c       0x40 /Applications/STM32CubeIDE.app/Contents/Eclipse/plugins/com.st.stm32cube.ide.mcu.externaltools.gnu-tools-for-stm32.7-2018-q2-update.macos64_1.5.0.202011040924/tools/bin/../lib/gcc/arm-none-eabi/7.3.1/../../../../arm-none-eabi/lib/thumb/v7-m/libm.a(lib_a-e_asin.o)
 .debug_frame   0x0000000000000f8c       0x64 /Applications/STM32CubeIDE.app/Contents/Eclipse/plugins/com.st.stm32cube.ide.mcu.externaltools.gnu-tools-for-stm32.7-2018-q2-update.macos64_1.5.0.202011040924/tools/bin/../lib/gcc/arm-none-eabi/7.3.1/../../../../arm-none-eabi/lib/thumb/v7-m/libm.a(lib_a-e_pow.o)
 .debug_frame   0x0000000000000ff0       0x40 /Applications/STM32CubeIDE.app/Contents/Eclipse/plugins/com.st.stm32cube.ide.mcu.externaltools.gnu-tools-for-stm32.7-2018-q2-update.macos64_1.5.0.202011040924/tools/bin/../lib/gcc/arm-none-eabi/7.3.1/../../../../arm-none-eabi/lib/thumb/v7-m/libm.a(lib_a-e_rem_pio2.o)
 .debug_frame   0x0000000000001030       0x30 /Applications/STM32CubeIDE.app/Contents/Eclipse/plugins/com.st.stm32cube.ide.mcu.externaltools.gnu-tools-for-stm32.7-2018-q2-update.macos64_1.5.0.202011040924/tools/bin/../lib/gcc/arm-none-eabi/7.3.1/../../../../arm-none-eabi/lib/thumb/v7-m/libm.a(lib_a-e_sqrt.o)
 .debug_frame   0x0000000000001060       0x3c /Applications/STM32CubeIDE.app/Contents/Eclipse/plugins/com.st.stm32cube.ide.mcu.externaltools.gnu-tools-for-stm32.7-2018-q2-update.macos64_1.5.0.202011040924/tools/bin/../lib/gcc/arm-none-eabi/7.3.1/../../../../arm-none-eabi/lib/thumb/v7-m/libm.a(lib_a-k_cos.o)
 .debug_frame   0x000000000000109c       0x44 /Applications/STM32CubeIDE.app/Contents/Eclipse/plugins/com.st.stm32cube.ide.mcu.externaltools.gnu-tools-for-stm32.7-2018-q2-update.macos64_1.5.0.202011040924/tools/bin/../lib/gcc/arm-none-eabi/7.3.1/../../../../arm-none-eabi/lib/thumb/v7-m/libm.a(lib_a-k_rem_pio2.o)
 .debug_frame   0x00000000000010e0       0x40 /Applications/STM32CubeIDE.app/Contents/Eclipse/plugins/com.st.stm32cube.ide.mcu.externaltools.gnu-tools-for-stm32.7-2018-q2-update.macos64_1.5.0.202011040924/tools/bin/../lib/gcc/arm-none-eabi/7.3.1/../../../../arm-none-eabi/lib/thumb/v7-m/libm.a(lib_a-k_sin.o)
 .debug_frame   0x0000000000001120       0x20 /Applications/STM32CubeIDE.app/Contents/Eclipse/plugins/com.st.stm32cube.ide.mcu.externaltools.gnu-tools-for-stm32.7-2018-q2-update.macos64_1.5.0.202011040924/tools/bin/../lib/gcc/arm-none-eabi/7.3.1/../../../../arm-none-eabi/lib/thumb/v7-m/libm.a(lib_a-s_finite.o)
 .debug_frame   0x0000000000001140       0x20 /Applications/STM32CubeIDE.app/Contents/Eclipse/plugins/com.st.stm32cube.ide.mcu.externaltools.gnu-tools-for-stm32.7-2018-q2-update.macos64_1.5.0.202011040924/tools/bin/../lib/gcc/arm-none-eabi/7.3.1/../../../../arm-none-eabi/lib/thumb/v7-m/libm.a(lib_a-s_matherr.o)
 .debug_frame   0x0000000000001160       0x20 /Applications/STM32CubeIDE.app/Contents/Eclipse/plugins/com.st.stm32cube.ide.mcu.externaltools.gnu-tools-for-stm32.7-2018-q2-update.macos64_1.5.0.202011040924/tools/bin/../lib/gcc/arm-none-eabi/7.3.1/../../../../arm-none-eabi/lib/thumb/v7-m/libm.a(lib_a-s_nan.o)
 .debug_frame   0x0000000000001180       0x34 /Applications/STM32CubeIDE.app/Contents/Eclipse/plugins/com.st.stm32cube.ide.mcu.externaltools.gnu-tools-for-stm32.7-2018-q2-update.macos64_1.5.0.202011040924/tools/bin/../lib/gcc/arm-none-eabi/7.3.1/../../../../arm-none-eabi/lib/thumb/v7-m/libm.a(lib_a-s_rint.o)
 .debug_frame   0x00000000000011b4       0x30 /Applications/STM32CubeIDE.app/Contents/Eclipse/plugins/com.st.stm32cube.ide.mcu.externaltools.gnu-tools-for-stm32.7-2018-q2-update.macos64_1.5.0.202011040924/tools/bin/../lib/gcc/arm-none-eabi/7.3.1/../../../../arm-none-eabi/lib/thumb/v7-m/libm.a(lib_a-s_scalbn.o)
 .debug_frame   0x00000000000011e4       0x2c /Applications/STM32CubeIDE.app/Contents/Eclipse/plugins/com.st.stm32cube.ide.mcu.externaltools.gnu-tools-for-stm32.7-2018-q2-update.macos64_1.5.0.202011040924/tools/bin/../lib/gcc/arm-none-eabi/7.3.1/../../../../arm-none-eabi/lib/thumb/v7-m/libm.a(lib_a-s_copysign.o)