00:22:35 **** Incremental Build of configuration Debug for project FFFFRRR ****
make -j7 all 
arm-none-eabi-gcc "../Core/Src/main.c" -mcpu=cortex-m3 -std=gnu11 -g3 -DUSE_HAL_DRIVER -DSTM32F100xB -DDEBUG -c -I../Core/Inc -I../Drivers/STM32F1xx_HAL_Driver/Inc -I../Drivers/STM32F1xx_HAL_Driver/Inc/Legacy -I../Drivers/CMSIS/Device/ST/STM32F1xx/Include -I../Drivers/CMSIS/Include -I../Middlewares/Third_Party/FreeRTOS/Source/include -I../Middlewares/Third_Party/FreeRTOS/Source/portable/GCC/ARM_CM3 -I../Middlewares/Third_Party/FreeRTOS/Source/CMSIS_RTOS -O0 -ffunction-sections -fdata-sections -Wall -fstack-usage -MMD -MP -MF"Core/Src/main.d" -MT"Core/Src/main.o" --specs=nano.specs -mfloat-abi=soft -mthumb -o "Core/Src/main.o"
../Core/Src/main.c: In function 'main':
../Core/Src/main.c:156:4: warning: pointer targets in passing argument 2 of 'HAL_UART_Transmit' differ in signedness [-Wpointer-sign]
    "$PMTK314,0,1,0,0,0,0,0,0,0,0,0,0,0,0,0,0,0,0,0*29\r\n", 51, 100);
    ^~~~~~~~~~~~~~~~~~~~~~~~~~~~~~~~~~~~~~~~~~~~~~~~~~~~~~~
In file included from ../Core/Inc/stm32f1xx_hal_conf.h:337:0,
                 from ../Drivers/STM32F1xx_HAL_Driver/Inc/stm32f1xx_hal.h:30,
                 from ../Core/Inc/main.h:31,
                 from ../Core/Src/main.c:21:
../Drivers/STM32F1xx_HAL_Driver/Inc/stm32f1xx_hal_uart.h:700:19: note: expected 'uint8_t * {aka unsigned char *}' but argument is of type 'char *'
 HAL_StatusTypeDef HAL_UART_Transmit(UART_HandleTypeDef *huart, uint8_t *pData, uint16_t Size, uint32_t Timeout);
                   ^~~~~~~~~~~~~~~~~
../Core/Src/main.c:164:29: warning: pointer targets in passing argument 2 of 'HAL_UART_Transmit' differ in signedness [-Wpointer-sign]
  HAL_UART_Transmit(&huart1, "$PMTK102*31\r\n", 13, 30);
                             ^~~~~~~~~~~~~~~~~
In file included from ../Core/Inc/stm32f1xx_hal_conf.h:337:0,
                 from ../Drivers/STM32F1xx_HAL_Driver/Inc/stm32f1xx_hal.h:30,
                 from ../Core/Inc/main.h:31,
                 from ../Core/Src/main.c:21:
../Drivers/STM32F1xx_HAL_Driver/Inc/stm32f1xx_hal_uart.h:700:19: note: expected 'uint8_t * {aka unsigned char *}' but argument is of type 'char *'
 HAL_StatusTypeDef HAL_UART_Transmit(UART_HandleTypeDef *huart, uint8_t *pData, uint16_t Size, uint32_t Timeout);
                   ^~~~~~~~~~~~~~~~~
../Core/Src/main.c: In function 'StartUART_DMAParser':
../Core/Src/main.c:513:20: warning: pointer targets in passing argument 1 of 'strncmp' differ in signedness [-Wpointer-sign]
        if (strncmp(buffer_msg, "$GPRMC", 6) == 0) {
                    ^~~~~~~~~~
In file included from ../Core/Inc/main.h:38:0,
                 from ../Core/Src/main.c:21:
/Applications/STM32CubeIDE.app/Contents/Eclipse/plugins/com.st.stm32cube.ide.mcu.externaltools.gnu-tools-for-stm32.7-2018-q2-update.macos64_1.5.0.202011040924/tools/arm-none-eabi/include/string.h:43:6: note: expected 'const char *' but argument is of type 'uint8_t * {aka unsigned char *}'
 int  strncmp (const char *, const char *, size_t);
      ^~~~~~~
../Core/Src/main.c:518:17: warning: pointer targets in passing argument 1 of 'strlen' differ in signedness [-Wpointer-sign]
          strlen(buffer_msg));
                 ^~~~~~~~~~
In file included from ../Core/Inc/main.h:38:0,
                 from ../Core/Src/main.c:21:
/Applications/STM32CubeIDE.app/Contents/Eclipse/plugins/com.st.stm32cube.ide.mcu.externaltools.gnu-tools-for-stm32.7-2018-q2-update.macos64_1.5.0.202011040924/tools/arm-none-eabi/include/string.h:41:9: note: expected 'const char *' but argument is of type 'uint8_t * {aka unsigned char *}'
 size_t  strlen (const char *);
         ^~~~~~
../Core/Src/main.c:517:16: warning: pointer targets in passing argument 1 of 'strncpy' differ in signedness [-Wpointer-sign]
        strncpy(msg_list[cur_msg], buffer_msg,
                ^~~~~~~~
In file included from ../Core/Inc/main.h:38:0,
                 from ../Core/Src/main.c:21:
/Applications/STM32CubeIDE.app/Contents/Eclipse/plugins/com.st.stm32cube.ide.mcu.externaltools.gnu-tools-for-stm32.7-2018-q2-update.macos64_1.5.0.202011040924/tools/arm-none-eabi/include/string.h:44:8: note: expected 'char * restrict' but argument is of type 'uint8_t * {aka unsigned char *}'
 char  *strncpy (char *__restrict, const char *__restrict, size_t);
        ^~~~~~~
../Core/Src/main.c:517:35: warning: pointer targets in passing argument 2 of 'strncpy' differ in signedness [-Wpointer-sign]
        strncpy(msg_list[cur_msg], buffer_msg,
                                   ^~~~~~~~~~
In file included from ../Core/Inc/main.h:38:0,
                 from ../Core/Src/main.c:21:
/Applications/STM32CubeIDE.app/Contents/Eclipse/plugins/com.st.stm32cube.ide.mcu.externaltools.gnu-tools-for-stm32.7-2018-q2-update.macos64_1.5.0.202011040924/tools/arm-none-eabi/include/string.h:44:8: note: expected 'const char * restrict' but argument is of type 'uint8_t * {aka unsigned char *}'
 char  *strncpy (char *__restrict, const char *__restrict, size_t);
        ^~~~~~~
../Core/Src/main.c:544:20: warning: pointer targets in passing argument 1 of 'strncmp' differ in signedness [-Wpointer-sign]
        if (strncmp(buffer_msg, "$GPRMC", 6) == 0) {
                    ^~~~~~~~~~
In file included from ../Core/Inc/main.h:38:0,
                 from ../Core/Src/main.c:21:
/Applications/STM32CubeIDE.app/Contents/Eclipse/plugins/com.st.stm32cube.ide.mcu.externaltools.gnu-tools-for-stm32.7-2018-q2-update.macos64_1.5.0.202011040924/tools/arm-none-eabi/include/string.h:43:6: note: expected 'const char *' but argument is of type 'uint8_t * {aka unsigned char *}'
 int  strncmp (const char *, const char *, size_t);
      ^~~~~~~
../Core/Src/main.c:549:17: warning: pointer targets in passing argument 1 of 'strlen' differ in signedness [-Wpointer-sign]
          strlen(buffer_msg));
                 ^~~~~~~~~~
In file included from ../Core/Inc/main.h:38:0,
                 from ../Core/Src/main.c:21:
/Applications/STM32CubeIDE.app/Contents/Eclipse/plugins/com.st.stm32cube.ide.mcu.externaltools.gnu-tools-for-stm32.7-2018-q2-update.macos64_1.5.0.202011040924/tools/arm-none-eabi/include/string.h:41:9: note: expected 'const char *' but argument is of type 'uint8_t * {aka unsigned char *}'
 size_t  strlen (const char *);
         ^~~~~~
../Core/Src/main.c:548:16: warning: pointer targets in passing argument 1 of 'strncpy' differ in signedness [-Wpointer-sign]
        strncpy(msg_list[cur_msg], buffer_msg,
                ^~~~~~~~
In file included from ../Core/Inc/main.h:38:0,
                 from ../Core/Src/main.c:21:
/Applications/STM32CubeIDE.app/Contents/Eclipse/plugins/com.st.stm32cube.ide.mcu.externaltools.gnu-tools-for-stm32.7-2018-q2-update.macos64_1.5.0.202011040924/tools/arm-none-eabi/include/string.h:44:8: note: expected 'char * restrict' but argument is of type 'uint8_t * {aka unsigned char *}'
 char  *strncpy (char *__restrict, const char *__restrict, size_t);
        ^~~~~~~
../Core/Src/main.c:548:35: warning: pointer targets in passing argument 2 of 'strncpy' differ in signedness [-Wpointer-sign]
        strncpy(msg_list[cur_msg], buffer_msg,
                                   ^~~~~~~~~~
In file included from ../Core/Inc/main.h:38:0,
                 from ../Core/Src/main.c:21:
/Applications/STM32CubeIDE.app/Contents/Eclipse/plugins/com.st.stm32cube.ide.mcu.externaltools.gnu-tools-for-stm32.7-2018-q2-update.macos64_1.5.0.202011040924/tools/arm-none-eabi/include/string.h:44:8: note: expected 'const char * restrict' but argument is of type 'uint8_t * {aka unsigned char *}'
 char  *strncpy (char *__restrict, const char *__restrict, size_t);
        ^~~~~~~
../Core/Src/main.c:573:20: warning: pointer targets in passing argument 1 of 'strncmp' differ in signedness [-Wpointer-sign]
        if (strncmp(buffer_msg, "$GPRMC", 6) == 0) {
                    ^~~~~~~~~~
In file included from ../Core/Inc/main.h:38:0,
                 from ../Core/Src/main.c:21:
/Applications/STM32CubeIDE.app/Contents/Eclipse/plugins/com.st.stm32cube.ide.mcu.externaltools.gnu-tools-for-stm32.7-2018-q2-update.macos64_1.5.0.202011040924/tools/arm-none-eabi/include/string.h:43:6: note: expected 'const char *' but argument is of type 'uint8_t * {aka unsigned char *}'
 int  strncmp (const char *, const char *, size_t);
      ^~~~~~~
../Core/Src/main.c:578:17: warning: pointer targets in passing argument 1 of 'strlen' differ in signedness [-Wpointer-sign]
          strlen(buffer_msg));
                 ^~~~~~~~~~
In file included from ../Core/Inc/main.h:38:0,
                 from ../Core/Src/main.c:21:
/Applications/STM32CubeIDE.app/Contents/Eclipse/plugins/com.st.stm32cube.ide.mcu.externaltools.gnu-tools-for-stm32.7-2018-q2-update.macos64_1.5.0.202011040924/tools/arm-none-eabi/include/string.h:41:9: note: expected 'const char *' but argument is of type 'uint8_t * {aka unsigned char *}'
 size_t  strlen (const char *);
         ^~~~~~
../Core/Src/main.c:577:16: warning: pointer targets in passing argument 1 of 'strncpy' differ in signedness [-Wpointer-sign]
        strncpy(msg_list[cur_msg], buffer_msg,
                ^~~~~~~~
In file included from ../Core/Inc/main.h:38:0,
                 from ../Core/Src/main.c:21:
/Applications/STM32CubeIDE.app/Contents/Eclipse/plugins/com.st.stm32cube.ide.mcu.externaltools.gnu-tools-for-stm32.7-2018-q2-update.macos64_1.5.0.202011040924/tools/arm-none-eabi/include/string.h:44:8: note: expected 'char * restrict' but argument is of type 'uint8_t * {aka unsigned char *}'
 char  *strncpy (char *__restrict, const char *__restrict, size_t);
        ^~~~~~~
../Core/Src/main.c:577:35: warning: pointer targets in passing argument 2 of 'strncpy' differ in signedness [-Wpointer-sign]
        strncpy(msg_list[cur_msg], buffer_msg,
                                   ^~~~~~~~~~
In file included from ../Core/Inc/main.h:38:0,
                 from ../Core/Src/main.c:21:
/Applications/STM32CubeIDE.app/Contents/Eclipse/plugins/com.st.stm32cube.ide.mcu.externaltools.gnu-tools-for-stm32.7-2018-q2-update.macos64_1.5.0.202011040924/tools/arm-none-eabi/include/string.h:44:8: note: expected 'const char * restrict' but argument is of type 'uint8_t * {aka unsigned char *}'
 char  *strncpy (char *__restrict, const char *__restrict, size_t);
        ^~~~~~~
../Core/Src/main.c: In function 'StartNMEAParser':
../Core/Src/main.c:610:34: warning: pointer targets in passing argument 1 of 'strlen' differ in signedness [-Wpointer-sign]
   for (uint8_t i = 0; i < strlen(msg_list[0]); i++) {
                                  ^~~~~~~~
In file included from ../Core/Inc/main.h:38:0,
                 from ../Core/Src/main.c:21:
/Applications/STM32CubeIDE.app/Contents/Eclipse/plugins/com.st.stm32cube.ide.mcu.externaltools.gnu-tools-for-stm32.7-2018-q2-update.macos64_1.5.0.202011040924/tools/arm-none-eabi/include/string.h:41:9: note: expected 'const char *' but argument is of type 'uint8_t * {aka unsigned char *}'
 size_t  strlen (const char *);
         ^~~~~~
arm-none-eabi-gcc -o "FFFFRRR.elf" @"objects.list"   -mcpu=cortex-m3 -T"/Users/andreykorchagin/Desktop/gps/FFFFRRR/STM32F100RBTX_FLASH.ld" --specs=nosys.specs -Wl,-Map="FFFFRRR.map" -Wl,--gc-sections -static --specs=nano.specs -mfloat-abi=soft -mthumb -Wl,--start-group -lc -lm -Wl,--end-group
Finished building target: FFFFRRR.elf
 
arm-none-eabi-objdump -h -S  FFFFRRR.elf  > "FFFFRRR.list"
arm-none-eabi-objcopy  -O binary  FFFFRRR.elf  "FFFFRRR.bin"
arm-none-eabi-size   FFFFRRR.elf 
   text	   data	    bss	    dec	    hex	filename
  18892	     32	   6192	  25116	   621c	FFFFRRR.elf
Finished building: default.size.stdout
 
Finished building: FFFFRRR.bin
 
Finished building: FFFFRRR.list
 

00:22:36 Build Finished. 0 errors, 15 warnings. (took 559ms)

